T2D1C 1642:726.813   SEGGER J-Link V7.52a Log File
T2D1C 1642:726.904   DLL Compiled: Jul 28 2021 11:08:12
T2D1C 1642:726.925   Logging started @ 2025-09-17 13:18
T2D1C 1642:726.943 - 2468.522ms
T2D1C 1642:731.913 JLINK_ExecCommand("Device = AT91SAM3X8E", ...). 
T2D1C 1642:732.242   Device "ATSAM3X8E" selected.
T2D1C 1642:732.621 - 0.677ms returns 0x00
T2D1C 1642:769.222 JLINK_TIF_Select(JLINKARM_TIF_JTAG)
T2D1C 1642:770.391 - 1.199ms returns 0x00
T2D1C 1642:770.439 JLINK_ConfigJTAG(IRPre = 0, DRPre = 0)
T2D1C 1642:770.493 - 0.066ms
T2D1C 1642:770.518 JLINK_SetSpeed(0)
T2D1C 1642:772.487   TotalIRLen = 4, IRPrint = 0x01
T2D1C 1642:773.562   JTAG chain detection found 1 devices:
T2D1C 1642:773.648    #0 Id: 0x4BA00477, IRLen: 04, CoreSight JTAG-DP
T2D1C 1642:778.753   Old FW that does not support reading DPIDR via DAP jobs
T2D1C 1642:782.835   DPv0 detected
T2D1C 1642:782.869   Scanning AP map to find all available APs
T2D1C 1642:785.825   AP[1]: Stopped AP scan as end of AP map has been reached
T2D1C 1642:785.856   AP[0]: AHB-AP (IDR: 0x24770011)
T2D1C 1642:785.879   Iterating through AP map to find AHB-AP to use
T2D1C 1642:790.648   AP[0]: Core found
T2D1C 1642:790.686   AP[0]: AHB-AP ROM base: 0xE00FF000
T2D1C 1642:793.031   CPUID register: 0x412FC230. Implementer code: 0x41 (ARM)
T2D1C 1642:793.057   Found Cortex-M3 r2p0, Little endian.
T2D1C 1642:793.384   -- Max. mem block: 0x000023B8
T2D1C 1642:793.490   CPU_ReadMem(4 bytes @ 0xE000EDF0)
T2D1C 1642:797.466   CPU_WriteMem(4 bytes @ 0xE000EDF0)
T2D1C 1642:798.123   CPU_ReadMem(4 bytes @ 0xE0002000)
T2D1C 1642:799.010   FPUnit: 6 code (BP) slots and 2 literal slots
T2D1C 1642:799.030   CPU_ReadMem(4 bytes @ 0xE000EDFC)
T2D1C 1642:799.843   CPU_WriteMem(4 bytes @ 0xE000EDFC)
T2D1C 1642:800.520   CPU_ReadMem(4 bytes @ 0xE0001000)
T2D1C 1642:801.377   CPU_WriteMem(4 bytes @ 0xE0001000)
T2D1C 1642:802.048   CPU_ReadMem(4 bytes @ 0xE000ED88)
T2D1C 1642:802.870   CPU_WriteMem(4 bytes @ 0xE000ED88)
T2D1C 1642:803.504   CPU_ReadMem(4 bytes @ 0xE000ED88)
T2D1C 1642:804.317   CPU_WriteMem(4 bytes @ 0xE000ED88)
T2D1C 1642:805.098   CoreSight components:
T2D1C 1642:805.127   ROMTbl[0] @ E00FF000
T2D1C 1642:805.143   CPU_ReadMem(64 bytes @ 0xE00FF000)
T2D1C 1642:807.026   CPU_ReadMem(32 bytes @ 0xE000EFE0)
T2D1C 1642:808.349   ROMTbl[0][0]: E000E000, CID: B105E00D, PID: 002BB000 SCS
T2D1C 1642:808.367   CPU_ReadMem(32 bytes @ 0xE0001FE0)
T2D1C 1642:809.919   ROMTbl[0][1]: E0001000, CID: B105E00D, PID: 002BB002 DWT
T2D1C 1642:809.935   CPU_ReadMem(32 bytes @ 0xE0002FE0)
T2D1C 1642:811.434   ROMTbl[0][2]: E0002000, CID: B105E00D, PID: 002BB003 FPB
T2D1C 1642:811.465   CPU_ReadMem(32 bytes @ 0xE0000FE0)
T2D1C 1642:813.261   ROMTbl[0][3]: E0000000, CID: B105E00D, PID: 002BB001 ITM
T2D1C 1642:813.301   CPU_ReadMem(32 bytes @ 0xE0040FE0)
T2D1C 1642:814.724   ROMTbl[0][4]: E0040000, CID: B105900D, PID: 002BB923 TPIU-Lite
T2D1C 1642:815.192 - 44.683ms
T2D1C 1642:815.217 JLINK_ResetPullsRESET(OFF)
T2D1C 1642:815.225 - 0.011ms
T2D1C 1642:815.313 JLINK_Connect()
T2D1C 1642:816.777   TotalIRLen = 4, IRPrint = 0x01
T2D1C 1642:817.441   JTAG chain detection found 1 devices:
T2D1C 1642:817.473    #0 Id: 0x4BA00477, IRLen: 04, CoreSight JTAG-DP
T2D1C 1642:822.260   Old FW that does not support reading DPIDR via DAP jobs
T2D1C 1642:825.493   DPv0 detected
T2D1C 1642:825.519   AP map detection skipped. Manually configured AP map found.
T2D1C 1642:825.539   AP[0]: AHB-AP (IDR: Not set)
T2D1C 1642:830.435   AP[0]: Core found
T2D1C 1642:830.468   AP[0]: AHB-AP ROM base: 0xE00FF000
T2D1C 1642:832.953   CPUID register: 0x412FC230. Implementer code: 0x41 (ARM)
T2D1C 1642:832.982   Found Cortex-M3 r2p0, Little endian.
T2D1C 1642:833.157   -- Max. mem block: 0x00001F48
T2D1C 1642:833.178   CPU_ReadMem(4 bytes @ 0xE000EDF0)
T2D1C 1642:833.614   CPU_ReadMem(4 bytes @ 0xE0002000)
T2D1C 1642:834.045   FPUnit: 6 code (BP) slots and 2 literal slots
T2D1C 1642:834.061   CPU_ReadMem(4 bytes @ 0xE000EDFC)
T2D1C 1642:834.485   CPU_ReadMem(4 bytes @ 0xE0001000)
T2D1C 1642:834.950   CPU_WriteMem(4 bytes @ 0xE0001000)
T2D1C 1642:835.427   CPU_ReadMem(4 bytes @ 0xE000ED88)
T2D1C 1642:835.849   CPU_WriteMem(4 bytes @ 0xE000ED88)
T2D1C 1642:836.198   CPU_ReadMem(4 bytes @ 0xE000ED88)
T2D1C 1642:836.731   CPU_WriteMem(4 bytes @ 0xE000ED88)
T2D1C 1642:837.100   CoreSight components:
T2D1C 1642:837.124   ROMTbl[0] @ E00FF000
T2D1C 1642:837.137   CPU_ReadMem(64 bytes @ 0xE00FF000)
T2D1C 1642:837.918   CPU_ReadMem(32 bytes @ 0xE000EFE0)
T2D1C 1642:838.597   ROMTbl[0][0]: E000E000, CID: B105E00D, PID: 002BB000 SCS
T2D1C 1642:838.616   CPU_ReadMem(32 bytes @ 0xE0001FE0)
T2D1C 1642:839.296   ROMTbl[0][1]: E0001000, CID: B105E00D, PID: 002BB002 DWT
T2D1C 1642:839.314   CPU_ReadMem(32 bytes @ 0xE0002FE0)
T2D1C 1642:839.985   ROMTbl[0][2]: E0002000, CID: B105E00D, PID: 002BB003 FPB
T2D1C 1642:840.003   CPU_ReadMem(32 bytes @ 0xE0000FE0)
T2D1C 1642:840.700   ROMTbl[0][3]: E0000000, CID: B105E00D, PID: 002BB001 ITM
T2D1C 1642:840.720   CPU_ReadMem(32 bytes @ 0xE0040FE0)
T2D1C 1642:841.376   ROMTbl[0][4]: E0040000, CID: B105900D, PID: 002BB923 TPIU-Lite
T2D1C 1642:841.397 - 26.089ms returns 0x00
T2D1C 1642:841.466 JLINK_Halt()
T2D1C 1642:844.975 - 3.519ms returns 0x00
T2D1C 1642:845.142 JLINK_BeginDownload(Flags = 0x00000000)
T2D1C 1642:845.153 - 0.014ms
T2D1C 1642:845.177 JLINK_WriteMem(0x400E0A04, 0x4 Bytes, ...)
T2D1C 1642:845.185   Data:  0B 01 00 5A
T2D1C 1642:845.573   CPU_WriteMem(4 bytes @ 0x400E0A04)
T2D1C 1642:846.109 - 0.941ms returns 0x4
T2D1C 1642:846.153 JLINK_EndDownload()
T2D1C 1642:846.165 - 0.015ms returns 0 (0x0)
T2D1C 1642:846.175 JLINK_ReadMemHW(0x400E0A08, 0x0004 Bytes, ...)
T2D1C 1642:846.186   CPU_ReadMem(4 bytes @ 0x400E0A08)
T2D1C 1642:846.701   Data:  01 00 00 00
T2D1C 1642:846.718 - 0.547ms returns 0
T2D1C 1642:846.752 JLINK_BeginDownload(Flags = 0x00000000)
T2D1C 1642:846.761 - 0.012ms
T2D1C 1642:846.783 JLINK_WriteMem(0x400E0A04, 0x4 Bytes, ...)
T2D1C 1642:846.791   Data:  0C 02 00 5A
T2D1C 1642:846.808   CPU_WriteMem(4 bytes @ 0x400E0A04)
T2D1C 1642:847.301 - 0.528ms returns 0x4
T2D1C 1642:847.343 JLINK_EndDownload()
T2D1C 1642:847.354 - 0.015ms returns 0 (0x0)
T2D1C 1642:847.364 JLINK_ReadMemHW(0x400E0A08, 0x0004 Bytes, ...)
T2D1C 1642:847.375   CPU_ReadMem(4 bytes @ 0x400E0A08)
T2D1C 1642:847.973   Data:  01 00 00 00
T2D1C 1642:847.990 - 0.629ms returns 0
T2D1C 1642:848.027 JLINK_SetResetType(JLINKARM_CM3_RESET_TYPE_NORMAL)
T2D1C 1642:848.037 - 0.013ms returns JLINKARM_CM3_RESET_TYPE_NORMAL
T2D1C 1642:848.046 JLINK_Reset()
T2D1C 1642:848.515   CPU_ReadMem(16 bytes @ 0x20000000)
T2D1C 1642:849.312   CPU_WriteMem(16 bytes @ 0x20000000)
T2D1C 1642:849.917   CPU_ReadMem(4 bytes @ 0xE000EDFC)
T2D1C 1642:850.507   CPU_WriteMem(4 bytes @ 0xE000EDFC)
T2D1C 1642:851.021   CPU_ReadMem(4 bytes @ 0xE0001000)
T2D1C 1643:064.259   AT91SAM3 / AT91SAM4 reset: Core did not halt after reset. Halting core...
T2D1C 1643:067.726   CPU_WriteMem(4 bytes @ 0xE000ED0C)
T2D1C 1643:068.145   CPU_ReadMem(4 bytes @ 0xE000EDF0)
T2D1C 1643:068.656   CPU_ReadMem(4 bytes @ 0xE000EDF0)
T2D1C 1643:069.356   CPU_WriteMem(4 bytes @ 0xE000EDFC)
T2D1C 1643:070.025   CPU_WriteMem(16 bytes @ 0x20000000)
T2D1C 1643:075.089   CPU_WriteMem(4 bytes @ 0xE0002000)
T2D1C 1643:075.838   CPU_ReadMem(4 bytes @ 0xE000EDFC)
T2D1C 1643:076.617   CPU_ReadMem(4 bytes @ 0xE0001000)
T2D1C 1643:077.429 - 229.395ms
T2D1C 1643:078.875 JLINK_JTAG_GetDeviceID(DeviceIndex = 0)
T2D1C 1643:078.893 - 0.022ms returns 1268778103
T2D1C 1643:078.905 JLINK_ReadMemU32(0x400E0940, 0x1 Items)
T2D1C 1643:078.928   CPU_ReadMem(4 bytes @ 0x400E0940)
T2D1C 1643:079.474   Data:  00 00 00 00
T2D1C 1643:079.491 - 0.590ms returns 1 (0x1)
T2D1C 1643:079.527 JLINK_ReadMemU32(0x400E0944, 0x1 Items)
T2D1C 1643:079.541   CPU_ReadMem(4 bytes @ 0x400E0944)
T2D1C 1643:080.088   Data:  00 00 00 00
T2D1C 1643:080.104 - 0.581ms returns 1 (0x1)
T0C28 1643:087.856 JLINK_IsHalted()
T0C28 1643:087.891 - 0.056ms returns TRUE
T0C28 1643:087.902 JLINK_GetMOEs(...)
T0C28 1643:087.916   CPU_ReadMem(4 bytes @ 0xE000ED30)
T0C28 1643:088.547 - 0.667ms returns 0x01
T0C28 1643:088.585 JLINK_ReadReg(R15 (PC))
T0C28 1643:088.601 - 0.021ms returns 0x0040085C
T2D1C 1643:089.556 JLINK_ResetPullsRESET(ON)
T2D1C 1643:089.584 - 0.036ms
T2D1C 1643:089.603 JLINK_ResetNoHalt()
T2D1C 1643:091.545   TotalIRLen = 4, IRPrint = 0x01
T2D1C 1643:092.248   JTAG chain detection found 1 devices:
T2D1C 1643:092.279    #0 Id: 0x4BA00477, IRLen: 04, CoreSight JTAG-DP
T2D1C 1643:096.812   Old FW that does not support reading DPIDR via DAP jobs
T2D1C 1643:100.428   DPv0 detected
T2D1C 1643:100.455   AP map detection skipped. Manually configured AP map found.
T2D1C 1643:100.475   AP[0]: AHB-AP (IDR: Not set)
T2D1C 1643:105.028   AP[0]: Core found
T2D1C 1643:105.054   AP[0]: AHB-AP ROM base: 0xE00FF000
T2D1C 1643:107.589   CPUID register: 0x412FC230. Implementer code: 0x41 (ARM)
T2D1C 1643:107.619   Found Cortex-M3 r2p0, Little endian.
T2D1C 1643:107.886   -- Max. mem block: 0x00001F48
T2D1C 1643:107.908   CPU_ReadMem(4 bytes @ 0xE000EDF0)
T2D1C 1643:108.414   CPU_ReadMem(4 bytes @ 0xE0002000)
T2D1C 1643:108.940   FPUnit: 6 code (BP) slots and 2 literal slots
T2D1C 1643:108.956   CPU_ReadMem(4 bytes @ 0xE000EDFC)
T2D1C 1643:109.428   CPU_ReadMem(4 bytes @ 0xE0001000)
T2D1C 1643:109.948   CPU_ReadMem(4 bytes @ 0xE000ED88)
T2D1C 1643:110.405   CPU_WriteMem(4 bytes @ 0xE000ED88)
T2D1C 1643:110.802   CPU_ReadMem(4 bytes @ 0xE000ED88)
T2D1C 1643:111.326   CPU_WriteMem(4 bytes @ 0xE000ED88)
T2D1C 1643:111.724   CoreSight components:
T2D1C 1643:111.747   ROMTbl[0] @ E00FF000
T2D1C 1643:111.760   CPU_ReadMem(64 bytes @ 0xE00FF000)
T2D1C 1643:112.591   CPU_ReadMem(32 bytes @ 0xE000EFE0)
T2D1C 1643:113.489   ROMTbl[0][0]: E000E000, CID: B105E00D, PID: 002BB000 SCS
T2D1C 1643:113.507   CPU_WriteMem(4 bytes @ 0xE0001000)
T2D1C 1643:113.877   CPU_ReadMem(32 bytes @ 0xE0001FE0)
T2D1C 1643:114.752   ROMTbl[0][1]: E0001000, CID: B105E00D, PID: 002BB002 DWT
T2D1C 1643:114.769   CPU_ReadMem(32 bytes @ 0xE0002FE0)
T2D1C 1643:115.414   ROMTbl[0][2]: E0002000, CID: B105E00D, PID: 002BB003 FPB
T2D1C 1643:115.431   CPU_ReadMem(32 bytes @ 0xE0000FE0)
T2D1C 1643:116.071   ROMTbl[0][3]: E0000000, CID: B105E00D, PID: 002BB001 ITM
T2D1C 1643:116.087   CPU_ReadMem(32 bytes @ 0xE0040FE0)
T2D1C 1643:116.761   ROMTbl[0][4]: E0040000, CID: B105900D, PID: 002BB923 TPIU-Lite
T2D1C 1643:116.785   JLINK_Reset()
T2D1C 1643:116.909     CPU_ReadMem(16 bytes @ 0x20000000)
T2D1C 1643:117.506     CPU_WriteMem(16 bytes @ 0x20000000)
T2D1C 1643:118.074     CPU_ReadMem(4 bytes @ 0xE000EDFC)
T2D1C 1643:118.645     CPU_WriteMem(4 bytes @ 0xE000EDFC)
T2D1C 1643:119.085     CPU_ReadMem(4 bytes @ 0xE0001000)
T2D1C 1643:119.658     CPU_WriteMem(4 bytes @ 0xE0001004)
T2D1C 1643:333.994     AT91SAM3 / AT91SAM4 reset: Core did not halt after reset. Halting core...
T2D1C 1643:337.229     CPU_WriteMem(4 bytes @ 0xE000ED0C)
T2D1C 1643:337.670     CPU_ReadMem(4 bytes @ 0xE000EDF0)
T2D1C 1643:338.251     CPU_ReadMem(4 bytes @ 0xE000EDF0)
T2D1C 1643:338.782     CPU_WriteMem(4 bytes @ 0xE000EDFC)
T2D1C 1643:339.329     CPU_WriteMem(16 bytes @ 0x20000000)
T2D1C 1643:343.986     CPU_WriteMem(4 bytes @ 0xE0002000)
T2D1C 1643:345.057     CPU_ReadMem(4 bytes @ 0xE000EDFC)
T2D1C 1643:346.165     CPU_ReadMem(4 bytes @ 0xE0001000)
T2D1C 1643:346.972   - 230.201ms
T2D1C 1643:346.995   JLINK_Go()
T2D1C 1643:347.009     CPU_ReadMem(4 bytes @ 0xE0001000)
T2D1C 1643:347.777     CPU_WriteMem(4 bytes @ 0xE0001004)
T2D1C 1643:348.918   - 1.936ms
T2D1C 1643:348.936 - 259.337ms
T2D1C 1643:354.220 JLINK_GetHWStatus(...)
T2D1C 1643:354.567 - 0.356ms returns 0
T31AC 1643:501.539 JLINK_EMU_GetList(InterfaceMask = 0x00000001, MaxInfos = 0x00000032) 
T31AC 1643:502.497   [0]: USB, S/N: 28011418
T31AC 1643:502.515 - 0.981ms returns 1
T31AC 1643:502.590 JLINK_EMU_GetList(InterfaceMask = 0x00000002, MaxInfos = 0x00000032) 
T31AC 1643:571.500 - 68.976ms returns 0
T31AC 1644:609.673 JLINK_EMU_GetList(InterfaceMask = 0x00000001, MaxInfos = 0x00000032) 
T31AC 1644:610.627   [0]: USB, S/N: 28011418
T31AC 1644:610.648 - 0.980ms returns 1
T31AC 1644:610.719 JLINK_EMU_GetList(InterfaceMask = 0x00000002, MaxInfos = 0x00000032) 
T31AC 1644:678.886 - 68.191ms returns 0
T31AC 1645:718.045 JLINK_EMU_GetList(InterfaceMask = 0x00000001, MaxInfos = 0x00000032) 
T31AC 1645:718.983   [0]: USB, S/N: 28011418
T31AC 1645:719.001 - 0.960ms returns 1
T31AC 1645:719.074 JLINK_EMU_GetList(InterfaceMask = 0x00000002, MaxInfos = 0x00000032) 
T31AC 1645:788.504 - 69.454ms returns 0
T31AC 1646:828.639 JLINK_EMU_GetList(InterfaceMask = 0x00000001, MaxInfos = 0x00000032) 
T31AC 1646:829.601   [0]: USB, S/N: 28011418
T31AC 1646:829.618 - 0.983ms returns 1
T31AC 1646:829.693 JLINK_EMU_GetList(InterfaceMask = 0x00000002, MaxInfos = 0x00000032) 
T31AC 1646:898.215 - 68.546ms returns 0
T31AC 1647:936.334 JLINK_EMU_GetList(InterfaceMask = 0x00000001, MaxInfos = 0x00000032) 
T31AC 1647:937.323   [0]: USB, S/N: 28011418
T31AC 1647:937.340 - 1.009ms returns 1
T31AC 1647:937.410 JLINK_EMU_GetList(InterfaceMask = 0x00000002, MaxInfos = 0x00000032) 
T31AC 1648:006.606 - 69.220ms returns 0
T31AC 1649:046.808 JLINK_EMU_GetList(InterfaceMask = 0x00000001, MaxInfos = 0x00000032) 
T31AC 1649:047.734   [0]: USB, S/N: 28011418
T31AC 1649:047.752 - 0.948ms returns 1
T31AC 1649:047.813 JLINK_EMU_GetList(InterfaceMask = 0x00000002, MaxInfos = 0x00000032) 
T31AC 1649:116.063 - 68.274ms returns 0
T31AC 1650:156.592 JLINK_EMU_GetList(InterfaceMask = 0x00000001, MaxInfos = 0x00000032) 
T31AC 1650:157.550   [0]: USB, S/N: 28011418
T31AC 1650:157.567 - 0.978ms returns 1
T31AC 1650:157.631 JLINK_EMU_GetList(InterfaceMask = 0x00000002, MaxInfos = 0x00000032) 
T31AC 1650:225.750 - 68.143ms returns 0
T31AC 1651:266.059 JLINK_EMU_GetList(InterfaceMask = 0x00000001, MaxInfos = 0x00000032) 
T31AC 1651:266.998   [0]: USB, S/N: 28011418
T31AC 1651:267.015 - 0.959ms returns 1
T31AC 1651:267.091 JLINK_EMU_GetList(InterfaceMask = 0x00000002, MaxInfos = 0x00000032) 
T31AC 1651:335.287 - 68.222ms returns 0
T31AC 1652:376.319 JLINK_EMU_GetList(InterfaceMask = 0x00000001, MaxInfos = 0x00000032) 
T31AC 1652:377.264   [0]: USB, S/N: 28011418
T31AC 1652:377.282 - 0.966ms returns 1
T31AC 1652:377.344 JLINK_EMU_GetList(InterfaceMask = 0x00000002, MaxInfos = 0x00000032) 
T31AC 1652:446.235 - 68.917ms returns 0
T31AC 1653:482.218 JLINK_EMU_GetList(InterfaceMask = 0x00000001, MaxInfos = 0x00000032) 
T31AC 1653:483.145   [0]: USB, S/N: 28011418
T31AC 1653:483.162 - 0.947ms returns 1
T31AC 1653:483.224 JLINK_EMU_GetList(InterfaceMask = 0x00000002, MaxInfos = 0x00000032) 
T31AC 1653:551.131 - 67.931ms returns 0
T31AC 1654:595.795 JLINK_EMU_GetList(InterfaceMask = 0x00000001, MaxInfos = 0x00000032) 
T31AC 1654:596.727   [0]: USB, S/N: 28011418
T31AC 1654:596.745 - 0.953ms returns 1
T31AC 1654:596.810 JLINK_EMU_GetList(InterfaceMask = 0x00000002, MaxInfos = 0x00000032) 
T31AC 1654:665.122 - 68.344ms returns 0
T31AC 1655:715.829 JLINK_EMU_GetList(InterfaceMask = 0x00000001, MaxInfos = 0x00000032) 
T31AC 1655:716.769   [0]: USB, S/N: 28011418
T31AC 1655:716.787 - 0.962ms returns 1
T31AC 1655:716.850 JLINK_EMU_GetList(InterfaceMask = 0x00000002, MaxInfos = 0x00000032) 
T31AC 1655:785.183 - 68.357ms returns 0
T31AC 1656:830.759 JLINK_EMU_GetList(InterfaceMask = 0x00000001, MaxInfos = 0x00000032) 
T31AC 1656:831.698   [0]: USB, S/N: 28011418
T31AC 1656:831.716 - 0.960ms returns 1
T31AC 1656:831.779 JLINK_EMU_GetList(InterfaceMask = 0x00000002, MaxInfos = 0x00000032) 
T31AC 1656:900.659 - 68.914ms returns 0
T31AC 1657:941.995 JLINK_EMU_GetList(InterfaceMask = 0x00000001, MaxInfos = 0x00000032) 
T31AC 1657:942.960   [0]: USB, S/N: 28011418
T31AC 1657:942.979 - 0.987ms returns 1
T31AC 1657:943.041 JLINK_EMU_GetList(InterfaceMask = 0x00000002, MaxInfos = 0x00000032) 
T31AC 1658:011.752 - 68.735ms returns 0
T31AC 1659:052.489 JLINK_EMU_GetList(InterfaceMask = 0x00000001, MaxInfos = 0x00000032) 
T31AC 1659:053.443   [0]: USB, S/N: 28011418
T31AC 1659:053.461 - 0.975ms returns 1
T31AC 1659:053.526 JLINK_EMU_GetList(InterfaceMask = 0x00000002, MaxInfos = 0x00000032) 
T31AC 1659:121.851 - 68.348ms returns 0
T31AC 1660:162.656 JLINK_EMU_GetList(InterfaceMask = 0x00000001, MaxInfos = 0x00000032) 
T31AC 1660:163.587   [0]: USB, S/N: 28011418
T31AC 1660:163.605 - 0.952ms returns 1
T31AC 1660:163.671 JLINK_EMU_GetList(InterfaceMask = 0x00000002, MaxInfos = 0x00000032) 
T31AC 1660:232.628 - 68.982ms returns 0
T31AC 1661:283.767 JLINK_EMU_GetList(InterfaceMask = 0x00000001, MaxInfos = 0x00000032) 
T31AC 1661:284.697   [0]: USB, S/N: 28011418
T31AC 1661:284.715 - 0.951ms returns 1
T31AC 1661:284.784 JLINK_EMU_GetList(InterfaceMask = 0x00000002, MaxInfos = 0x00000032) 
T31AC 1661:353.593 - 68.836ms returns 0
T31AC 1662:390.135 JLINK_EMU_GetList(InterfaceMask = 0x00000001, MaxInfos = 0x00000032) 
T31AC 1662:391.087   [0]: USB, S/N: 28011418
T31AC 1662:391.106 - 0.974ms returns 1
T31AC 1662:391.168 JLINK_EMU_GetList(InterfaceMask = 0x00000002, MaxInfos = 0x00000032) 
T31AC 1662:459.092 - 67.948ms returns 0
T31AC 1663:505.384 JLINK_EMU_GetList(InterfaceMask = 0x00000001, MaxInfos = 0x00000032) 
T31AC 1663:506.329   [0]: USB, S/N: 28011418
T31AC 1663:506.346 - 0.966ms returns 1
T31AC 1663:506.407 JLINK_EMU_GetList(InterfaceMask = 0x00000002, MaxInfos = 0x00000032) 
T31AC 1663:574.961 - 68.578ms returns 0
T31AC 1664:617.038 JLINK_EMU_GetList(InterfaceMask = 0x00000001, MaxInfos = 0x00000032) 
T31AC 1664:617.996   [0]: USB, S/N: 28011418
T31AC 1664:618.013 - 0.978ms returns 1
T31AC 1664:618.076 JLINK_EMU_GetList(InterfaceMask = 0x00000002, MaxInfos = 0x00000032) 
T31AC 1664:686.780 - 68.721ms returns 0
T31AC 1665:722.802 JLINK_EMU_GetList(InterfaceMask = 0x00000001, MaxInfos = 0x00000032) 
T31AC 1665:723.747   [0]: USB, S/N: 28011418
T31AC 1665:723.789 - 0.991ms returns 1
T31AC 1665:723.853 JLINK_EMU_GetList(InterfaceMask = 0x00000002, MaxInfos = 0x00000032) 
T31AC 1665:791.951 - 68.122ms returns 0
T31AC 1666:828.378 JLINK_EMU_GetList(InterfaceMask = 0x00000001, MaxInfos = 0x00000032) 
T31AC 1666:829.310   [0]: USB, S/N: 28011418
T31AC 1666:829.327 - 0.952ms returns 1
T31AC 1666:829.398 JLINK_EMU_GetList(InterfaceMask = 0x00000002, MaxInfos = 0x00000032) 
T31AC 1666:897.122 - 67.748ms returns 0
T31AC 1667:941.902 JLINK_EMU_GetList(InterfaceMask = 0x00000001, MaxInfos = 0x00000032) 
T31AC 1667:942.848   [0]: USB, S/N: 28011418
T31AC 1667:942.866 - 0.967ms returns 1
T31AC 1667:942.929 JLINK_EMU_GetList(InterfaceMask = 0x00000002, MaxInfos = 0x00000032) 
T31AC 1668:011.511 - 68.607ms returns 0
T31AC 1669:054.380 JLINK_EMU_GetList(InterfaceMask = 0x00000001, MaxInfos = 0x00000032) 
T31AC 1669:055.334   [0]: USB, S/N: 28011418
T31AC 1669:055.351 - 0.975ms returns 1
T31AC 1669:055.415 JLINK_EMU_GetList(InterfaceMask = 0x00000002, MaxInfos = 0x00000032) 
T31AC 1669:123.866 - 68.475ms returns 0
T31AC 1670:165.793 JLINK_EMU_GetList(InterfaceMask = 0x00000001, MaxInfos = 0x00000032) 
T31AC 1670:166.743   [0]: USB, S/N: 28011418
T31AC 1670:166.761 - 0.971ms returns 1
T31AC 1670:166.824 JLINK_EMU_GetList(InterfaceMask = 0x00000002, MaxInfos = 0x00000032) 
T31AC 1670:235.237 - 68.437ms returns 0
T31AC 1671:275.900 JLINK_EMU_GetList(InterfaceMask = 0x00000001, MaxInfos = 0x00000032) 
T31AC 1671:276.846   [0]: USB, S/N: 28011418
T31AC 1671:276.863 - 0.967ms returns 1
T31AC 1671:276.925 JLINK_EMU_GetList(InterfaceMask = 0x00000002, MaxInfos = 0x00000032) 
T31AC 1671:345.364 - 68.463ms returns 0
T31AC 1672:385.396 JLINK_EMU_GetList(InterfaceMask = 0x00000001, MaxInfos = 0x00000032) 
T31AC 1672:386.366   [0]: USB, S/N: 28011418
T31AC 1672:386.398 - 1.006ms returns 1
T31AC 1672:386.463 JLINK_EMU_GetList(InterfaceMask = 0x00000002, MaxInfos = 0x00000032) 
T31AC 1672:455.123 - 68.688ms returns 0
T31AC 1673:492.949 JLINK_EMU_GetList(InterfaceMask = 0x00000001, MaxInfos = 0x00000032) 
T31AC 1673:493.890   [0]: USB, S/N: 28011418
T31AC 1673:493.908 - 0.963ms returns 1
T31AC 1673:493.980 JLINK_EMU_GetList(InterfaceMask = 0x00000002, MaxInfos = 0x00000032) 
T31AC 1673:562.253 - 68.296ms returns 0
T31AC 1674:599.485 JLINK_EMU_GetList(InterfaceMask = 0x00000001, MaxInfos = 0x00000032) 
T31AC 1674:600.442   [0]: USB, S/N: 28011418
T31AC 1674:600.460 - 0.978ms returns 1
T31AC 1674:600.521 JLINK_EMU_GetList(InterfaceMask = 0x00000002, MaxInfos = 0x00000032) 
T31AC 1674:669.257 - 68.761ms returns 0
T31AC 1675:714.080 JLINK_EMU_GetList(InterfaceMask = 0x00000001, MaxInfos = 0x00000032) 
T31AC 1675:715.034   [0]: USB, S/N: 28011418
T31AC 1675:715.053 - 0.976ms returns 1
T31AC 1675:715.115 JLINK_EMU_GetList(InterfaceMask = 0x00000002, MaxInfos = 0x00000032) 
T31AC 1675:783.610 - 68.513ms returns 0
T31AC 1676:821.947 JLINK_EMU_GetList(InterfaceMask = 0x00000001, MaxInfos = 0x00000032) 
T31AC 1676:822.875   [0]: USB, S/N: 28011418
T31AC 1676:822.893 - 0.949ms returns 1
T31AC 1676:822.973 JLINK_EMU_GetList(InterfaceMask = 0x00000002, MaxInfos = 0x00000032) 
T31AC 1676:891.615 - 68.661ms returns 0
T31AC 1677:939.875 JLINK_EMU_GetList(InterfaceMask = 0x00000001, MaxInfos = 0x00000032) 
T31AC 1677:940.971   [0]: USB, S/N: 28011418
T31AC 1677:940.992 - 1.121ms returns 1
T31AC 1677:941.055 JLINK_EMU_GetList(InterfaceMask = 0x00000002, MaxInfos = 0x00000032) 
T31AC 1678:012.956 - 71.918ms returns 0
T31AC 1679:058.054 JLINK_EMU_GetList(InterfaceMask = 0x00000001, MaxInfos = 0x00000032) 
T31AC 1679:059.062   [0]: USB, S/N: 28011418
T31AC 1679:059.081 - 1.030ms returns 1
T31AC 1679:059.147 JLINK_EMU_GetList(InterfaceMask = 0x00000002, MaxInfos = 0x00000032) 
T31AC 1679:126.988 - 67.865ms returns 0
T2D1C 1724:121.394 JLINK_Close()
T2D1C 1724:137.212 - 15.841ms
T2D1C 1724:137.241   
T2D1C 1724:137.249   Closed
