T2D1C 1626:164.654   SEGGER J-Link V7.52a Log File
T2D1C 1626:164.758   DLL Compiled: Jul 28 2021 11:08:12
T2D1C 1626:164.780   Logging started @ 2025-09-17 13:18
T2D1C 1626:164.798 - 24728.032ms
T2D1C 1626:169.065 JLINK_ExecCommand("Device = AT91SAM3X8E", ...). 
T2D1C 1626:169.395   Device "ATSAM3X8E" selected.
T2D1C 1626:169.758 - 0.665ms returns 0x00
T2D1C 1626:196.195 JLINK_TIF_Select(JLINKARM_TIF_JTAG)
T2D1C 1626:197.271 - 1.107ms returns 0x00
T2D1C 1626:197.320 JLINK_ConfigJTAG(IRPre = 0, DRPre = 0)
T2D1C 1626:197.371 - 0.063ms
T2D1C 1626:197.397 JLINK_SetSpeed(0)
T2D1C 1626:199.273   TotalIRLen = 4, IRPrint = 0x01
T2D1C 1626:200.013   JTAG chain detection found 1 devices:
T2D1C 1626:200.063    #0 Id: 0x4BA00477, IRLen: 04, CoreSight JTAG-DP
T2D1C 1626:205.195   Old FW that does not support reading DPIDR via DAP jobs
T2D1C 1626:209.650   DPv0 detected
T2D1C 1626:209.693   Scanning AP map to find all available APs
T2D1C 1626:212.976   AP[1]: Stopped AP scan as end of AP map has been reached
T2D1C 1626:213.020   AP[0]: AHB-AP (IDR: 0x24770011)
T2D1C 1626:213.051   Iterating through AP map to find AHB-AP to use
T2D1C 1626:218.263   AP[0]: Core found
T2D1C 1626:218.295   AP[0]: AHB-AP ROM base: 0xE00FF000
T2D1C 1626:220.603   CPUID register: 0x412FC230. Implementer code: 0x41 (ARM)
T2D1C 1626:220.630   Found Cortex-M3 r2p0, Little endian.
T2D1C 1626:221.022   -- Max. mem block: 0x000023B8
T2D1C 1626:221.128   CPU_ReadMem(4 bytes @ 0xE000EDF0)
T2D1C 1626:225.111   CPU_WriteMem(4 bytes @ 0xE000EDF0)
T2D1C 1626:225.857   CPU_ReadMem(4 bytes @ 0xE0002000)
T2D1C 1626:227.077   FPUnit: 6 code (BP) slots and 2 literal slots
T2D1C 1626:227.107   CPU_ReadMem(4 bytes @ 0xE000EDFC)
T2D1C 1626:228.277   CPU_WriteMem(4 bytes @ 0xE000EDFC)
T2D1C 1626:229.312   CPU_ReadMem(4 bytes @ 0xE0001000)
T2D1C 1626:230.520   CPU_WriteMem(4 bytes @ 0xE0001000)
T2D1C 1626:231.564   CPU_ReadMem(4 bytes @ 0xE000ED88)
T2D1C 1626:232.819   CPU_WriteMem(4 bytes @ 0xE000ED88)
T2D1C 1626:233.696   CPU_ReadMem(4 bytes @ 0xE000ED88)
T2D1C 1626:234.873   CPU_WriteMem(4 bytes @ 0xE000ED88)
T2D1C 1626:235.893   CoreSight components:
T2D1C 1626:235.925   ROMTbl[0] @ E00FF000
T2D1C 1626:235.941   CPU_ReadMem(64 bytes @ 0xE00FF000)
T2D1C 1626:237.799   CPU_ReadMem(32 bytes @ 0xE000EFE0)
T2D1C 1626:239.270   ROMTbl[0][0]: E000E000, CID: B105E00D, PID: 002BB000 SCS
T2D1C 1626:239.296   CPU_ReadMem(32 bytes @ 0xE0001FE0)
T2D1C 1626:240.838   ROMTbl[0][1]: E0001000, CID: B105E00D, PID: 002BB002 DWT
T2D1C 1626:240.863   CPU_ReadMem(32 bytes @ 0xE0002FE0)
T2D1C 1626:242.219   ROMTbl[0][2]: E0002000, CID: B105E00D, PID: 002BB003 FPB
T2D1C 1626:242.250   CPU_ReadMem(32 bytes @ 0xE0000FE0)
T2D1C 1626:243.570   ROMTbl[0][3]: E0000000, CID: B105E00D, PID: 002BB001 ITM
T2D1C 1626:243.591   CPU_ReadMem(32 bytes @ 0xE0040FE0)
T2D1C 1626:244.920   ROMTbl[0][4]: E0040000, CID: B105900D, PID: 002BB923 TPIU-Lite
T2D1C 1626:245.320 - 47.933ms
T2D1C 1626:245.345 JLINK_ResetPullsRESET(OFF)
T2D1C 1626:245.353 - 0.011ms
T2D1C 1626:245.362 JLINK_Connect()
T2D1C 1626:246.706   TotalIRLen = 4, IRPrint = 0x01
T2D1C 1626:247.367   JTAG chain detection found 1 devices:
T2D1C 1626:247.394    #0 Id: 0x4BA00477, IRLen: 04, CoreSight JTAG-DP
T2D1C 1626:252.171   Old FW that does not support reading DPIDR via DAP jobs
T2D1C 1626:256.334   DPv0 detected
T2D1C 1626:256.370   AP map detection skipped. Manually configured AP map found.
T2D1C 1626:256.390   AP[0]: AHB-AP (IDR: Not set)
T2D1C 1626:260.799   AP[0]: Core found
T2D1C 1626:260.831   AP[0]: AHB-AP ROM base: 0xE00FF000
T2D1C 1626:263.005   CPUID register: 0x412FC230. Implementer code: 0x41 (ARM)
T2D1C 1626:263.033   Found Cortex-M3 r2p0, Little endian.
T2D1C 1626:263.224   -- Max. mem block: 0x00001F48
T2D1C 1626:263.245   CPU_ReadMem(4 bytes @ 0xE000EDF0)
T2D1C 1626:263.668   CPU_ReadMem(4 bytes @ 0xE0002000)
T2D1C 1626:264.135   FPUnit: 6 code (BP) slots and 2 literal slots
T2D1C 1626:264.151   CPU_ReadMem(4 bytes @ 0xE000EDFC)
T2D1C 1626:264.586   CPU_ReadMem(4 bytes @ 0xE0001000)
T2D1C 1626:265.115   CPU_WriteMem(4 bytes @ 0xE0001000)
T2D1C 1626:265.470   CPU_ReadMem(4 bytes @ 0xE000ED88)
T2D1C 1626:265.918   CPU_WriteMem(4 bytes @ 0xE000ED88)
T2D1C 1626:266.268   CPU_ReadMem(4 bytes @ 0xE000ED88)
T2D1C 1626:266.768   CPU_WriteMem(4 bytes @ 0xE000ED88)
T2D1C 1626:267.144   CoreSight components:
T2D1C 1626:267.168   ROMTbl[0] @ E00FF000
T2D1C 1626:267.181   CPU_ReadMem(64 bytes @ 0xE00FF000)
T2D1C 1626:267.924   CPU_ReadMem(32 bytes @ 0xE000EFE0)
T2D1C 1626:268.547   ROMTbl[0][0]: E000E000, CID: B105E00D, PID: 002BB000 SCS
T2D1C 1626:268.565   CPU_ReadMem(32 bytes @ 0xE0001FE0)
T2D1C 1626:269.183   ROMTbl[0][1]: E0001000, CID: B105E00D, PID: 002BB002 DWT
T2D1C 1626:269.200   CPU_ReadMem(32 bytes @ 0xE0002FE0)
T2D1C 1626:269.836   ROMTbl[0][2]: E0002000, CID: B105E00D, PID: 002BB003 FPB
T2D1C 1626:269.856   CPU_ReadMem(32 bytes @ 0xE0000FE0)
T2D1C 1626:270.512   ROMTbl[0][3]: E0000000, CID: B105E00D, PID: 002BB001 ITM
T2D1C 1626:270.532   CPU_ReadMem(32 bytes @ 0xE0040FE0)
T2D1C 1626:271.166   ROMTbl[0][4]: E0040000, CID: B105900D, PID: 002BB923 TPIU-Lite
T2D1C 1626:271.186 - 25.828ms returns 0x00
T2D1C 1626:271.272 JLINK_Halt()
T2D1C 1626:274.450 - 3.199ms returns 0x00
T2D1C 1626:274.660 JLINK_BeginDownload(Flags = 0x00000000)
T2D1C 1626:274.672 - 0.016ms
T2D1C 1626:274.696 JLINK_WriteMem(0x400E0A04, 0x4 Bytes, ...)
T2D1C 1626:274.706   Data:  0B 01 00 5A
T2D1C 1626:275.117   CPU_WriteMem(4 bytes @ 0x400E0A04)
T2D1C 1626:275.588 - 0.919ms returns 0x4
T2D1C 1626:275.772 JLINK_EndDownload()
T2D1C 1626:275.798 - 0.030ms returns 0 (0x0)
T2D1C 1626:275.809 JLINK_ReadMemHW(0x400E0A08, 0x0004 Bytes, ...)
T2D1C 1626:275.821   CPU_ReadMem(4 bytes @ 0x400E0A08)
T2D1C 1626:276.296   Data:  01 00 00 00
T2D1C 1626:276.313 - 0.508ms returns 0
T2D1C 1626:276.352 JLINK_BeginDownload(Flags = 0x00000000)
T2D1C 1626:276.361 - 0.012ms
T2D1C 1626:276.385 JLINK_WriteMem(0x400E0A04, 0x4 Bytes, ...)
T2D1C 1626:276.393   Data:  0C 02 00 5A
T2D1C 1626:276.410   CPU_WriteMem(4 bytes @ 0x400E0A04)
T2D1C 1626:276.819 - 0.441ms returns 0x4
T2D1C 1626:276.858 JLINK_EndDownload()
T2D1C 1626:276.869 - 0.014ms returns 0 (0x0)
T2D1C 1626:276.878 JLINK_ReadMemHW(0x400E0A08, 0x0004 Bytes, ...)
T2D1C 1626:276.889   CPU_ReadMem(4 bytes @ 0x400E0A08)
T2D1C 1626:277.325   Data:  01 00 00 00
T2D1C 1626:277.339 - 0.464ms returns 0
T2D1C 1626:277.374 JLINK_SetResetType(JLINKARM_CM3_RESET_TYPE_NORMAL)
T2D1C 1626:277.383 - 0.012ms returns JLINKARM_CM3_RESET_TYPE_NORMAL
T2D1C 1626:277.393 JLINK_Reset()
T2D1C 1626:277.825   CPU_ReadMem(16 bytes @ 0x20000000)
T2D1C 1626:278.327   CPU_WriteMem(16 bytes @ 0x20000000)
T2D1C 1626:278.816   CPU_ReadMem(4 bytes @ 0xE000EDFC)
T2D1C 1626:279.292   CPU_WriteMem(4 bytes @ 0xE000EDFC)
T2D1C 1626:279.686   CPU_ReadMem(4 bytes @ 0xE0001000)
T2D1C 1626:492.243   AT91SAM3 / AT91SAM4 reset: Core did not halt after reset. Halting core...
T2D1C 1626:495.648   CPU_WriteMem(4 bytes @ 0xE000ED0C)
T2D1C 1626:496.113   CPU_ReadMem(4 bytes @ 0xE000EDF0)
T2D1C 1626:496.617   CPU_ReadMem(4 bytes @ 0xE000EDF0)
T2D1C 1626:497.211   CPU_WriteMem(4 bytes @ 0xE000EDFC)
T2D1C 1626:497.673   CPU_WriteMem(16 bytes @ 0x20000000)
T2D1C 1626:501.372   CPU_WriteMem(4 bytes @ 0xE0002000)
T2D1C 1626:502.396   CPU_ReadMem(4 bytes @ 0xE000EDFC)
T2D1C 1626:503.169   CPU_ReadMem(4 bytes @ 0xE0001000)
T2D1C 1626:504.164 - 226.798ms
T2D1C 1626:505.578 JLINK_JTAG_GetDeviceID(DeviceIndex = 0)
T2D1C 1626:505.597 - 0.022ms returns 1268778103
T2D1C 1626:505.618 JLINK_ReadMemU32(0x400E0940, 0x1 Items)
T2D1C 1626:505.640   CPU_ReadMem(4 bytes @ 0x400E0940)
T2D1C 1626:506.198   Data:  00 00 00 00
T2D1C 1626:506.215 - 0.600ms returns 1 (0x1)
T2D1C 1626:506.250 JLINK_ReadMemU32(0x400E0944, 0x1 Items)
T2D1C 1626:506.265   CPU_ReadMem(4 bytes @ 0x400E0944)
T2D1C 1626:506.847   Data:  00 00 00 00
T2D1C 1626:506.863 - 0.616ms returns 1 (0x1)
T1D48 1626:517.435 JLINK_IsHalted()
T1D48 1626:517.468 - 0.037ms returns TRUE
T1D48 1626:517.480 JLINK_GetMOEs(...)
T1D48 1626:517.493   CPU_ReadMem(4 bytes @ 0xE000ED30)
T1D48 1626:518.631 - 1.176ms returns 0x01
T1D48 1626:518.672 JLINK_ReadReg(R15 (PC))
T1D48 1626:518.687 - 0.019ms returns 0x0040085C
T2D1C 1626:519.499 JLINK_ResetPullsRESET(ON)
T2D1C 1626:519.526 - 0.030ms
T2D1C 1626:519.536 JLINK_ResetNoHalt()
T2D1C 1626:521.350   TotalIRLen = 4, IRPrint = 0x01
T2D1C 1626:522.154   JTAG chain detection found 1 devices:
T2D1C 1626:522.198    #0 Id: 0x4BA00477, IRLen: 04, CoreSight JTAG-DP
T2D1C 1626:526.793   Old FW that does not support reading DPIDR via DAP jobs
T2D1C 1626:530.010   DPv0 detected
T2D1C 1626:530.036   AP map detection skipped. Manually configured AP map found.
T2D1C 1626:530.056   AP[0]: AHB-AP (IDR: Not set)
T2D1C 1626:534.472   AP[0]: Core found
T2D1C 1626:534.498   AP[0]: AHB-AP ROM base: 0xE00FF000
T2D1C 1626:536.572   CPUID register: 0x412FC230. Implementer code: 0x41 (ARM)
T2D1C 1626:536.596   Found Cortex-M3 r2p0, Little endian.
T2D1C 1626:536.763   -- Max. mem block: 0x00001F48
T2D1C 1626:536.783   CPU_ReadMem(4 bytes @ 0xE000EDF0)
T2D1C 1626:537.210   CPU_ReadMem(4 bytes @ 0xE0002000)
T2D1C 1626:537.746   FPUnit: 6 code (BP) slots and 2 literal slots
T2D1C 1626:537.762   CPU_ReadMem(4 bytes @ 0xE000EDFC)
T2D1C 1626:538.184   CPU_ReadMem(4 bytes @ 0xE0001000)
T2D1C 1626:538.698   CPU_ReadMem(4 bytes @ 0xE000ED88)
T2D1C 1626:539.211   CPU_WriteMem(4 bytes @ 0xE000ED88)
T2D1C 1626:539.561   CPU_ReadMem(4 bytes @ 0xE000ED88)
T2D1C 1626:540.051   CPU_WriteMem(4 bytes @ 0xE000ED88)
T2D1C 1626:540.420   CoreSight components:
T2D1C 1626:540.443   ROMTbl[0] @ E00FF000
T2D1C 1626:540.456   CPU_ReadMem(64 bytes @ 0xE00FF000)
T2D1C 1626:541.322   CPU_ReadMem(32 bytes @ 0xE000EFE0)
T2D1C 1626:541.935   ROMTbl[0][0]: E000E000, CID: B105E00D, PID: 002BB000 SCS
T2D1C 1626:541.950   CPU_WriteMem(4 bytes @ 0xE0001000)
T2D1C 1626:542.300   CPU_ReadMem(32 bytes @ 0xE0001FE0)
T2D1C 1626:543.002   ROMTbl[0][1]: E0001000, CID: B105E00D, PID: 002BB002 DWT
T2D1C 1626:543.020   CPU_ReadMem(32 bytes @ 0xE0002FE0)
T2D1C 1626:543.689   ROMTbl[0][2]: E0002000, CID: B105E00D, PID: 002BB003 FPB
T2D1C 1626:543.729   CPU_ReadMem(32 bytes @ 0xE0000FE0)
T2D1C 1626:544.382   ROMTbl[0][3]: E0000000, CID: B105E00D, PID: 002BB001 ITM
T2D1C 1626:544.400   CPU_ReadMem(32 bytes @ 0xE0040FE0)
T2D1C 1626:545.076   ROMTbl[0][4]: E0040000, CID: B105900D, PID: 002BB923 TPIU-Lite
T2D1C 1626:545.101   JLINK_Reset()
T2D1C 1626:545.187     CPU_ReadMem(16 bytes @ 0x20000000)
T2D1C 1626:545.717     CPU_WriteMem(16 bytes @ 0x20000000)
T2D1C 1626:546.305     CPU_ReadMem(4 bytes @ 0xE000EDFC)
T2D1C 1626:546.806     CPU_WriteMem(4 bytes @ 0xE000EDFC)
T2D1C 1626:547.252     CPU_ReadMem(4 bytes @ 0xE0001000)
T2D1C 1626:547.826     CPU_WriteMem(4 bytes @ 0xE0001004)
T2D1C 1626:761.965     AT91SAM3 / AT91SAM4 reset: Core did not halt after reset. Halting core...
T2D1C 1626:765.402     CPU_WriteMem(4 bytes @ 0xE000ED0C)
T2D1C 1626:765.868     CPU_ReadMem(4 bytes @ 0xE000EDF0)
T2D1C 1626:766.410     CPU_ReadMem(4 bytes @ 0xE000EDF0)
T2D1C 1626:766.998     CPU_WriteMem(4 bytes @ 0xE000EDFC)
T2D1C 1626:767.450     CPU_WriteMem(16 bytes @ 0x20000000)
T2D1C 1626:771.383     CPU_WriteMem(4 bytes @ 0xE0002000)
T2D1C 1626:771.989     CPU_ReadMem(4 bytes @ 0xE000EDFC)
T2D1C 1626:772.518     CPU_ReadMem(4 bytes @ 0xE0001000)
T2D1C 1626:773.116   - 228.023ms
T2D1C 1626:773.132   JLINK_Go()
T2D1C 1626:773.143     CPU_ReadMem(4 bytes @ 0xE0001000)
T2D1C 1626:773.678     CPU_WriteMem(4 bytes @ 0xE0001004)
T2D1C 1626:774.590   - 1.465ms
T2D1C 1626:774.602 - 255.069ms
T31AC 1626:774.703 JLINK_EMU_GetList(InterfaceMask = 0x00000001, MaxInfos = 0x00000032) 
T31AC 1626:776.077   [0]: USB, S/N: 28011418
T31AC 1626:776.097 - 1.397ms returns 1
T31AC 1626:776.162 JLINK_EMU_GetList(InterfaceMask = 0x00000002, MaxInfos = 0x00000032) 
T31AC 1626:843.984 - 67.846ms returns 0
T2D1C 1626:844.071 JLINK_GetHWStatus(...)
T2D1C 1626:844.385 - 0.323ms returns 0
T31AC 1627:886.804 JLINK_EMU_GetList(InterfaceMask = 0x00000001, MaxInfos = 0x00000032) 
T31AC 1627:887.783   [0]: USB, S/N: 28011418
T31AC 1627:887.814 - 1.013ms returns 1
T31AC 1627:887.878 JLINK_EMU_GetList(InterfaceMask = 0x00000002, MaxInfos = 0x00000032) 
T31AC 1627:956.649 - 68.797ms returns 0
T31AC 1628:994.962 JLINK_EMU_GetList(InterfaceMask = 0x00000001, MaxInfos = 0x00000032) 
T31AC 1628:995.906   [0]: USB, S/N: 28011418
T31AC 1628:995.924 - 0.966ms returns 1
T31AC 1628:995.999 JLINK_EMU_GetList(InterfaceMask = 0x00000002, MaxInfos = 0x00000032) 
T31AC 1629:064.092 - 68.117ms returns 0
T31AC 1630:114.565 JLINK_EMU_GetList(InterfaceMask = 0x00000001, MaxInfos = 0x00000032) 
T31AC 1630:115.520   [0]: USB, S/N: 28011418
T31AC 1630:115.537 - 0.975ms returns 1
T31AC 1630:115.599 JLINK_EMU_GetList(InterfaceMask = 0x00000002, MaxInfos = 0x00000032) 
T31AC 1630:184.158 - 68.585ms returns 0
T31AC 1631:222.332 JLINK_EMU_GetList(InterfaceMask = 0x00000001, MaxInfos = 0x00000032) 
T31AC 1631:223.257   [0]: USB, S/N: 28011418
T31AC 1631:223.274 - 0.964ms returns 1
T31AC 1631:223.357 JLINK_EMU_GetList(InterfaceMask = 0x00000002, MaxInfos = 0x00000032) 
T31AC 1631:291.519 - 68.189ms returns 0
T31AC 1632:337.265 JLINK_EMU_GetList(InterfaceMask = 0x00000001, MaxInfos = 0x00000032) 
T31AC 1632:338.191   [0]: USB, S/N: 28011418
T31AC 1632:338.208 - 0.946ms returns 1
T31AC 1632:338.280 JLINK_EMU_GetList(InterfaceMask = 0x00000002, MaxInfos = 0x00000032) 
T31AC 1632:407.193 - 68.937ms returns 0
T31AC 1633:444.967 JLINK_EMU_GetList(InterfaceMask = 0x00000001, MaxInfos = 0x00000032) 
T31AC 1633:445.914   [0]: USB, S/N: 28011418
T31AC 1633:445.931 - 0.967ms returns 1
T31AC 1633:445.994 JLINK_EMU_GetList(InterfaceMask = 0x00000002, MaxInfos = 0x00000032) 
T31AC 1633:514.451 - 68.481ms returns 0
T31AC 1634:556.295 JLINK_EMU_GetList(InterfaceMask = 0x00000001, MaxInfos = 0x00000032) 
T31AC 1634:557.250   [0]: USB, S/N: 28011418
T31AC 1634:557.267 - 0.976ms returns 1
T31AC 1634:557.330 JLINK_EMU_GetList(InterfaceMask = 0x00000002, MaxInfos = 0x00000032) 
T31AC 1634:626.461 - 69.154ms returns 0
T31AC 1635:668.681 JLINK_EMU_GetList(InterfaceMask = 0x00000001, MaxInfos = 0x00000032) 
T31AC 1635:669.669   [0]: USB, S/N: 28011418
T31AC 1635:669.687 - 1.010ms returns 1
T31AC 1635:669.752 JLINK_EMU_GetList(InterfaceMask = 0x00000002, MaxInfos = 0x00000032) 
T31AC 1635:738.361 - 68.633ms returns 0
T31AC 1636:778.861 JLINK_EMU_GetList(InterfaceMask = 0x00000001, MaxInfos = 0x00000032) 
T31AC 1636:779.806   [0]: USB, S/N: 28011418
T31AC 1636:779.822 - 0.965ms returns 1
T31AC 1636:779.884 JLINK_EMU_GetList(InterfaceMask = 0x00000002, MaxInfos = 0x00000032) 
T31AC 1636:848.540 - 68.681ms returns 0
T31AC 1637:900.792 JLINK_EMU_GetList(InterfaceMask = 0x00000001, MaxInfos = 0x00000032) 
T31AC 1637:901.742   [0]: USB, S/N: 28011418
T31AC 1637:901.761 - 0.972ms returns 1
T31AC 1637:901.822 JLINK_EMU_GetList(InterfaceMask = 0x00000002, MaxInfos = 0x00000032) 
T31AC 1637:970.186 - 68.396ms returns 0
T31AC 1639:013.028 JLINK_EMU_GetList(InterfaceMask = 0x00000001, MaxInfos = 0x00000032) 
T31AC 1639:013.978   [0]: USB, S/N: 28011418
T31AC 1639:013.996 - 0.971ms returns 1
T31AC 1639:014.058 JLINK_EMU_GetList(InterfaceMask = 0x00000002, MaxInfos = 0x00000032) 
T31AC 1639:082.312 - 68.278ms returns 0
T2D1C 1640:108.230 JLINK_Close()
T2D1C 1640:136.136 - 27.930ms
T2D1C 1640:136.165   
T2D1C 1640:136.172   Closed
