T1FE8 11720:928.577   SEGGER J-Link V7.52a Log File
T1FE8 11720:928.736   DLL Compiled: Jul 28 2021 11:08:12
T1FE8 11720:928.776   Logging started @ 2025-12-02 21:33
T1FE8 11720:928.811 - 202366.182ms
T1FE8 11720:933.289 JLINK_ExecCommand("Device = AT91SAM3S1B", ...). 
T1FE8 11720:933.451   Device "ATSAM3S1B" selected.
T1FE8 11720:933.818 - 0.503ms returns 0x00
T1FE8 11721:381.951 JLINK_TIF_Select(JLINKARM_TIF_JTAG)
T1FE8 11721:383.214 - 1.288ms returns 0x00
T1FE8 11721:383.256 JLINK_ConfigJTAG(IRPre = 0, DRPre = 0)
T1FE8 11721:383.329 - 0.086ms
T1FE8 11721:383.355 JLINK_SetSpeed(4000)
T1FE8 11721:383.476 - 0.143ms
T1FE8 11721:383.515 JLINK_ResetPullsRESET(OFF)
T1FE8 11721:383.534 - 0.028ms
T1FE8 11721:383.555 JLINK_Connect()
T1FE8 11721:385.186   TotalIRLen = 4, IRPrint = 0x01
T1FE8 11721:385.796   JTAG chain detection found 1 devices:
T1FE8 11721:385.823    #0 Id: 0x4BA00477, IRLen: 04, CoreSight JTAG-DP
T1FE8 11721:390.082   Old FW that does not support reading DPIDR via DAP jobs
T1FE8 11721:393.843   DPv0 detected
T1FE8 11721:393.881   Scanning AP map to find all available APs
T1FE8 11721:396.458   AP[1]: Stopped AP scan as end of AP map has been reached
T1FE8 11721:396.486   AP[0]: AHB-AP (IDR: 0x24770011)
T1FE8 11721:396.507   Iterating through AP map to find AHB-AP to use
T1FE8 11721:400.718   AP[0]: Core found
T1FE8 11721:400.754   AP[0]: AHB-AP ROM base: 0xE00FF000
T1FE8 11721:402.908   CPUID register: 0x412FC230. Implementer code: 0x41 (ARM)
T1FE8 11721:402.944   Found Cortex-M3 r2p0, Little endian.
T1FE8 11721:403.340   -- Max. mem block: 0x000023B8
T1FE8 11721:403.443   CPU_ReadMem(4 bytes @ 0xE000EDF0)
T1FE8 11721:407.035   CPU_WriteMem(4 bytes @ 0xE000EDF0)
T1FE8 11721:407.452   CPU_ReadMem(4 bytes @ 0xE0002000)
T1FE8 11721:407.996   FPUnit: 6 code (BP) slots and 2 literal slots
T1FE8 11721:408.015   CPU_ReadMem(4 bytes @ 0xE000EDFC)
T1FE8 11721:408.536   CPU_WriteMem(4 bytes @ 0xE000EDFC)
T1FE8 11721:409.032   CPU_ReadMem(4 bytes @ 0xE0001000)
T1FE8 11721:409.589   CPU_WriteMem(4 bytes @ 0xE0001000)
T1FE8 11721:410.084   CPU_ReadMem(4 bytes @ 0xE000ED88)
T1FE8 11721:410.636   CPU_WriteMem(4 bytes @ 0xE000ED88)
T1FE8 11721:411.159   CPU_ReadMem(4 bytes @ 0xE000ED88)
T1FE8 11721:411.718   CPU_WriteMem(4 bytes @ 0xE000ED88)
T1FE8 11721:412.212   CoreSight components:
T1FE8 11721:412.239   ROMTbl[0] @ E00FF000
T1FE8 11721:412.252   CPU_ReadMem(64 bytes @ 0xE00FF000)
T1FE8 11721:413.051   CPU_ReadMem(32 bytes @ 0xE000EFE0)
T1FE8 11721:413.790   ROMTbl[0][0]: E000E000, CID: B105E00D, PID: 002BB000 SCS
T1FE8 11721:413.807   CPU_ReadMem(32 bytes @ 0xE0001FE0)
T1FE8 11721:414.523   ROMTbl[0][1]: E0001000, CID: B105E00D, PID: 002BB002 DWT
T1FE8 11721:414.539   CPU_ReadMem(32 bytes @ 0xE0002FE0)
T1FE8 11721:415.260   ROMTbl[0][2]: E0002000, CID: B105E00D, PID: 002BB003 FPB
T1FE8 11721:415.278   CPU_ReadMem(32 bytes @ 0xE0000FE0)
T1FE8 11721:416.007   ROMTbl[0][3]: E0000000, CID: B105E00D, PID: 002BB001 ITM
T1FE8 11721:416.024   CPU_ReadMem(32 bytes @ 0xE0040FE0)
T1FE8 11721:416.736   ROMTbl[0][4]: E0040000, CID: B105900D, PID: 002BB923 TPIU-Lite
T1FE8 11721:416.755 - 33.205ms returns 0x00
T1FE8 11721:416.793 JLINK_Halt()
T1FE8 11721:420.109 - 3.341ms returns 0x00
T1FE8 11721:420.304 JLINK_BeginDownload(Flags = 0x00000000)
T1FE8 11721:420.316 - 0.015ms
T1FE8 11721:420.340 JLINK_WriteMem(0x400E0A04, 0x4 Bytes, ...)
T1FE8 11721:420.348   Data:  0B 01 00 5A
T1FE8 11721:420.942   CPU_WriteMem(4 bytes @ 0x400E0A04)
T1FE8 11721:421.365 - 1.037ms returns 0x4
T1FE8 11721:421.437 JLINK_EndDownload()
T1FE8 11721:421.449 - 0.016ms returns 0 (0x0)
T1FE8 11721:421.459 JLINK_ReadMemHW(0x400E0A08, 0x0004 Bytes, ...)
T1FE8 11721:421.471   CPU_ReadMem(4 bytes @ 0x400E0A08)
T1FE8 11721:422.083   Data:  01 00 00 00
T1FE8 11721:422.141 - 0.685ms returns 0
T1FE8 11721:422.275 JLINK_SetResetType(JLINKARM_CM3_RESET_TYPE_NORMAL)
T1FE8 11721:422.296 - 0.026ms returns JLINKARM_CM3_RESET_TYPE_NORMAL
T1FE8 11721:422.310 JLINK_Reset()
T1FE8 11721:422.721   CPU_ReadMem(16 bytes @ 0x20000000)
T1FE8 11721:423.329   CPU_WriteMem(16 bytes @ 0x20000000)
T1FE8 11721:423.878   CPU_ReadMem(4 bytes @ 0xE000EDFC)
T1FE8 11721:424.404   CPU_WriteMem(4 bytes @ 0xE000EDFC)
T1FE8 11721:424.875   CPU_ReadMem(4 bytes @ 0xE0001000)
T1FE8 11721:440.039   CPU_WriteMem(4 bytes @ 0xE000ED0C)
T1FE8 11721:440.512   CPU_ReadMem(4 bytes @ 0xE000EDF0)
T1FE8 11721:441.029   CPU_ReadMem(4 bytes @ 0xE000EDF0)
T1FE8 11721:441.560   CPU_WriteMem(4 bytes @ 0xE000EDFC)
T1FE8 11721:442.021   CPU_WriteMem(16 bytes @ 0x20000000)
T1FE8 11721:445.752   CPU_WriteMem(4 bytes @ 0xE0002000)
T1FE8 11721:446.220   CPU_ReadMem(4 bytes @ 0xE000EDFC)
T1FE8 11721:446.745   CPU_ReadMem(4 bytes @ 0xE0001000)
T1FE8 11721:447.273 - 24.972ms
T1FE8 11721:448.437 JLINK_JTAG_GetDeviceID(DeviceIndex = 0)
T1FE8 11721:448.455 - 0.023ms returns 1268778103
T1FE8 11721:448.472 JLINK_ReadMemU32(0x400E0740, 0x1 Items)
T1FE8 11721:448.506   CPU_ReadMem(4 bytes @ 0x400E0740)
T1FE8 11721:449.005   Data:  61 05 99 28
T1FE8 11721:449.023 - 0.554ms returns 1 (0x1)
T1FE8 11721:449.062 JLINK_ReadMemU32(0x400E0744, 0x1 Items)
T1FE8 11721:449.076   CPU_ReadMem(4 bytes @ 0x400E0744)
T1FE8 11721:449.574   Data:  00 00 00 00
T1FE8 11721:449.591 - 0.533ms returns 1 (0x1)
T1FE8 11721:449.662 JLINK_BeginDownload(Flags = 0x00000000)
T1FE8 11721:449.672 - 0.014ms
T1FE8 11721:449.698 JLINK_WriteMem(0x400E0A04, 0x4 Bytes, ...)
T1FE8 11721:449.719   Data:  05 00 00 5A
T1FE8 11721:449.749   CPU_WriteMem(4 bytes @ 0x400E0A04)
T1FE8 11721:450.173 - 0.483ms returns 0x4
T1FE8 11721:450.219 JLINK_EndDownload()
T1FE8 11721:450.230 - 0.015ms returns 0 (0x0)
T1FE8 11721:450.240 JLINK_ReadMemHW(0x400E0A08, 0x0004 Bytes, ...)
T1FE8 11721:450.251   CPU_ReadMem(4 bytes @ 0x400E0A08)
T1FE8 11721:450.724   Data:  00 00 00 00
T1FE8 11721:450.742 - 0.505ms returns 0
T1FE8 11721:455.913 JLINK_ReadMemHW(0x400E0A08, 0x0004 Bytes, ...)
T1FE8 11721:455.950   CPU_ReadMem(4 bytes @ 0x400E0A08)
T1FE8 11721:456.438   Data:  00 00 00 00
T1FE8 11721:456.457 - 0.547ms returns 0
T1FE8 11721:460.861 JLINK_ReadMemHW(0x400E0A08, 0x0004 Bytes, ...)
T1FE8 11721:460.927   CPU_ReadMem(4 bytes @ 0x400E0A08)
T1FE8 11721:461.454   Data:  01 00 00 00
T1FE8 11721:461.474 - 0.617ms returns 0
T35AC 11721:461.541 JLINK_IsHalted()
T35AC 11721:461.558 - 0.021ms returns TRUE
T35AC 11721:461.570 JLINK_GetMOEs(...)
T35AC 11721:461.581   CPU_ReadMem(4 bytes @ 0xE000ED30)
T35AC 11721:462.053 - 0.493ms returns 0x01
T35AC 11721:462.073 JLINK_ReadReg(R15 (PC))
T35AC 11721:462.086 - 0.016ms returns 0x0040085C
T1FE8 11721:462.843 JLINK_ResetPullsRESET(ON)
T1FE8 11721:462.869 - 0.033ms
T1FE8 11721:462.887 JLINK_ResetNoHalt()
T1FE8 11721:464.092   TotalIRLen = 4, IRPrint = 0x01
T1FE8 11721:464.704   JTAG chain detection found 1 devices:
T1FE8 11721:464.731    #0 Id: 0x4BA00477, IRLen: 04, CoreSight JTAG-DP
T1FE8 11721:468.674   Old FW that does not support reading DPIDR via DAP jobs
T1FE8 11721:472.226   DPv0 detected
T1FE8 11721:472.267   AP map detection skipped. Manually configured AP map found.
T1FE8 11721:472.288   AP[0]: AHB-AP (IDR: Not set)
T1FE8 11721:477.022   AP[0]: Core found
T1FE8 11721:477.056   AP[0]: AHB-AP ROM base: 0xE00FF000
T1FE8 11721:479.376   CPUID register: 0x412FC230. Implementer code: 0x41 (ARM)
T1FE8 11721:479.402   Found Cortex-M3 r2p0, Little endian.
T1FE8 11721:479.587   -- Max. mem block: 0x00001F48
T1FE8 11721:479.623   CPU_ReadMem(4 bytes @ 0xE000EDF0)
T1FE8 11721:480.065   CPU_ReadMem(4 bytes @ 0xE0002000)
T1FE8 11721:480.518   FPUnit: 6 code (BP) slots and 2 literal slots
T1FE8 11721:480.535   CPU_ReadMem(4 bytes @ 0xE000EDFC)
T1FE8 11721:480.943   CPU_ReadMem(4 bytes @ 0xE0001000)
T1FE8 11721:481.374   CPU_ReadMem(4 bytes @ 0xE000ED88)
T1FE8 11721:481.813   CPU_WriteMem(4 bytes @ 0xE000ED88)
T1FE8 11721:482.166   CPU_ReadMem(4 bytes @ 0xE000ED88)
T1FE8 11721:482.593   CPU_WriteMem(4 bytes @ 0xE000ED88)
T1FE8 11721:482.985   CoreSight components:
T1FE8 11721:483.011   ROMTbl[0] @ E00FF000
T1FE8 11721:483.024   CPU_ReadMem(64 bytes @ 0xE00FF000)
T1FE8 11721:484.236   CPU_ReadMem(32 bytes @ 0xE000EFE0)
T1FE8 11721:484.891   ROMTbl[0][0]: E000E000, CID: B105E00D, PID: 002BB000 SCS
T1FE8 11721:484.909   CPU_WriteMem(4 bytes @ 0xE0001000)
T1FE8 11721:485.306   CPU_ReadMem(32 bytes @ 0xE0001FE0)
T1FE8 11721:485.974   ROMTbl[0][1]: E0001000, CID: B105E00D, PID: 002BB002 DWT
T1FE8 11721:485.991   CPU_ReadMem(32 bytes @ 0xE0002FE0)
T1FE8 11721:486.644   ROMTbl[0][2]: E0002000, CID: B105E00D, PID: 002BB003 FPB
T1FE8 11721:486.662   CPU_ReadMem(32 bytes @ 0xE0000FE0)
T1FE8 11721:487.329   ROMTbl[0][3]: E0000000, CID: B105E00D, PID: 002BB001 ITM
T1FE8 11721:487.354   CPU_ReadMem(32 bytes @ 0xE0040FE0)
T1FE8 11721:488.112   ROMTbl[0][4]: E0040000, CID: B105900D, PID: 002BB923 TPIU-Lite
T1FE8 11721:488.154   JLINK_Reset()
T1FE8 11721:488.316     CPU_ReadMem(16 bytes @ 0x20000000)
T1FE8 11721:488.963     CPU_WriteMem(16 bytes @ 0x20000000)
T1FE8 11721:489.555     CPU_ReadMem(4 bytes @ 0xE000EDFC)
T1FE8 11721:490.069     CPU_WriteMem(4 bytes @ 0xE000EDFC)
T1FE8 11721:490.530     CPU_ReadMem(4 bytes @ 0xE0001000)
T1FE8 11721:491.097     CPU_WriteMem(4 bytes @ 0xE0001004)
T1FE8 11721:506.803     CPU_WriteMem(4 bytes @ 0xE000ED0C)
T1FE8 11721:507.314     CPU_ReadMem(4 bytes @ 0xE000EDF0)
T1FE8 11721:507.861     CPU_ReadMem(4 bytes @ 0xE000EDF0)
T1FE8 11721:508.425     CPU_WriteMem(4 bytes @ 0xE000EDFC)
T1FE8 11721:508.956     CPU_WriteMem(16 bytes @ 0x20000000)
T1FE8 11721:513.063     CPU_WriteMem(4 bytes @ 0xE0002000)
T1FE8 11721:513.895     CPU_ReadMem(4 bytes @ 0xE000EDFC)
T1FE8 11721:514.780     CPU_ReadMem(4 bytes @ 0xE0001000)
T1FE8 11721:515.697   - 27.574ms
T1FE8 11721:515.739   JLINK_Go()
T1FE8 11721:515.754     CPU_ReadMem(4 bytes @ 0xE0001000)
T1FE8 11721:516.532     CPU_WriteMem(4 bytes @ 0xE0001004)
T1FE8 11721:517.897   - 2.173ms
T1FE8 11721:517.919 - 55.035ms
T1FE8 11721:518.260 JLINK_TIF_Select(JLINKARM_TIF_JTAG)
T1FE8 11721:518.283 - 0.027ms returns 0x00
T1FE8 11721:518.296 JLINK_ConfigJTAG(IRPre = 0, DRPre = 0)
T1FE8 11721:518.303 - 0.011ms
T1FE8 11721:518.314 JLINK_SetSpeed(4000)
T1FE8 11721:518.522 - 0.224ms
T1FE8 11721:518.549 JLINK_ResetPullsRESET(OFF)
T1FE8 11721:518.557 - 0.011ms
T1FE8 11721:518.567 JLINK_Connect()
T1FE8 11721:520.105   TotalIRLen = 4, IRPrint = 0x01
T1FE8 11721:520.740   JTAG chain detection found 1 devices:
T1FE8 11721:520.787    #0 Id: 0x4BA00477, IRLen: 04, CoreSight JTAG-DP
T1FE8 11721:525.360   Old FW that does not support reading DPIDR via DAP jobs
T1FE8 11721:529.017   DPv0 detected
T1FE8 11721:529.045   AP map detection skipped. Manually configured AP map found.
T1FE8 11721:529.065   AP[0]: AHB-AP (IDR: Not set)
T1FE8 11721:533.979   AP[0]: Core found
T1FE8 11721:534.008   AP[0]: AHB-AP ROM base: 0xE00FF000
T1FE8 11721:536.334   CPUID register: 0x412FC230. Implementer code: 0x41 (ARM)
T1FE8 11721:536.361   Found Cortex-M3 r2p0, Little endian.
T1FE8 11721:536.511   -- Max. mem block: 0x00001F48
T1FE8 11721:536.548   CPU_ReadMem(4 bytes @ 0xE000EDF0)
T1FE8 11721:536.983   CPU_ReadMem(4 bytes @ 0xE0002000)
T1FE8 11721:537.435   FPUnit: 6 code (BP) slots and 2 literal slots
T1FE8 11721:537.453   CPU_ReadMem(4 bytes @ 0xE000EDFC)
T1FE8 11721:537.951   CPU_ReadMem(4 bytes @ 0xE0001000)
T1FE8 11721:538.412   CPU_WriteMem(4 bytes @ 0xE0001000)
T1FE8 11721:538.846   CPU_ReadMem(4 bytes @ 0xE000ED88)
T1FE8 11721:539.323   CPU_WriteMem(4 bytes @ 0xE000ED88)
T1FE8 11721:539.749   CPU_ReadMem(4 bytes @ 0xE000ED88)
T1FE8 11721:540.218   CPU_WriteMem(4 bytes @ 0xE000ED88)
T1FE8 11721:540.651   CoreSight components:
T1FE8 11721:540.678   ROMTbl[0] @ E00FF000
T1FE8 11721:540.691   CPU_ReadMem(64 bytes @ 0xE00FF000)
T1FE8 11721:541.952   CPU_ReadMem(32 bytes @ 0xE000EFE0)
T1FE8 11721:542.665   ROMTbl[0][0]: E000E000, CID: B105E00D, PID: 002BB000 SCS
T1FE8 11721:542.683   CPU_ReadMem(32 bytes @ 0xE0001FE0)
T1FE8 11721:543.393   ROMTbl[0][1]: E0001000, CID: B105E00D, PID: 002BB002 DWT
T1FE8 11721:543.420   CPU_ReadMem(32 bytes @ 0xE0002FE0)
T1FE8 11721:544.133   ROMTbl[0][2]: E0002000, CID: B105E00D, PID: 002BB003 FPB
T1FE8 11721:544.158   CPU_ReadMem(32 bytes @ 0xE0000FE0)
T1FE8 11721:544.930   ROMTbl[0][3]: E0000000, CID: B105E00D, PID: 002BB001 ITM
T1FE8 11721:544.948   CPU_ReadMem(32 bytes @ 0xE0040FE0)
T1FE8 11721:545.671   ROMTbl[0][4]: E0040000, CID: B105900D, PID: 002BB923 TPIU-Lite
T1FE8 11721:545.691 - 27.128ms returns 0x00
T1FE8 11721:545.768 JLINK_Halt()
T1FE8 11721:549.273 - 3.516ms returns 0x00
T1FE8 11721:549.426 JLINK_BeginDownload(Flags = 0x00000000)
T1FE8 11721:549.437 - 0.014ms
T1FE8 11721:549.461 JLINK_WriteMem(0x400E0A04, 0x4 Bytes, ...)
T1FE8 11721:549.470   Data:  0B 01 00 5A
T1FE8 11721:549.593   CPU_WriteMem(4 bytes @ 0x400E0A04)
T1FE8 11721:550.143 - 0.694ms returns 0x4
T1FE8 11721:550.193 JLINK_EndDownload()
T1FE8 11721:550.205 - 0.014ms returns 0 (0x0)
T1FE8 11721:550.215 JLINK_ReadMemHW(0x400E0A08, 0x0004 Bytes, ...)
T1FE8 11721:550.226   CPU_ReadMem(4 bytes @ 0x400E0A08)
T1FE8 11721:550.865   Data:  01 00 00 00
T1FE8 11721:550.882 - 0.670ms returns 0
T1FE8 11721:550.920 JLINK_SetResetType(JLINKARM_CM3_RESET_TYPE_NORMAL)
T1FE8 11721:550.929 - 0.012ms returns JLINKARM_CM3_RESET_TYPE_NORMAL
T1FE8 11721:550.938 JLINK_Reset()
T1FE8 11721:550.952   CPU_ReadMem(16 bytes @ 0x20000000)
T1FE8 11721:551.630   CPU_WriteMem(16 bytes @ 0x20000000)
T1FE8 11721:552.550   CPU_ReadMem(4 bytes @ 0xE000EDFC)
T1FE8 11721:553.467   CPU_WriteMem(4 bytes @ 0xE000EDFC)
T1FE8 11721:554.150   CPU_ReadMem(4 bytes @ 0xE0001000)
T1FE8 11721:570.342   CPU_WriteMem(4 bytes @ 0xE000ED0C)
T1FE8 11721:570.895   CPU_ReadMem(4 bytes @ 0xE000EDF0)
T1FE8 11721:571.743   CPU_ReadMem(4 bytes @ 0xE000EDF0)
T1FE8 11721:572.667   CPU_WriteMem(4 bytes @ 0xE000EDFC)
T1FE8 11721:573.612   CPU_WriteMem(16 bytes @ 0x20000000)
T1FE8 11721:578.588   CPU_WriteMem(4 bytes @ 0xE0002000)
T1FE8 11721:579.569   CPU_ReadMem(4 bytes @ 0xE000EDFC)
T1FE8 11721:580.171   CPU_ReadMem(4 bytes @ 0xE0001000)
T1FE8 11721:580.764 - 29.840ms
T1FE8 11721:581.987 JLINK_JTAG_GetDeviceID(DeviceIndex = 0)
T1FE8 11721:582.001 - 0.018ms returns 1268778103
T1FE8 11721:582.013 JLINK_ReadMemU32(0x400E0740, 0x1 Items)
T1FE8 11721:582.031   CPU_ReadMem(4 bytes @ 0x400E0740)
T1FE8 11721:582.517   Data:  61 05 99 28
T1FE8 11721:582.534 - 0.525ms returns 1 (0x1)
T1FE8 11721:582.571 JLINK_ReadMemU32(0x400E0744, 0x1 Items)
T1FE8 11721:582.586   CPU_ReadMem(4 bytes @ 0x400E0744)
T1FE8 11721:583.054   Data:  00 00 00 00
T1FE8 11721:583.071 - 0.503ms returns 1 (0x1)
T3FF8 11721:592.716 JLINK_IsHalted()
T3FF8 11721:592.749 - 0.037ms returns TRUE
T3FF8 11721:592.761 JLINK_GetMOEs(...)
T3FF8 11721:592.775   CPU_ReadMem(4 bytes @ 0xE000ED30)
T3FF8 11721:593.311 - 0.560ms returns 0x01
T3FF8 11721:593.332 JLINK_ReadReg(R15 (PC))
T3FF8 11721:593.344 - 0.016ms returns 0xFFFFFFFE
T1FE8 11721:593.967 JLINK_BeginDownload(Flags = 0x00000000)
T1FE8 11721:593.983 - 0.019ms
T1FE8 11721:594.004 JLINK_WriteMem(0x00400000, 0x1998 Bytes, ...)
T1FE8 11721:594.013   Data:  20 31 00 20 5D 08 40 00 59 08 40 00 59 08 40 00 ...
T1FE8 11721:594.345   completely In flash
T1FE8 11721:594.374    -- Read from flash cache (6552 bytes @ 0x00400000)
T1FE8 11721:594.387 - 0.386ms returns 0x1998
T1FE8 11721:594.728 JLINK_WriteMem(0x00401998, 0x52C Bytes, ...)
T1FE8 11721:594.748   Data:  4F F4 40 72 1F 4B 1A 60 A3 F5 C0 63 1B 6A 13 F0 ...
T1FE8 11721:594.773   completely In flash
T1FE8 11721:594.795    -- Read from flash cache (1324 bytes @ 0x00401998)
T1FE8 11721:594.815 - 0.095ms returns 0x52C
T1FE8 11721:598.736 JLINK_EndDownload()
T1FE8 11721:598.982   Old firmware which does not support pausing periodic actions during flash download
T1FE8 11721:599.008   CPU_ReadMem(4 bytes @ 0xE000ED90)
T1FE8 11721:599.569   CPU_ReadMem(4 bytes @ 0xE000ED94)
T1FE8 11721:600.124    -- --------------------------------------
T1FE8 11721:600.143   Flash bank @ 0x00400000: Default: L2 verify disabled because algorithm performs L1 verify
T1FE8 11721:600.154    -- Start of determining dirty areas in flash cache
T1FE8 11721:600.192    -- End of determining dirty areas
T1FE8 11721:600.254    -- Start of preparing flash programming
T1FE8 11721:600.265    -- Calculating RAM usage
T1FE8 11721:600.285    -- RAM usage = 2692 Bytes
T1FE8 11721:600.295    -- Preserving CPU registers
T1FE8 11721:600.321    -- Preparing memory
T1FE8 11721:600.332    -- Preparing target
T1FE8 11721:602.292    -- Preserving target RAM temporarily used for programming
T1FE8 11721:618.752    -- Downloading RAMCode
T1FE8 11721:638.445    -- Preparing RAMCode
T1FE8 11721:647.416    -- Checking target RAM
T1FE8 11721:651.434    -- End of preparing flash programming
T1FE8 11721:651.665   Looking for J-Link GUI Server exe at: C:\Program Files (x86)\Atmel\Studio\7.0\atbackend\JLinkGUIServer.exe
T1FE8 11721:651.807   Looking for J-Link GUI Server exe at: \JLinkGUIServer.exe
T1FE8 11721:952.464   Failed to connect to J-Link GUI Server.
T1FE8 11721:960.230    -- CPU speed could not be measured.
T1FE8 11721:960.258    -- Start of comparing flash
T1FE8 11721:960.269    -- CRC check was estimated as fastest method
T1FE8 11721:960.284    -- Comparing range 0x400000 - 0x401EFF (31 Sectors, 7 KiB), using multi-block CRC calculation
T1FE8 11721:975.766    -- CRC does not match for sectors 0-30
T1FE8 11721:975.795    -- End of comparing flash
T1FE8 11721:975.806    -- Start of erasing sectors
T1FE8 11721:975.817    -- End of erasing sectors
T1FE8 11721:975.828    -- Start of flash programming
T1FE8 11721:975.840    -- Programming range 0x00400000 - 0x00401EFF ( 31 Sectors, 7 KB)
T1FE8 11722:071.251    -- End of flash programming
T1FE8 11722:071.281    -- 0x400000 - 0x401EFF ( 31 Sectors, 7 KoB)
T1FE8 11722:071.294    -- Start of restoring
T1FE8 11722:071.306    -- Restoring RAMCode
T1FE8 11722:083.837    -- Restoring target memory
T1FE8 11722:106.673    -- Restore target
T1FE8 11722:106.709    -- Restore memory
T1FE8 11722:106.722    -- Restoring CPU registers
T1FE8 11722:106.750    -- End of restoring
T1FE8 11722:106.859    -- Bank 0 @ 0x00400000: 1 range affected (7936 bytes)
T1FE8 11722:106.886    -- Total: 0.506s (Prepare: 0.360s, Compare: 0.015s, Erase: 0.000s, Program & Verify: 0.103s, Restore: 0.027s)
T1FE8 11722:106.909    -- Program & Verify speed: 75 KiB/s
T1FE8 11722:109.886 - 511.164ms returns 7936 (0x1F00)
T1FE8 11722:109.954 JLINK_SetResetType(JLINKARM_CM3_RESET_TYPE_NORMAL)
T1FE8 11722:109.964 - 0.013ms returns JLINKARM_CM3_RESET_TYPE_NORMAL
T1FE8 11722:109.975 JLINK_Reset()
T1FE8 11722:110.343   CPU_ReadMem(16 bytes @ 0x20000000)
T1FE8 11722:110.919   CPU_WriteMem(16 bytes @ 0x20000000)
T1FE8 11722:111.865   CPU_ReadMem(4 bytes @ 0xE000EDFC)
T1FE8 11722:112.398   CPU_WriteMem(4 bytes @ 0xE000EDFC)
T1FE8 11722:112.861   CPU_ReadMem(4 bytes @ 0xE0001000)
T1FE8 11722:128.963   CPU_WriteMem(4 bytes @ 0xE000ED0C)
T1FE8 11722:129.388   CPU_ReadMem(4 bytes @ 0xE000EDF0)
T1FE8 11722:129.853   CPU_ReadMem(4 bytes @ 0xE000EDF0)
T1FE8 11722:130.324   CPU_WriteMem(4 bytes @ 0xE000EDFC)
T1FE8 11722:130.815   CPU_WriteMem(16 bytes @ 0x20000000)
T1FE8 11722:134.420   CPU_WriteMem(4 bytes @ 0xE0002000)
T1FE8 11722:134.872   CPU_ReadMem(4 bytes @ 0xE000EDFC)
T1FE8 11722:135.322   CPU_ReadMem(4 bytes @ 0xE0001000)
T1FE8 11722:135.907 - 25.942ms
T3FF8 11722:199.533 JLINK_IsHalted()
T3FF8 11722:199.557 - 0.027ms returns TRUE
T3FF8 11722:402.052 JLINK_IsHalted()
T3FF8 11722:402.076 - 0.028ms returns TRUE
T3220 11722:482.026 JLINK_Halt()
T3220 11722:482.044 - 0.021ms returns 0x00
T3220 11722:482.491 JLINK_ReadReg(R15 (PC))
T3220 11722:482.510 - 0.023ms returns 0x0040085C
T3220 11722:482.525 JLINK_ReadReg(R13 (SP))
T3220 11722:482.534 - 0.012ms returns 0x20003120
T3220 11722:502.480 JLINK_ReadMemHW(0x0040085C, 0x0004 Bytes, ...)
T3220 11722:502.512   CPU_ReadMem(4 bytes @ 0x0040085C)
T3220 11722:503.217   Data:  08 B5 1C 4B
T3220 11722:503.241 - 0.765ms returns 0
T3220 11722:503.612 JLINK_ReadReg(R0)
T3220 11722:503.641 - 0.036ms returns 0x400E1400
T3220 11722:503.664 JLINK_ReadReg(R1)
T3220 11722:503.686 - 0.029ms returns 0x00000000
T3220 11722:503.776 JLINK_ReadReg(R2)
T3220 11722:503.792 - 0.020ms returns 0xA5000004
T3220 11722:503.805 JLINK_ReadReg(R3)
T3220 11722:503.813 - 0.012ms returns 0x00000006
T3220 11722:503.824 JLINK_ReadReg(R4)
T3220 11722:503.832 - 0.011ms returns 0x200005D0
T3220 11722:503.844 JLINK_ReadReg(R5)
T3220 11722:503.853 - 0.012ms returns 0x0003186E
T3220 11722:503.864 JLINK_ReadReg(R6)
T3220 11722:503.872 - 0.011ms returns 0x20000FF8
T3220 11722:503.883 JLINK_ReadReg(R7)
T3220 11722:503.891 - 0.011ms returns 0x200006F8
T3220 11722:503.903 JLINK_ReadReg(R8)
T3220 11722:503.911 - 0.011ms returns 0x200005CA
T3220 11722:503.922 JLINK_ReadReg(R9)
T3220 11722:503.931 - 0.012ms returns 0x200005D4
T3220 11722:503.942 JLINK_ReadReg(R10)
T3220 11722:503.951 - 0.012ms returns 0x00400365
T3220 11722:503.962 JLINK_ReadReg(R11)
T3220 11722:503.970 - 0.011ms returns 0x00000000
T3220 11722:503.982 JLINK_ReadReg(R12)
T3220 11722:503.991 - 0.012ms returns 0x00000001
T3220 11722:504.003 JLINK_ReadReg(R13 (SP))
T3220 11722:504.012 - 0.012ms returns 0x20003120
T3220 11722:504.025 JLINK_ReadReg(R14)
T3220 11722:504.034 - 0.012ms returns 0xFFFFFFFF
T3220 11722:504.046 JLINK_ReadReg(R15 (PC))
T3220 11722:504.055 - 0.013ms returns 0x0040085C
T3220 11722:504.075 JLINK_ReadReg(XPSR)
T3220 11722:504.085 - 0.013ms returns 0x01000000
T3220 11722:504.096 JLINK_ReadReg(MSP)
T3220 11722:504.105 - 0.011ms returns 0x20003120
T3220 11722:504.116 JLINK_ReadReg(PSP)
T3220 11722:504.125 - 0.012ms returns 0xC8420018
T3220 11722:504.137 JLINK_ReadReg(PRIMASK)
T3220 11722:504.146 - 0.012ms returns 0x00000000
T3220 11722:504.160 JLINK_ReadReg(BASEPRI)
T3220 11722:504.170 - 0.014ms returns 0x00000000
T3220 11722:504.183 JLINK_ReadReg(FAULTMASK)
T3220 11722:504.194 - 0.015ms returns 0x00000000
T3220 11722:504.208 JLINK_ReadReg(CONTROL)
T3220 11722:504.218 - 0.013ms returns 0x00000000
T3220 11722:504.589 JLINK_ReadMemHW(0x0040085C, 0x0002 Bytes, ...)
T3220 11722:504.614   CPU_ReadMem(2 bytes @ 0x0040085C)
T3220 11722:505.106   Data:  08 B5
T3220 11722:505.125 - 0.540ms returns 0
T3220 11722:602.257 JLINK_ReadReg(R0)
T3220 11722:602.287 - 0.034ms returns 0x400E1400
T3220 11722:602.302 JLINK_ReadReg(R1)
T3220 11722:602.310 - 0.012ms returns 0x00000000
T3220 11722:602.322 JLINK_ReadReg(R2)
T3220 11722:602.331 - 0.012ms returns 0xA5000004
T3220 11722:602.342 JLINK_ReadReg(R3)
T3220 11722:602.350 - 0.011ms returns 0x00000006
T3220 11722:602.361 JLINK_ReadReg(R4)
T3220 11722:602.369 - 0.011ms returns 0x200005D0
T3220 11722:602.380 JLINK_ReadReg(R5)
T3220 11722:602.388 - 0.011ms returns 0x0003186E
T3220 11722:602.399 JLINK_ReadReg(R6)
T3220 11722:602.407 - 0.011ms returns 0x20000FF8
T3220 11722:602.418 JLINK_ReadReg(R7)
T3220 11722:602.425 - 0.011ms returns 0x200006F8
T3220 11722:602.436 JLINK_ReadReg(R8)
T3220 11722:602.444 - 0.011ms returns 0x200005CA
T3220 11722:602.455 JLINK_ReadReg(R9)
T3220 11722:602.463 - 0.011ms returns 0x200005D4
T3220 11722:602.474 JLINK_ReadReg(R10)
T3220 11722:602.481 - 0.011ms returns 0x00400365
T3220 11722:602.492 JLINK_ReadReg(R11)
T3220 11722:602.500 - 0.011ms returns 0x00000000
T3220 11722:602.511 JLINK_ReadReg(R12)
T3220 11722:602.519 - 0.011ms returns 0x00000001
T3220 11722:602.529 JLINK_ReadReg(R13 (SP))
T3220 11722:602.538 - 0.011ms returns 0x20003120
T3220 11722:602.549 JLINK_ReadReg(R14)
T3220 11722:602.556 - 0.011ms returns 0xFFFFFFFF
T3220 11722:602.567 JLINK_ReadReg(R15 (PC))
T3220 11722:602.575 - 0.011ms returns 0x0040085C
T3220 11722:602.594 JLINK_ReadReg(XPSR)
T3220 11722:602.602 - 0.011ms returns 0x01000000
T3220 11722:602.613 JLINK_ReadReg(MSP)
T3220 11722:602.621 - 0.011ms returns 0x20003120
T3220 11722:602.631 JLINK_ReadReg(PSP)
T3220 11722:602.639 - 0.011ms returns 0xC8420018
T3220 11722:602.650 JLINK_ReadReg(PRIMASK)
T3220 11722:602.658 - 0.011ms returns 0x00000000
T3220 11722:602.669 JLINK_ReadReg(BASEPRI)
T3220 11722:602.676 - 0.011ms returns 0x00000000
T3220 11722:602.687 JLINK_ReadReg(FAULTMASK)
T3220 11722:602.695 - 0.011ms returns 0x00000000
T3220 11722:602.760 JLINK_ReadReg(CONTROL)
T3220 11722:602.773 - 0.016ms returns 0x00000000
T3FF8 11722:602.916 JLINK_IsHalted()
T3FF8 11722:602.959 - 0.050ms returns TRUE
T3220 11722:668.015 JLINK_ReadMemHW(0x0040085C, 0x0004 Bytes, ...)
T3220 11722:668.048   CPU_ReadMem(4 bytes @ 0x0040085C)
T3220 11722:668.586   Data:  08 B5 1C 4B
T3220 11722:668.604 - 0.593ms returns 0
T3220 11722:713.496 JLINK_ReadMemHW(0x004013E2, 0x0002 Bytes, ...)
T3220 11722:713.539   CPU_ReadMem(2 bytes @ 0x004013E2)
T3220 11722:714.146   Data:  4F F4
T3220 11722:714.166 - 0.674ms returns 0
T3220 11722:714.781 JLINK_ReadMemHW(0x00401468, 0x0002 Bytes, ...)
T3220 11722:714.800   CPU_ReadMem(2 bytes @ 0x00401468)
T3220 11722:715.283   Data:  4F F0
T3220 11722:715.300 - 0.522ms returns 0
T1FE8 11722:735.812 JLINK_GetNumBPUnits(Type = 0xFFFFFF02)
T1FE8 11722:735.839 - 0.031ms returns 0x06
T1FE8 11722:735.850 JLINK_SetBPEx(Addr = 0x00401468, Type = 0xFFFFFFF2)
T1FE8 11722:735.863 - 0.017ms returns 0x00000001
T1FE8 11722:735.873 JLINK_GetBPInfo(BPHandle = 1)
T1FE8 11722:735.880 - 0.010ms returns 0x0
T3FF8 11722:803.125 JLINK_IsHalted()
T3FF8 11722:803.591 - 0.484ms returns TRUE
T3220 11722:807.401 JLINK_SetResetType(JLINKARM_CM3_RESET_TYPE_NORMAL)
T3220 11722:807.424 - 0.029ms returns JLINKARM_CM3_RESET_TYPE_NORMAL
T3220 11722:807.444 JLINK_Reset()
T3220 11722:807.495   CPU_ReadMem(16 bytes @ 0x20000000)
T3220 11722:808.237   CPU_WriteMem(16 bytes @ 0x20000000)
T3220 11722:809.271   CPU_ReadMem(4 bytes @ 0xE000EDFC)
T3220 11722:810.290   CPU_WriteMem(4 bytes @ 0xE000EDFC)
T3220 11722:811.273   CPU_ReadMem(4 bytes @ 0xE0001000)
T3220 11722:812.215   CPU_WriteMem(4 bytes @ 0xE0001004)
T3220 11722:829.437   CPU_WriteMem(4 bytes @ 0xE000ED0C)
T3220 11722:830.496   CPU_ReadMem(4 bytes @ 0xE000EDF0)
T3220 11722:831.157   CPU_ReadMem(4 bytes @ 0xE000EDF0)
T3220 11722:832.198   CPU_WriteMem(4 bytes @ 0xE000EDFC)
T3220 11722:833.209   CPU_WriteMem(16 bytes @ 0x20000000)
T3220 11722:837.563   CPU_WriteMem(4 bytes @ 0xE0002000)
T3220 11722:838.207   CPU_ReadMem(4 bytes @ 0xE000EDFC)
T3220 11722:839.304   CPU_ReadMem(4 bytes @ 0xE0001000)
T3220 11722:840.373 - 32.954ms
T3FF8 11722:840.529 JLINK_IsHalted()
T3FF8 11722:840.548 - 0.022ms returns TRUE
T3FF8 11722:840.560 JLINK_GetMOEs(...)
T3FF8 11722:840.572   CPU_ReadMem(4 bytes @ 0xE000ED30)
T3FF8 11722:841.118 - 0.574ms returns 0x01
T3FF8 11722:841.146 JLINK_ReadReg(R15 (PC))
T3FF8 11722:841.160 - 0.018ms returns 0x0040085C
T3220 11722:851.251 JLINK_ReadReg(R15 (PC))
T3220 11722:851.288 - 0.041ms returns 0x0040085C
T3220 11722:851.305 JLINK_ReadReg(R13 (SP))
T3220 11722:851.314 - 0.013ms returns 0x20003120
T3220 11722:851.823 JLINK_ReadMemHW(0x0040085C, 0x0004 Bytes, ...)
T3220 11722:851.858   CPU_ReadMem(4 bytes @ 0x0040085C)
T3220 11722:852.423   Data:  08 B5 1C 4B
T3220 11722:852.444 - 0.626ms returns 0
T3220 11722:901.820 JLINK_ReadMemHW(0x004013DC, 0x0001 Bytes, ...)
T3220 11722:901.850   CPU_ReadMem(1 bytes @ 0x004013DC)
T3220 11722:902.374   Data:  2D
T3220 11722:902.392 - 0.576ms returns 0
T3220 11722:948.087 JLINK_ReadReg(R15 (PC))
T3220 11722:948.127 - 0.045ms returns 0x0040085C
T3220 11722:949.119 JLINK_SetBPEx(Addr = 0x004013DC, Type = 0xFFFFFFF2)
T3220 11722:949.144 - 0.029ms returns 0x00000002
T3220 11722:949.155 JLINK_GetBPInfo(BPHandle = 2)
T3220 11722:949.165 - 0.018ms returns 0x0
T3220 11722:949.395 JLINK_Go()
T3220 11722:949.857   CPU_ReadMem(4 bytes @ 0xE0001000)
T3220 11722:950.432   CPU_WriteMem(4 bytes @ 0xE000ED30)
T3220 11722:951.396   CPU_WriteMem(4 bytes @ 0xE0002008)
T3220 11722:951.429   CPU_WriteMem(4 bytes @ 0xE000200C)
T3220 11722:951.440   CPU_WriteMem(4 bytes @ 0xE0002010)
T3220 11722:951.451   CPU_WriteMem(4 bytes @ 0xE0002014)
T3220 11722:951.462   CPU_WriteMem(4 bytes @ 0xE0002018)
T3220 11722:951.473   CPU_WriteMem(4 bytes @ 0xE000201C)
T3220 11722:953.879   CPU_WriteMem(4 bytes @ 0xE0001004)
T3220 11722:955.707 - 6.333ms
T3FF8 11722:955.793 JLINK_IsHalted()
T3FF8 11722:956.281 - 0.555ms returns FALSE
T3FF8 11722:977.132 JLINK_IsHalted()
T3FF8 11722:980.752 - 3.647ms returns TRUE
T3FF8 11722:980.793 JLINK_GetMOEs(...)
T3FF8 11722:980.807   CPU_ReadMem(4 bytes @ 0xE000ED30)
T3FF8 11722:981.813 - 1.045ms returns 0x01
T3FF8 11722:981.854 JLINK_ReadReg(R15 (PC))
T3FF8 11722:981.870 - 0.021ms returns 0x004013DC
T3220 11722:987.734 JLINK_ReadReg(R15 (PC))
T3220 11722:987.771 - 0.041ms returns 0x004013DC
T3220 11722:987.787 JLINK_ReadReg(R13 (SP))
T3220 11722:987.797 - 0.013ms returns 0x20003118
T3220 11722:988.284 JLINK_ReadMemHW(0x004013DC, 0x0004 Bytes, ...)
T3220 11722:988.312   CPU_ReadMem(4 bytes @ 0x004013DC)
T3220 11722:988.955   Data:  2D E9 F0 4F
T3220 11722:988.972 - 0.692ms returns 0
T3220 11723:011.665 JLINK_WriteU32_64(0xE000EDFC, 0x01000000)
T3220 11723:011.687   Debug reg: DEMCR
T3220 11723:011.982   CPU_WriteMem(4 bytes @ 0xE000EDFC)
T3220 11723:012.882 - 1.239ms returns 0 (0x00000000)
T3220 11723:012.917 JLINK_ReadMem(0xE0001000, 0x4 Bytes, ...)
T3220 11723:012.935   CPU_ReadMem(4 bytes @ 0xE0001000)
T3220 11723:013.894   Data:  01 00 00 40
T3220 11723:013.924   Debug reg: DWT_CTRL
T3220 11723:013.935 - 1.022ms returns 0
T3220 11723:014.006 JLINK_WriteU32_64(0xE0001000, 0x40000001)
T3220 11723:014.017   Debug reg: DWT_CTRL
T3220 11723:014.038 - 0.036ms returns 0 (0x00000000)
T3220 11723:014.061 JLINK_WriteU32_64(0xE0001028, 0x00000100)
T3220 11723:014.071   Debug reg: DWT_FUNC[0]
T3220 11723:014.085 - 0.029ms returns 0 (0x00000000)
T3220 11723:014.096 JLINK_ReadMem(0xE0001028, 0x4 Bytes, ...)
T3220 11723:014.109   CPU_WriteMem(4 bytes @ 0xE0001028)
T3220 11723:014.536   CPU_ReadMem(4 bytes @ 0xE0001028)
T3220 11723:015.483   Data:  00 00 00 00
T3220 11723:015.513   Debug reg: DWT_FUNC[0]
T3220 11723:015.524 - 1.431ms returns 0
T3220 11723:015.594 JLINK_WriteU32_64(0xE0001024, 0x0000001F)
T3220 11723:015.605   Debug reg: DWT_MASK[0]
T3220 11723:015.625 - 0.035ms returns 0 (0x00000000)
T3220 11723:015.637 JLINK_ReadMem(0xE0001024, 0x4 Bytes, ...)
T3220 11723:015.649   CPU_WriteMem(4 bytes @ 0xE0001024)
T3220 11723:016.166   CPU_ReadMem(4 bytes @ 0xE0001024)
T3220 11723:017.134   Data:  0F 00 00 00
T3220 11723:017.165   Debug reg: DWT_MASK[0]
T3220 11723:017.175 - 1.542ms returns 0
T3220 11723:020.397 JLINK_WriteU32_64(0xE0001038, 0x00000100)
T3220 11723:020.419   Debug reg: DWT_FUNC[1]
T3220 11723:020.449 - 0.059ms returns 0 (0x00000000)
T3220 11723:020.465 JLINK_ReadMem(0xE0001038, 0x4 Bytes, ...)
T3220 11723:020.479   CPU_WriteMem(4 bytes @ 0xE0001038)
T3220 11723:020.972   CPU_ReadMem(4 bytes @ 0xE0001038)
T3220 11723:021.897   Data:  00 03 00 00
T3220 11723:021.927   Debug reg: DWT_FUNC[1]
T3220 11723:021.938 - 1.477ms returns 0
T3220 11723:022.008 JLINK_WriteU32_64(0xE0001034, 0x0000001F)
T3220 11723:022.019   Debug reg: DWT_MASK[1]
T3220 11723:022.039 - 0.034ms returns 0 (0x00000000)
T3220 11723:022.050 JLINK_ReadMem(0xE0001034, 0x4 Bytes, ...)
T3220 11723:022.062   CPU_WriteMem(4 bytes @ 0xE0001034)
T3220 11723:022.526   CPU_ReadMem(4 bytes @ 0xE0001034)
T3220 11723:023.463   Data:  0F 00 00 00
T3220 11723:023.493   Debug reg: DWT_MASK[1]
T3220 11723:023.504 - 1.458ms returns 0
T3220 11723:024.990 JLINK_WriteU32_64(0xE0001048, 0x00000100)
T3220 11723:025.014   Debug reg: DWT_FUNC[2]
T3220 11723:025.042 - 0.057ms returns 0 (0x00000000)
T3220 11723:025.055 JLINK_ReadMem(0xE0001048, 0x4 Bytes, ...)
T3220 11723:025.067   CPU_WriteMem(4 bytes @ 0xE0001048)
T3220 11723:025.525   CPU_ReadMem(4 bytes @ 0xE0001048)
T3220 11723:026.100   Data:  00 00 00 00
T3220 11723:026.121   Debug reg: DWT_FUNC[2]
T3220 11723:026.132 - 1.081ms returns 0
T3220 11723:026.203 JLINK_WriteU32_64(0xE0001044, 0x0000001F)
T3220 11723:026.216   Debug reg: DWT_MASK[2]
T3220 11723:026.238 - 0.039ms returns 0 (0x00000000)
T3220 11723:026.249 JLINK_ReadMem(0xE0001044, 0x4 Bytes, ...)
T3220 11723:026.260   CPU_WriteMem(4 bytes @ 0xE0001044)
T3220 11723:026.664   CPU_ReadMem(4 bytes @ 0xE0001044)
T3220 11723:027.203   Data:  0F 00 00 00
T3220 11723:027.232   Debug reg: DWT_MASK[2]
T3220 11723:027.242 - 0.996ms returns 0
T3220 11723:027.294 JLINK_WriteU32_64(0xE0001058, 0x00000100)
T3220 11723:027.304   Debug reg: DWT_FUNC[3]
T3220 11723:027.321 - 0.031ms returns 0 (0x00000000)
T3220 11723:027.332 JLINK_ReadMem(0xE0001058, 0x4 Bytes, ...)
T3220 11723:027.343   CPU_WriteMem(4 bytes @ 0xE0001058)
T3220 11723:027.791   CPU_ReadMem(4 bytes @ 0xE0001058)
T3220 11723:028.559   Data:  00 00 00 00
T3220 11723:028.576   Debug reg: DWT_FUNC[3]
T3220 11723:028.587 - 1.258ms returns 0
T3220 11723:028.632 JLINK_WriteU32_64(0xE0001054, 0x0000001F)
T3220 11723:028.641   Debug reg: DWT_MASK[3]
T3220 11723:028.657 - 0.029ms returns 0 (0x00000000)
T3220 11723:028.668 JLINK_ReadMem(0xE0001054, 0x4 Bytes, ...)
T3220 11723:028.678   CPU_WriteMem(4 bytes @ 0xE0001054)
T3220 11723:029.122   CPU_ReadMem(4 bytes @ 0xE0001054)
T3220 11723:029.831   Data:  0F 00 00 00
T3220 11723:029.848   Debug reg: DWT_MASK[3]
T3220 11723:029.859 - 1.194ms returns 0
T3220 11723:029.906 JLINK_WriteU32_64(0xE0001020, 0x00000000)
T3220 11723:029.916   Debug reg: DWT_COMP[0]
T3220 11723:029.931 - 0.029ms returns 0 (0x00000000)
T3220 11723:029.951 JLINK_WriteU32_64(0xE0001024, 0x00000000)
T3220 11723:029.960   Debug reg: DWT_MASK[0]
T3220 11723:029.972 - 0.025ms returns 0 (0x00000000)
T3220 11723:029.990 JLINK_WriteU32_64(0xE0001028, 0x00000000)
T3220 11723:029.999   Debug reg: DWT_FUNC[0]
T3220 11723:030.011 - 0.024ms returns 0 (0x00000000)
T3220 11723:030.029 JLINK_WriteU32_64(0xE0001030, 0x00000000)
T3220 11723:030.037   Debug reg: DWT_COMP[1]
T3220 11723:030.049 - 0.024ms returns 0 (0x00000000)
T3220 11723:030.071 JLINK_WriteU32_64(0xE0001034, 0x00000000)
T3220 11723:030.087   Debug reg: DWT_MASK[1]
T3220 11723:030.107 - 0.042ms returns 0 (0x00000000)
T3220 11723:030.142 JLINK_WriteU32_64(0xE0001038, 0x00000000)
T3220 11723:030.153   Debug reg: DWT_FUNC[1]
T3220 11723:030.167 - 0.028ms returns 0 (0x00000000)
T3220 11723:030.186 JLINK_WriteU32_64(0xE0001040, 0x00000000)
T3220 11723:030.194   Debug reg: DWT_COMP[2]
T3220 11723:030.207 - 0.024ms returns 0 (0x00000000)
T3220 11723:030.226 JLINK_WriteU32_64(0xE0001044, 0x00000000)
T3220 11723:030.234   Debug reg: DWT_MASK[2]
T3220 11723:030.246 - 0.023ms returns 0 (0x00000000)
T3220 11723:030.265 JLINK_WriteU32_64(0xE0001048, 0x00000000)
T3220 11723:030.273   Debug reg: DWT_FUNC[2]
T3220 11723:030.285 - 0.023ms returns 0 (0x00000000)
T3220 11723:030.303 JLINK_WriteU32_64(0xE0001050, 0x00000000)
T3220 11723:030.311   Debug reg: DWT_COMP[3]
T3220 11723:030.323 - 0.024ms returns 0 (0x00000000)
T3220 11723:030.342 JLINK_WriteU32_64(0xE0001054, 0x00000000)
T3220 11723:030.350   Debug reg: DWT_MASK[3]
T3220 11723:030.362 - 0.023ms returns 0 (0x00000000)
T3220 11723:030.380 JLINK_WriteU32_64(0xE0001058, 0x00000000)
T3220 11723:030.388   Debug reg: DWT_FUNC[3]
T3220 11723:030.399 - 0.023ms returns 0 (0x00000000)
T3220 11723:030.411 JLINK_GetBPInfo(BPHandle = 2)
T3220 11723:030.418 - 0.010ms returns 0x0
T3220 11723:030.428 JLINK_ClrBPEx(BPHandle = 0x00000002)
T3220 11723:030.436 - 0.012ms returns 0x00
T3220 11723:030.468 JLINK_ReadReg(R15 (PC))
T3220 11723:030.478 - 0.013ms returns 0x004013DC
T3220 11723:030.636 JLINK_Go()
T3220 11723:030.656   CPU_WriteMem(4 bytes @ 0xE0001000)
T3220 11723:031.106   CPU_ReadMem(4 bytes @ 0xE0001000)
T3220 11723:031.809   CPU_WriteMem(4 bytes @ 0xE000ED30)
T3220 11723:032.429   CPU_WriteMem(4 bytes @ 0xE0001020)
T3220 11723:032.446   CPU_WriteMem(4 bytes @ 0xE0001030)
T3220 11723:032.457   CPU_WriteMem(4 bytes @ 0xE0001040)
T3220 11723:032.468   CPU_WriteMem(4 bytes @ 0xE0001050)
T3220 11723:032.479   CPU_WriteMem(4 bytes @ 0xE0001024)
T3220 11723:032.489   CPU_WriteMem(4 bytes @ 0xE0001034)
T3220 11723:032.500   CPU_WriteMem(4 bytes @ 0xE0001044)
T3220 11723:032.511   CPU_WriteMem(4 bytes @ 0xE0001054)
T3220 11723:032.526   CPU_WriteMem(4 bytes @ 0xE0001028)
T3220 11723:032.537   CPU_WriteMem(4 bytes @ 0xE0001038)
T3220 11723:032.552   CPU_WriteMem(4 bytes @ 0xE0001048)
T3220 11723:032.568   CPU_WriteMem(4 bytes @ 0xE0001058)
T3220 11723:032.579   CPU_WriteMem(4 bytes @ 0xE000200C)
T3220 11723:037.122 - 6.495ms
T3FF8 11723:037.158 JLINK_IsHalted()
T3FF8 11723:037.567 - 0.417ms returns FALSE
T3FF8 11723:077.782 JLINK_IsHalted()
T3FF8 11723:078.774 - 1.019ms returns FALSE
T3FF8 11723:240.977 JLINK_IsHalted()
T3FF8 11723:241.962 - 1.012ms returns FALSE
T3FF8 11723:444.901 JLINK_IsHalted()
T3FF8 11723:445.892 - 1.017ms returns FALSE
T3FF8 11723:648.412 JLINK_IsHalted()
T3FF8 11723:649.368 - 0.982ms returns FALSE
T3FF8 11723:849.896 JLINK_IsHalted()
T3FF8 11723:850.859 - 0.989ms returns FALSE
T3FF8 11724:052.015 JLINK_IsHalted()
T3FF8 11724:053.006 - 1.016ms returns FALSE
T3FF8 11724:253.915 JLINK_IsHalted()
T3FF8 11724:254.373 - 0.473ms returns FALSE
T3FF8 11724:455.003 JLINK_IsHalted()
T3FF8 11724:455.999 - 1.022ms returns FALSE
T3FF8 11724:656.827 JLINK_IsHalted()
T3FF8 11724:657.266 - 0.449ms returns FALSE
T3FF8 11724:857.453 JLINK_IsHalted()
T3FF8 11724:858.488 - 1.072ms returns FALSE
T3FF8 11725:060.374 JLINK_IsHalted()
T3FF8 11725:061.375 - 1.029ms returns FALSE
T3FF8 11725:262.464 JLINK_IsHalted()
T3FF8 11725:263.048 - 0.616ms returns FALSE
T3FF8 11725:464.508 JLINK_IsHalted()
T3FF8 11725:465.441 - 0.959ms returns FALSE
T3FF8 11725:666.532 JLINK_IsHalted()
T3FF8 11725:667.405 - 0.895ms returns FALSE
T3FF8 11725:868.369 JLINK_IsHalted()
T3FF8 11725:869.342 - 0.999ms returns FALSE
T3FF8 11726:071.699 JLINK_IsHalted()
T3FF8 11726:072.703 - 1.030ms returns FALSE
T3FF8 11726:272.718 JLINK_IsHalted()
T3FF8 11726:273.736 - 1.043ms returns FALSE
T3FF8 11726:474.407 JLINK_IsHalted()
T3FF8 11726:474.879 - 0.489ms returns FALSE
T3FF8 11726:675.958 JLINK_IsHalted()
T3FF8 11726:676.896 - 0.963ms returns FALSE
T3FF8 11726:878.707 JLINK_IsHalted()
T3FF8 11726:879.685 - 1.004ms returns FALSE
T3FF8 11727:081.134 JLINK_IsHalted()
T3FF8 11727:082.117 - 1.008ms returns FALSE
T3FF8 11727:283.001 JLINK_IsHalted()
T3FF8 11727:284.050 - 1.077ms returns FALSE
T3FF8 11727:485.526 JLINK_IsHalted()
T3FF8 11727:486.560 - 1.061ms returns FALSE
T3FF8 11727:686.938 JLINK_IsHalted()
T3FF8 11727:687.944 - 1.031ms returns FALSE
T3FF8 11727:888.437 JLINK_IsHalted()
T3FF8 11727:889.459 - 1.051ms returns FALSE
T3FF8 11728:090.398 JLINK_IsHalted()
T3FF8 11728:091.446 - 1.074ms returns FALSE
T3FF8 11728:292.118 JLINK_IsHalted()
T3FF8 11728:293.158 - 1.075ms returns FALSE
T3FF8 11728:494.289 JLINK_IsHalted()
T3FF8 11728:494.897 - 0.632ms returns FALSE
T3FF8 11728:695.675 JLINK_IsHalted()
T3FF8 11728:696.669 - 1.019ms returns FALSE
T3FF8 11728:897.173 JLINK_IsHalted()
T3FF8 11728:898.164 - 1.017ms returns FALSE
T3FF8 11729:098.933 JLINK_IsHalted()
T3FF8 11729:099.501 - 0.593ms returns FALSE
T3FF8 11729:299.337 JLINK_IsHalted()
T3FF8 11729:300.316 - 1.008ms returns FALSE
T3FF8 11729:502.209 JLINK_IsHalted()
T3FF8 11729:502.859 - 0.677ms returns FALSE
T3FF8 11729:702.899 JLINK_IsHalted()
T3FF8 11729:703.479 - 0.607ms returns FALSE
T3FF8 11729:907.930 JLINK_IsHalted()
T3FF8 11729:908.936 - 1.032ms returns FALSE
T3FF8 11730:112.355 JLINK_IsHalted()
T3FF8 11730:113.395 - 1.074ms returns FALSE
T3FF8 11730:313.836 JLINK_IsHalted()
T3FF8 11730:314.848 - 1.038ms returns FALSE
T3FF8 11730:515.041 JLINK_IsHalted()
T3FF8 11730:516.031 - 1.016ms returns FALSE
T3FF8 11730:720.192 JLINK_IsHalted()
T3FF8 11730:720.731 - 0.561ms returns FALSE
T3FF8 11730:921.500 JLINK_IsHalted()
T3FF8 11730:921.986 - 0.504ms returns FALSE
T3FF8 11731:122.322 JLINK_IsHalted()
T3FF8 11731:123.319 - 1.024ms returns FALSE
T3FF8 11731:322.649 JLINK_IsHalted()
T3FF8 11731:323.681 - 1.060ms returns FALSE
T3FF8 11731:528.032 JLINK_IsHalted()
T3FF8 11731:529.057 - 1.052ms returns FALSE
T3FF8 11731:729.751 JLINK_IsHalted()
T3FF8 11731:730.780 - 1.055ms returns FALSE
T3FF8 11731:930.983 JLINK_IsHalted()
T3FF8 11731:931.994 - 1.048ms returns FALSE
T3FF8 11732:134.695 JLINK_IsHalted()
T3FF8 11732:135.723 - 1.055ms returns FALSE
T3FF8 11732:336.989 JLINK_IsHalted()
T3FF8 11732:338.063 - 1.096ms returns FALSE
T3FF8 11732:541.817 JLINK_IsHalted()
T3FF8 11732:542.353 - 0.562ms returns FALSE
T3FF8 11732:746.559 JLINK_IsHalted()
T3FF8 11732:747.042 - 0.506ms returns FALSE
T3FF8 11732:948.037 JLINK_IsHalted()
T3FF8 11732:949.028 - 1.017ms returns FALSE
T3FF8 11733:154.914 JLINK_IsHalted()
T3FF8 11733:155.505 - 0.619ms returns FALSE
T3FF8 11733:357.520 JLINK_IsHalted()
T3FF8 11733:358.506 - 1.020ms returns FALSE
T3FF8 11733:561.238 JLINK_IsHalted()
T3FF8 11733:565.437 - 4.224ms returns TRUE
T3FF8 11733:565.475 JLINK_GetMOEs(...)
T3FF8 11733:565.488   CPU_ReadMem(4 bytes @ 0xE000ED30)
T3FF8 11733:566.556 - 1.106ms returns 0x01
T3FF8 11733:566.596 JLINK_ReadReg(R15 (PC))
T3FF8 11733:566.611 - 0.018ms returns 0x00401468
T3220 11733:567.550 JLINK_ReadReg(R15 (PC))
T3220 11733:567.578 - 0.031ms returns 0x00401468
T3220 11733:567.592 JLINK_ReadReg(R13 (SP))
T3220 11733:567.601 - 0.012ms returns 0x200030D0
T3220 11733:568.089 JLINK_ReadMemHW(0x00401468, 0x0004 Bytes, ...)
T3220 11733:568.115   CPU_ReadMem(4 bytes @ 0x00401468)
T3220 11733:568.684   Data:  4F F0 80 41
T3220 11733:568.701 - 0.616ms returns 0
T1FE8 11733:703.723 JLINK_ReadMem(0x40000000, 0x96 Bytes, ...)
T1FE8 11733:703.757   CPU_ReadMem(150 bytes @ 0x40000000)
T1FE8 11733:705.392   Data:  00 00 00 00 00 00 00 00 00 00 00 00 00 00 00 00 ...
T1FE8 11733:705.412 - 1.692ms returns 0
T1FE8 11733:707.551 JLINK_ReadMem(0x40000000, 0x96 Bytes, ...)
T1FE8 11733:707.582   CPU_ReadMem(150 bytes @ 0x40000000)
T1FE8 11733:709.568   Data:  00 00 00 00 00 00 00 00 00 00 00 00 00 00 00 00 ...
T1FE8 11733:709.600 - 2.053ms returns 0
T3FF8 11733:767.170 JLINK_IsHalted()
T3FF8 11733:767.241 - 0.076ms returns TRUE
T1FE8 11733:811.725 JLINK_ReadMem(0x40000096, 0x1E Bytes, ...)
T1FE8 11733:811.755   CPU_ReadMem(30 bytes @ 0x40000096)
T1FE8 11733:813.035   Data:  00 00 00 00 00 00 00 00 00 00 00 00 00 00 00 00 ...
T1FE8 11733:813.064 - 1.343ms returns 0
T1FE8 11733:852.026 JLINK_ReadMem(0x40000000, 0xB4 Bytes, ...)
T1FE8 11733:852.065   CPU_ReadMem(180 bytes @ 0x40000000)
T1FE8 11733:853.833   Data:  00 00 00 00 00 00 00 00 00 00 00 00 00 00 00 00 ...
T1FE8 11733:853.863 - 1.841ms returns 0
T1FE8 11733:855.640 JLINK_ReadMem(0x40000000, 0xB4 Bytes, ...)
T1FE8 11733:855.668   CPU_ReadMem(180 bytes @ 0x40000000)
T1FE8 11733:857.445   Data:  00 00 00 00 00 00 00 00 00 00 00 00 00 00 00 00 ...
T1FE8 11733:857.473 - 1.837ms returns 0
T3FF8 11733:967.419 JLINK_IsHalted()
T3FF8 11733:967.453 - 0.037ms returns TRUE
T3220 11734:068.186 JLINK_ReadMemHW(0x004003E4, 0x0001 Bytes, ...)
T3220 11734:068.221   CPU_ReadMem(1 bytes @ 0x004003E4)
T3220 11734:068.759   Data:  01
T3220 11734:068.778 - 0.595ms returns 0
T3FF8 11734:169.001 JLINK_IsHalted()
T3FF8 11734:169.471 - 0.485ms returns TRUE
T3FF8 11734:372.813 JLINK_IsHalted()
T3FF8 11734:372.849 - 0.040ms returns TRUE
T3FF8 11734:574.124 JLINK_IsHalted()
T3FF8 11734:574.159 - 0.038ms returns TRUE
T3FF8 11734:774.816 JLINK_IsHalted()
T3FF8 11734:775.817 - 1.030ms returns TRUE
T3FF8 11734:976.597 JLINK_IsHalted()
T3FF8 11734:976.644 - 0.051ms returns TRUE
T3FF8 11735:177.478 JLINK_IsHalted()
T3FF8 11735:177.517 - 0.044ms returns TRUE
T3FF8 11735:379.666 JLINK_IsHalted()
T3FF8 11735:380.233 - 0.593ms returns TRUE
T3FF8 11735:581.385 JLINK_IsHalted()
T3FF8 11735:581.421 - 0.040ms returns TRUE
T3FF8 11735:782.285 JLINK_IsHalted()
T3FF8 11735:782.321 - 0.040ms returns TRUE
T3FF8 11735:984.368 JLINK_IsHalted()
T3FF8 11735:985.418 - 1.082ms returns TRUE
T3FF8 11736:186.075 JLINK_IsHalted()
T3FF8 11736:186.113 - 0.042ms returns TRUE
T3FF8 11736:387.804 JLINK_IsHalted()
T3FF8 11736:387.847 - 0.046ms returns TRUE
T3FF8 11736:590.089 JLINK_IsHalted()
T3FF8 11736:591.088 - 1.025ms returns TRUE
T3FF8 11736:791.569 JLINK_IsHalted()
T3FF8 11736:791.599 - 0.034ms returns TRUE
T3FF8 11736:993.215 JLINK_IsHalted()
T3FF8 11736:993.253 - 0.044ms returns TRUE
T3FF8 11737:195.510 JLINK_IsHalted()
T3FF8 11737:196.523 - 1.038ms returns TRUE
T3FF8 11737:397.286 JLINK_IsHalted()
T3FF8 11737:397.336 - 0.056ms returns TRUE
T3FF8 11737:598.650 JLINK_IsHalted()
T3FF8 11737:598.736 - 0.091ms returns TRUE
T3FF8 11737:800.256 JLINK_IsHalted()
T3FF8 11737:800.715 - 0.469ms returns TRUE
T3FF8 11738:000.892 JLINK_IsHalted()
T3FF8 11738:000.935 - 0.049ms returns TRUE
T3FF8 11738:201.135 JLINK_IsHalted()
T3FF8 11738:201.206 - 0.076ms returns TRUE
T3FF8 11738:401.429 JLINK_IsHalted()
T3FF8 11738:401.917 - 0.510ms returns TRUE
T3FF8 11738:601.766 JLINK_IsHalted()
T3FF8 11738:601.798 - 0.036ms returns TRUE
T3FF8 11738:803.952 JLINK_IsHalted()
T3FF8 11738:803.983 - 0.034ms returns TRUE
T3FF8 11739:003.948 JLINK_IsHalted()
T3FF8 11739:004.809 - 0.883ms returns TRUE
T3FF8 11739:205.354 JLINK_IsHalted()
T3FF8 11739:205.392 - 0.042ms returns TRUE
T3FF8 11739:407.180 JLINK_IsHalted()
T3FF8 11739:407.206 - 0.030ms returns TRUE
T3FF8 11739:607.391 JLINK_IsHalted()
T3FF8 11739:607.991 - 0.610ms returns TRUE
T3FF8 11739:808.477 JLINK_IsHalted()
T3FF8 11739:808.511 - 0.038ms returns TRUE
T3FF8 11740:011.283 JLINK_IsHalted()
T3FF8 11740:011.320 - 0.041ms returns TRUE
T3220 11740:140.933 JLINK_ReadMem(0x200005DC, 0x4 Bytes, ...)
T3220 11740:140.985   CPU_ReadMem(64 bytes @ 0x200005C0)
T3220 11740:142.315    -- Updating C cache (64 bytes @ 0x200005C0)
T3220 11740:142.348    -- Read from C cache (4 bytes @ 0x200005DC)
T3220 11740:142.360   Data:  0F 00 00 00
T3220 11740:142.372 - 1.442ms returns 0
T3FF8 11740:215.365 JLINK_IsHalted()
T3FF8 11740:216.358 - 1.019ms returns TRUE
T3FF8 11740:419.638 JLINK_IsHalted()
T3FF8 11740:419.674 - 0.041ms returns TRUE
T3FF8 11740:624.628 JLINK_IsHalted()
T3FF8 11740:624.666 - 0.042ms returns TRUE
T3FF8 11740:827.551 JLINK_IsHalted()
T3FF8 11740:828.164 - 0.632ms returns TRUE
T3FF8 11741:029.378 JLINK_IsHalted()
T3FF8 11741:029.416 - 0.042ms returns TRUE
T3FF8 11741:230.430 JLINK_IsHalted()
T3FF8 11741:230.467 - 0.042ms returns TRUE
T3FF8 11741:432.936 JLINK_IsHalted()
T3FF8 11741:433.943 - 1.080ms returns TRUE
T3FF8 11741:634.112 JLINK_IsHalted()
T3FF8 11741:634.151 - 0.044ms returns TRUE
T3FF8 11741:834.764 JLINK_IsHalted()
T3FF8 11741:834.799 - 0.039ms returns TRUE
T3FF8 11742:036.078 JLINK_IsHalted()
T3FF8 11742:036.568 - 0.500ms returns TRUE
T3FF8 11742:239.431 JLINK_IsHalted()
T3FF8 11742:239.469 - 0.042ms returns TRUE
T3FF8 11742:439.528 JLINK_IsHalted()
T3FF8 11742:439.562 - 0.038ms returns TRUE
T3FF8 11742:642.230 JLINK_IsHalted()
T3FF8 11742:643.269 - 1.065ms returns TRUE
T3FF8 11742:848.704 JLINK_IsHalted()
T3FF8 11742:848.737 - 0.037ms returns TRUE
T3FF8 11743:051.161 JLINK_IsHalted()
T3FF8 11743:051.200 - 0.043ms returns TRUE
T3FF8 11743:253.146 JLINK_IsHalted()
T3FF8 11743:254.134 - 1.013ms returns TRUE
T3FF8 11743:458.252 JLINK_IsHalted()
T3FF8 11743:458.280 - 0.032ms returns TRUE
T3FF8 11743:663.102 JLINK_IsHalted()
T3FF8 11743:663.137 - 0.038ms returns TRUE
T3FF8 11743:866.256 JLINK_IsHalted()
T3FF8 11743:867.260 - 1.037ms returns TRUE
T3FF8 11744:072.750 JLINK_IsHalted()
T3FF8 11744:072.782 - 0.036ms returns TRUE
T3FF8 11744:273.485 JLINK_IsHalted()
T3FF8 11744:273.522 - 0.040ms returns TRUE
T3FF8 11744:475.886 JLINK_IsHalted()
T3FF8 11744:476.871 - 1.011ms returns TRUE
T3FF8 11744:677.887 JLINK_IsHalted()
T3FF8 11744:677.924 - 0.041ms returns TRUE
T3FF8 11744:879.634 JLINK_IsHalted()
T3FF8 11744:879.671 - 0.042ms returns TRUE
T3FF8 11745:080.480 JLINK_IsHalted()
T3FF8 11745:081.029 - 0.575ms returns TRUE
T3FF8 11745:282.509 JLINK_IsHalted()
T3FF8 11745:282.549 - 0.045ms returns TRUE
T3FF8 11745:483.825 JLINK_IsHalted()
T3FF8 11745:483.864 - 0.044ms returns TRUE
T3FF8 11745:686.167 JLINK_IsHalted()
T3FF8 11745:686.630 - 0.491ms returns TRUE
T3FF8 11745:886.640 JLINK_IsHalted()
T3FF8 11745:886.681 - 0.046ms returns TRUE
T3FF8 11746:088.776 JLINK_IsHalted()
T3FF8 11746:088.807 - 0.035ms returns TRUE
T3FF8 11746:288.976 JLINK_IsHalted()
T3FF8 11746:289.981 - 1.031ms returns TRUE
T3FF8 11746:489.305 JLINK_IsHalted()
T3FF8 11746:489.343 - 0.045ms returns TRUE
T3FF8 11746:690.606 JLINK_IsHalted()
T3FF8 11746:690.648 - 0.045ms returns TRUE
T3FF8 11746:894.875 JLINK_IsHalted()
T3FF8 11746:895.874 - 1.026ms returns TRUE
T3FF8 11747:096.461 JLINK_IsHalted()
T3FF8 11747:096.501 - 0.045ms returns TRUE
T3FF8 11747:297.032 JLINK_IsHalted()
T3FF8 11747:297.075 - 0.049ms returns TRUE
T3FF8 11747:497.882 JLINK_IsHalted()
T3FF8 11747:498.872 - 1.016ms returns TRUE
T3FF8 11747:702.710 JLINK_IsHalted()
T3FF8 11747:702.740 - 0.034ms returns TRUE
T3FF8 11747:906.594 JLINK_IsHalted()
T3FF8 11747:906.629 - 0.038ms returns TRUE
T3FF8 11748:107.665 JLINK_IsHalted()
T3FF8 11748:108.184 - 0.536ms returns TRUE
T3FF8 11748:308.603 JLINK_IsHalted()
T3FF8 11748:308.640 - 0.041ms returns TRUE
T3FF8 11748:509.439 JLINK_IsHalted()
T3FF8 11748:509.477 - 0.042ms returns TRUE
T3FF8 11748:710.447 JLINK_IsHalted()
T3FF8 11748:710.914 - 0.478ms returns TRUE
T3FF8 11748:911.739 JLINK_IsHalted()
T3FF8 11748:911.775 - 0.040ms returns TRUE
T3FF8 11749:113.835 JLINK_IsHalted()
T3FF8 11749:113.874 - 0.043ms returns TRUE
T3FF8 11749:314.522 JLINK_IsHalted()
T3FF8 11749:314.961 - 0.447ms returns TRUE
T3FF8 11749:516.296 JLINK_IsHalted()
T3FF8 11749:516.336 - 0.044ms returns TRUE
T3FF8 11749:716.432 JLINK_IsHalted()
T3FF8 11749:716.494 - 0.073ms returns TRUE
T3FF8 11749:920.868 JLINK_IsHalted()
T3FF8 11749:921.411 - 0.567ms returns TRUE
T3FF8 11750:123.037 JLINK_IsHalted()
T3FF8 11750:123.075 - 0.043ms returns TRUE
T3FF8 11750:324.617 JLINK_IsHalted()
T3FF8 11750:324.657 - 0.046ms returns TRUE
T3FF8 11750:526.118 JLINK_IsHalted()
T3FF8 11750:527.095 - 1.002ms returns TRUE
T3FF8 11750:728.877 JLINK_IsHalted()
T3FF8 11750:728.915 - 0.043ms returns TRUE
T3FF8 11750:929.522 JLINK_IsHalted()
T3FF8 11750:929.557 - 0.040ms returns TRUE
T3FF8 11751:129.855 JLINK_IsHalted()
T3FF8 11751:130.350 - 0.515ms returns TRUE
T3FF8 11751:332.083 JLINK_IsHalted()
T3FF8 11751:332.123 - 0.044ms returns TRUE
T3FF8 11751:532.931 JLINK_IsHalted()
T3FF8 11751:532.968 - 0.042ms returns TRUE
T3FF8 11751:733.342 JLINK_IsHalted()
T3FF8 11751:734.337 - 1.020ms returns TRUE
T3FF8 11751:935.435 JLINK_IsHalted()
T3FF8 11751:935.467 - 0.035ms returns TRUE
T3FF8 11752:137.729 JLINK_IsHalted()
T3FF8 11752:137.762 - 0.037ms returns TRUE
T3FF8 11752:338.267 JLINK_IsHalted()
T3FF8 11752:339.243 - 1.002ms returns TRUE
T3FF8 11752:540.576 JLINK_IsHalted()
T3FF8 11752:540.616 - 0.045ms returns TRUE
T3FF8 11752:741.760 JLINK_IsHalted()
T3FF8 11752:741.801 - 0.045ms returns TRUE
T3FF8 11752:946.474 JLINK_IsHalted()
T3FF8 11752:947.483 - 1.034ms returns TRUE
T3FF8 11753:148.488 JLINK_IsHalted()
T3FF8 11753:148.524 - 0.040ms returns TRUE
T3FF8 11753:348.629 JLINK_IsHalted()
T3FF8 11753:348.666 - 0.040ms returns TRUE
T3FF8 11753:549.147 JLINK_IsHalted()
T3FF8 11753:549.634 - 0.521ms returns TRUE
T3FF8 11753:752.795 JLINK_IsHalted()
T3FF8 11753:752.843 - 0.053ms returns TRUE
T3FF8 11753:953.995 JLINK_IsHalted()
T3FF8 11753:954.028 - 0.037ms returns TRUE
T3FF8 11754:154.476 JLINK_IsHalted()
T3FF8 11754:155.325 - 0.871ms returns TRUE
T3FF8 11754:357.316 JLINK_IsHalted()
T3FF8 11754:357.353 - 0.042ms returns TRUE
T3FF8 11754:558.426 JLINK_IsHalted()
T3FF8 11754:558.458 - 0.035ms returns TRUE
T3FF8 11754:759.052 JLINK_IsHalted()
T3FF8 11754:759.953 - 0.924ms returns TRUE
T3FF8 11754:960.778 JLINK_IsHalted()
T3FF8 11754:960.809 - 0.035ms returns TRUE
T3220 11755:131.902 JLINK_ReadMem(0x200005DC, 0x4 Bytes, ...)
T3220 11755:131.953    -- Read from C cache (4 bytes @ 0x200005DC)
T3220 11755:131.975   Data:  0F 00 00 00
T3220 11755:131.997 - 0.104ms returns 0
T3FF8 11755:162.141 JLINK_IsHalted()
T3FF8 11755:162.193 - 0.058ms returns TRUE
T3FF8 11755:363.213 JLINK_IsHalted()
T3FF8 11755:364.181 - 0.999ms returns TRUE
T3FF8 11755:565.188 JLINK_IsHalted()
T3FF8 11755:565.241 - 0.060ms returns TRUE
T3FF8 11755:765.359 JLINK_IsHalted()
T3FF8 11755:765.407 - 0.053ms returns TRUE
T3FF8 11755:967.390 JLINK_IsHalted()
T3FF8 11755:967.907 - 0.545ms returns TRUE
T3FF8 11756:168.536 JLINK_IsHalted()
T3FF8 11756:168.578 - 0.046ms returns TRUE
T3FF8 11756:369.056 JLINK_IsHalted()
T3FF8 11756:369.087 - 0.035ms returns TRUE
T3FF8 11756:569.470 JLINK_IsHalted()
T3FF8 11756:570.488 - 1.044ms returns TRUE
T3FF8 11756:770.635 JLINK_IsHalted()
T3FF8 11756:770.680 - 0.051ms returns TRUE
T3FF8 11756:971.458 JLINK_IsHalted()
T3FF8 11756:971.497 - 0.043ms returns TRUE
T3FF8 11757:172.115 JLINK_IsHalted()
T3FF8 11757:172.603 - 0.507ms returns TRUE
T3220 11757:317.245 JLINK_ReadReg(R15 (PC))
T3220 11757:317.303 - 0.072ms returns 0x00401468
T3220 11757:317.654 JLINK_GetBPInfo(BPHandle = 1)
T3220 11757:317.692 - 0.046ms returns 0x0
T3220 11757:317.714 JLINK_ClrBPEx(BPHandle = 0x00000001)
T3220 11757:317.740 - 0.032ms returns 0x00
T3220 11757:317.822 JLINK_Step()
T3220 11757:317.846    -- Read from flash cache (2 bytes @ 0x00401468)
T3220 11757:317.876   CPU_ReadMem(4 bytes @ 0xE000ED18)
T3220 11757:318.375   CPU_WriteMem(4 bytes @ 0xE000ED18)
T3220 11757:318.865   CPU_ReadMem(4 bytes @ 0xE000ED18)
T3220 11757:319.383   CPU_WriteMem(4 bytes @ 0xE000ED18)
T3220 11757:320.215   CPU_ReadMem(4 bytes @ 0xE0001004)
T3220 11757:320.741    -- Read from flash cache (2 bytes @ 0x0040146A)
T3220 11757:320.760   -- Simulated
T3220 11757:320.771 - 2.953ms returns 0
T3220 11757:320.786 JLINK_SetBPEx(Addr = 0x00401468, Type = 0xFFFFFFF2)
T3220 11757:320.798 - 0.016ms returns 0x00000003
T3220 11757:320.808 JLINK_GetBPInfo(BPHandle = 3)
T3220 11757:320.815 - 0.010ms returns 0x0
T3220 11757:320.870 JLINK_Go()
T3220 11757:320.890   CPU_ReadMem(4 bytes @ 0xE0001000)
T3220 11757:321.365   CPU_WriteMem(4 bytes @ 0xE000ED30)
T3220 11757:321.858   CPU_WriteMem(4 bytes @ 0xE0001004)
T3220 11757:323.278 - 2.419ms
T3FF8 11757:323.361 JLINK_IsHalted()
T3FF8 11757:323.748 - 0.397ms returns FALSE
T3FF8 11757:334.493 JLINK_IsHalted()
T3FF8 11757:338.295 - 3.829ms returns TRUE
T3FF8 11757:338.336 JLINK_GetMOEs(...)
T3FF8 11757:338.349   CPU_ReadMem(4 bytes @ 0xE000ED30)
T3FF8 11757:338.911 - 0.590ms returns 0x01
T3FF8 11757:338.938 JLINK_ReadReg(R15 (PC))
T3FF8 11757:338.951 - 0.017ms returns 0x00401468
T3220 11757:345.396 JLINK_ReadReg(R15 (PC))
T3220 11757:345.433 - 0.041ms returns 0x00401468
T3220 11757:345.450 JLINK_ReadReg(R13 (SP))
T3220 11757:345.459 - 0.025ms returns 0x200030D0
T3220 11757:346.003 JLINK_ReadMemHW(0x00401468, 0x0004 Bytes, ...)
T3220 11757:346.042   CPU_ReadMem(4 bytes @ 0x00401468)
T3220 11757:346.653   Data:  4F F0 80 41
T3220 11757:346.674 - 0.674ms returns 0
T1FE8 11757:383.372 JLINK_ReadMem(0x40000000, 0xB4 Bytes, ...)
T1FE8 11757:383.406   CPU_ReadMem(180 bytes @ 0x40000000)
T1FE8 11757:385.206   Data:  00 00 00 00 00 00 00 00 00 00 00 00 00 00 00 00 ...
T1FE8 11757:385.238 - 1.870ms returns 0
T1FE8 11757:387.205 JLINK_ReadMem(0x40000000, 0xB4 Bytes, ...)
T1FE8 11757:387.237   CPU_ReadMem(180 bytes @ 0x40000000)
T1FE8 11757:389.216   Data:  00 00 00 00 00 00 00 00 00 00 00 00 00 00 00 00 ...
T1FE8 11757:389.249 - 2.048ms returns 0
T3FF8 11757:540.653 JLINK_IsHalted()
T3FF8 11757:540.689 - 0.041ms returns TRUE
T3220 11757:662.399 JLINK_ReadMemHW(0x004003E4, 0x0001 Bytes, ...)
T3220 11757:662.441   CPU_ReadMem(1 bytes @ 0x004003E4)
T3220 11757:663.033   Data:  01
T3220 11757:663.054 - 0.659ms returns 0
T3FF8 11757:741.544 JLINK_IsHalted()
T3FF8 11757:741.574 - 0.036ms returns TRUE
T3FF8 11757:942.300 JLINK_IsHalted()
T3FF8 11757:943.299 - 1.027ms returns TRUE
T3FF8 11758:145.053 JLINK_IsHalted()
T3FF8 11758:145.094 - 0.045ms returns TRUE
T3FF8 11758:347.105 JLINK_IsHalted()
T3FF8 11758:347.137 - 0.035ms returns TRUE
T3FF8 11758:551.069 JLINK_IsHalted()
T3FF8 11758:552.109 - 1.064ms returns TRUE
T3FF8 11758:753.924 JLINK_IsHalted()
T3FF8 11758:753.959 - 0.039ms returns TRUE
T3FF8 11758:954.048 JLINK_IsHalted()
T3FF8 11758:954.084 - 0.041ms returns TRUE
T3FF8 11759:156.811 JLINK_IsHalted()
T3FF8 11759:157.790 - 1.005ms returns TRUE
T3FF8 11759:358.786 JLINK_IsHalted()
T3FF8 11759:358.825 - 0.043ms returns TRUE
T3FF8 11759:559.513 JLINK_IsHalted()
T3FF8 11759:559.558 - 0.050ms returns TRUE
T3FF8 11759:761.044 JLINK_IsHalted()
T3FF8 11759:762.045 - 1.028ms returns TRUE
T3FF8 11759:962.733 JLINK_IsHalted()
T3FF8 11759:962.771 - 0.043ms returns TRUE
T3FF8 11760:163.003 JLINK_IsHalted()
T3FF8 11760:163.040 - 0.041ms returns TRUE
T3FF8 11760:363.535 JLINK_IsHalted()
T3FF8 11760:364.571 - 1.066ms returns TRUE
T3FF8 11760:564.773 JLINK_IsHalted()
T3FF8 11760:564.815 - 0.048ms returns TRUE
T3FF8 11760:766.092 JLINK_IsHalted()
T3FF8 11760:766.133 - 0.046ms returns TRUE
T3FF8 11760:969.358 JLINK_IsHalted()
T3FF8 11760:970.343 - 1.010ms returns TRUE
T3FF8 11761:174.561 JLINK_IsHalted()
T3FF8 11761:174.594 - 0.038ms returns TRUE
T3FF8 11761:374.786 JLINK_IsHalted()
T3FF8 11761:374.824 - 0.042ms returns TRUE
T3FF8 11761:576.130 JLINK_IsHalted()
T3FF8 11761:577.021 - 0.915ms returns TRUE
T3FF8 11761:776.463 JLINK_IsHalted()
T3FF8 11761:776.502 - 0.044ms returns TRUE
T3FF8 11761:978.151 JLINK_IsHalted()
T3FF8 11761:978.190 - 0.043ms returns TRUE
T3FF8 11762:179.182 JLINK_IsHalted()
T3FF8 11762:179.589 - 0.459ms returns TRUE
T1FE8 11762:308.017 JLINK_GetBPInfo(BPHandle = 3)
T1FE8 11762:308.037 - 0.024ms returns 0x0
T1FE8 11762:308.053 JLINK_ClrBPEx(BPHandle = 0x00000003)
T1FE8 11762:308.089 - 0.045ms returns 0x00
T3FF8 11762:380.877 JLINK_IsHalted()
T3FF8 11762:380.912 - 0.039ms returns TRUE
T1FE8 11762:381.750 JLINK_ResetPullsRESET(ON)
T1FE8 11762:381.769 - 0.023ms
T1FE8 11762:381.779 JLINK_ResetNoHalt()
T1FE8 11762:383.279   TotalIRLen = 4, IRPrint = 0x01
T1FE8 11762:384.175   JTAG chain detection found 1 devices:
T1FE8 11762:384.224    #0 Id: 0x4BA00477, IRLen: 04, CoreSight JTAG-DP
T1FE8 11762:388.647   Old FW that does not support reading DPIDR via DAP jobs
T1FE8 11762:391.688   DPv0 detected
T1FE8 11762:391.715   AP map detection skipped. Manually configured AP map found.
T1FE8 11762:391.735   AP[0]: AHB-AP (IDR: Not set)
T1FE8 11762:396.064   AP[0]: Core found
T1FE8 11762:396.092   AP[0]: AHB-AP ROM base: 0xE00FF000
T1FE8 11762:398.238   CPUID register: 0x412FC230. Implementer code: 0x41 (ARM)
T1FE8 11762:398.281   Found Cortex-M3 r2p0, Little endian.
T1FE8 11762:398.455   -- Max. mem block: 0x00001F48
T1FE8 11762:398.478   CPU_ReadMem(4 bytes @ 0xE000EDF0)
T1FE8 11762:398.893   CPU_ReadMem(4 bytes @ 0xE0002000)
T1FE8 11762:399.343   FPUnit: 6 code (BP) slots and 2 literal slots
T1FE8 11762:399.359   CPU_ReadMem(4 bytes @ 0xE0001000)
T1FE8 11762:399.825   CPU_ReadMem(4 bytes @ 0xE000ED88)
T1FE8 11762:400.330   CPU_WriteMem(4 bytes @ 0xE000ED88)
T1FE8 11762:400.674   CPU_ReadMem(4 bytes @ 0xE000ED88)
T1FE8 11762:401.177   CPU_WriteMem(4 bytes @ 0xE000ED88)
T1FE8 11762:401.535   CoreSight components:
T1FE8 11762:401.559   ROMTbl[0] @ E00FF000
T1FE8 11762:401.572   CPU_ReadMem(64 bytes @ 0xE00FF000)
T1FE8 11762:402.429   CPU_ReadMem(32 bytes @ 0xE000EFE0)
T1FE8 11762:403.156   ROMTbl[0][0]: E000E000, CID: B105E00D, PID: 002BB000 SCS
T1FE8 11762:403.175   CPU_WriteMem(4 bytes @ 0xE0001000)
T1FE8 11762:403.582   CPU_ReadMem(32 bytes @ 0xE0001FE0)
T1FE8 11762:404.324   ROMTbl[0][1]: E0001000, CID: B105E00D, PID: 002BB002 DWT
T1FE8 11762:404.342   CPU_ReadMem(32 bytes @ 0xE0002FE0)
T1FE8 11762:404.998   ROMTbl[0][2]: E0002000, CID: B105E00D, PID: 002BB003 FPB
T1FE8 11762:405.016   CPU_ReadMem(32 bytes @ 0xE0000FE0)
T1FE8 11762:405.664   ROMTbl[0][3]: E0000000, CID: B105E00D, PID: 002BB001 ITM
T1FE8 11762:405.682   CPU_ReadMem(32 bytes @ 0xE0040FE0)
T1FE8 11762:406.398   ROMTbl[0][4]: E0040000, CID: B105900D, PID: 002BB923 TPIU-Lite
T1FE8 11762:406.423   JLINK_Reset()
T1FE8 11762:406.539     CPU_ReadMem(16 bytes @ 0x20000000)
T1FE8 11762:407.118     CPU_WriteMem(16 bytes @ 0x20000000)
T1FE8 11762:407.653     CPU_ReadMem(4 bytes @ 0xE000EDFC)
T1FE8 11762:408.132     CPU_WriteMem(4 bytes @ 0xE000EDFC)
T1FE8 11762:408.522     CPU_ReadMem(4 bytes @ 0xE0001000)
T1FE8 11762:621.507     AT91SAM3 / AT91SAM4 reset: Core did not halt after reset. Halting core...
T1FE8 11762:624.707     CPU_WriteMem(4 bytes @ 0xE000ED0C)
T1FE8 11762:625.089     CPU_ReadMem(4 bytes @ 0xE000EDF0)
T1FE8 11762:625.513     CPU_ReadMem(4 bytes @ 0xE000EDF0)
T1FE8 11762:626.031     CPU_WriteMem(4 bytes @ 0xE000EDFC)
T1FE8 11762:626.420     CPU_WriteMem(16 bytes @ 0x20000000)
T1FE8 11762:630.297     CPU_WriteMem(4 bytes @ 0xE0002000)
T1FE8 11762:630.730     CPU_ReadMem(4 bytes @ 0xE000EDFC)
T1FE8 11762:631.242     CPU_ReadMem(4 bytes @ 0xE0001000)
T1FE8 11762:631.757   - 225.342ms
T1FE8 11762:631.773   JLINK_Go()
T1FE8 11762:631.788     CPU_ReadMem(4 bytes @ 0xE0001000)
T1FE8 11762:632.869     CPU_WriteMem(4 bytes @ 0xE0002008)
T1FE8 11762:632.905     CPU_WriteMem(4 bytes @ 0xE000200C)
T1FE8 11762:632.916     CPU_WriteMem(4 bytes @ 0xE0002010)
T1FE8 11762:632.927     CPU_WriteMem(4 bytes @ 0xE0002014)
T1FE8 11762:632.938     CPU_WriteMem(4 bytes @ 0xE0002018)
T1FE8 11762:632.948     CPU_WriteMem(4 bytes @ 0xE000201C)
T1FE8 11762:635.560     CPU_WriteMem(4 bytes @ 0xE0001004)
T1FE8 11762:637.099   - 5.351ms
T1FE8 11762:637.131 - 255.356ms
T1FE8 11762:643.166 JLINK_Close()
T1FE8 11762:643.583   CPU is running
T1FE8 11762:643.605   CPU_WriteMem(4 bytes @ 0xE0002008)
T1FE8 11762:644.020   CPU is running
T1FE8 11762:644.040   CPU_WriteMem(4 bytes @ 0xE000200C)
T1FE8 11762:644.565   CPU is running
T1FE8 11762:644.583   CPU_WriteMem(4 bytes @ 0xE0002010)
T1FE8 11762:645.053   CPU is running
T1FE8 11762:645.073   CPU_WriteMem(4 bytes @ 0xE0002014)
T1FE8 11762:645.511   CPU is running
T1FE8 11762:645.530   CPU_WriteMem(4 bytes @ 0xE0002018)
T1FE8 11762:645.938   CPU is running
T1FE8 11762:645.956   CPU_WriteMem(4 bytes @ 0xE000201C)
T1FE8 11762:671.869 - 28.732ms
T1FE8 11762:671.904   
T1FE8 11762:671.913   Closed
