T1FE8 11765:383.991   SEGGER J-Link V7.52a Log File
T1FE8 11765:384.120   DLL Compiled: Jul 28 2021 11:08:12
T1FE8 11765:384.167   Logging started @ 2025-12-02 21:34
T1FE8 11765:384.209 - 2684.064ms
T1FE8 11765:389.881 JLINK_ExecCommand("Device = AT91SAM3S1B", ...). 
T1FE8 11765:390.033   Device "ATSAM3S1B" selected.
T1FE8 11765:390.369 - 0.461ms returns 0x00
T1FE8 11765:528.646 JLINK_TIF_Select(JLINKARM_TIF_JTAG)
T1FE8 11765:530.044 - 1.422ms returns 0x00
T1FE8 11765:530.084 JLINK_ConfigJTAG(IRPre = 0, DRPre = 0)
T1FE8 11765:530.129 - 0.057ms
T1FE8 11765:530.154 JLINK_SetSpeed(4000)
T1FE8 11765:530.233 - 0.102ms
T1FE8 11765:530.273 JLINK_ResetPullsRESET(OFF)
T1FE8 11765:530.292 - 0.029ms
T1FE8 11765:530.314 JLINK_Connect()
T1FE8 11765:531.973   TotalIRLen = 4, IRPrint = 0x01
T1FE8 11765:532.638   JTAG chain detection found 1 devices:
T1FE8 11765:532.667    #0 Id: 0x4BA00477, IRLen: 04, CoreSight JTAG-DP
T1FE8 11765:537.042   Old FW that does not support reading DPIDR via DAP jobs
T1FE8 11765:540.309   DPv0 detected
T1FE8 11765:540.348   Scanning AP map to find all available APs
T1FE8 11765:543.051   AP[1]: Stopped AP scan as end of AP map has been reached
T1FE8 11765:543.084   AP[0]: AHB-AP (IDR: 0x24770011)
T1FE8 11765:543.105   Iterating through AP map to find AHB-AP to use
T1FE8 11765:548.264   AP[0]: Core found
T1FE8 11765:548.303   AP[0]: AHB-AP ROM base: 0xE00FF000
T1FE8 11765:550.613   CPUID register: 0x412FC230. Implementer code: 0x41 (ARM)
T1FE8 11765:550.644   Found Cortex-M3 r2p0, Little endian.
T1FE8 11765:551.046   -- Max. mem block: 0x000023B8
T1FE8 11765:551.180   CPU_ReadMem(4 bytes @ 0xE000EDF0)
T1FE8 11765:554.758   CPU_WriteMem(4 bytes @ 0xE000EDF0)
T1FE8 11765:555.147   CPU_ReadMem(4 bytes @ 0xE0002000)
T1FE8 11765:555.646   FPUnit: 6 code (BP) slots and 2 literal slots
T1FE8 11765:555.662   CPU_ReadMem(4 bytes @ 0xE000EDFC)
T1FE8 11765:556.140   CPU_WriteMem(4 bytes @ 0xE000EDFC)
T1FE8 11765:556.584   CPU_ReadMem(4 bytes @ 0xE0001000)
T1FE8 11765:557.085   CPU_WriteMem(4 bytes @ 0xE0001000)
T1FE8 11765:557.546   CPU_ReadMem(4 bytes @ 0xE000ED88)
T1FE8 11765:558.015   CPU_WriteMem(4 bytes @ 0xE000ED88)
T1FE8 11765:558.455   CPU_ReadMem(4 bytes @ 0xE000ED88)
T1FE8 11765:558.959   CPU_WriteMem(4 bytes @ 0xE000ED88)
T1FE8 11765:559.450   CoreSight components:
T1FE8 11765:559.478   ROMTbl[0] @ E00FF000
T1FE8 11765:559.491   CPU_ReadMem(64 bytes @ 0xE00FF000)
T1FE8 11765:560.268   CPU_ReadMem(32 bytes @ 0xE000EFE0)
T1FE8 11765:560.954   ROMTbl[0][0]: E000E000, CID: B105E00D, PID: 002BB000 SCS
T1FE8 11765:560.973   CPU_ReadMem(32 bytes @ 0xE0001FE0)
T1FE8 11765:561.689   ROMTbl[0][1]: E0001000, CID: B105E00D, PID: 002BB002 DWT
T1FE8 11765:561.707   CPU_ReadMem(32 bytes @ 0xE0002FE0)
T1FE8 11765:562.399   ROMTbl[0][2]: E0002000, CID: B105E00D, PID: 002BB003 FPB
T1FE8 11765:562.417   CPU_ReadMem(32 bytes @ 0xE0000FE0)
T1FE8 11765:563.100   ROMTbl[0][3]: E0000000, CID: B105E00D, PID: 002BB001 ITM
T1FE8 11765:563.118   CPU_ReadMem(32 bytes @ 0xE0040FE0)
T1FE8 11765:563.821   ROMTbl[0][4]: E0040000, CID: B105900D, PID: 002BB923 TPIU-Lite
T1FE8 11765:563.843 - 33.533ms returns 0x00
T1FE8 11765:563.883 JLINK_Halt()
T1FE8 11765:567.141 - 3.272ms returns 0x00
T1FE8 11765:567.309 JLINK_BeginDownload(Flags = 0x00000000)
T1FE8 11765:567.321 - 0.015ms
T1FE8 11765:567.345 JLINK_WriteMem(0x400E0A04, 0x4 Bytes, ...)
T1FE8 11765:567.354   Data:  0B 01 00 5A
T1FE8 11765:567.791   CPU_WriteMem(4 bytes @ 0x400E0A04)
T1FE8 11765:568.237 - 0.901ms returns 0x4
T1FE8 11765:568.278 JLINK_EndDownload()
T1FE8 11765:568.289 - 0.014ms returns 0 (0x0)
T1FE8 11765:568.299 JLINK_ReadMemHW(0x400E0A08, 0x0004 Bytes, ...)
T1FE8 11765:568.310   CPU_ReadMem(4 bytes @ 0x400E0A08)
T1FE8 11765:568.883   Data:  01 00 00 00
T1FE8 11765:568.900 - 0.605ms returns 0
T1FE8 11765:568.935 JLINK_SetResetType(JLINKARM_CM3_RESET_TYPE_NORMAL)
T1FE8 11765:568.944 - 0.012ms returns JLINKARM_CM3_RESET_TYPE_NORMAL
T1FE8 11765:568.954 JLINK_Reset()
T1FE8 11765:569.386   CPU_ReadMem(16 bytes @ 0x20000000)
T1FE8 11765:570.021   CPU_WriteMem(16 bytes @ 0x20000000)
T1FE8 11765:570.574   CPU_ReadMem(4 bytes @ 0xE000EDFC)
T1FE8 11765:571.083   CPU_WriteMem(4 bytes @ 0xE000EDFC)
T1FE8 11765:571.562   CPU_ReadMem(4 bytes @ 0xE0001000)
T1FE8 11765:586.896   CPU_WriteMem(4 bytes @ 0xE000ED0C)
T1FE8 11765:587.410   CPU_ReadMem(4 bytes @ 0xE000EDF0)
T1FE8 11765:587.947   CPU_ReadMem(4 bytes @ 0xE000EDF0)
T1FE8 11765:588.516   CPU_WriteMem(4 bytes @ 0xE000EDFC)
T1FE8 11765:588.988   CPU_WriteMem(16 bytes @ 0x20000000)
T1FE8 11765:592.697   CPU_WriteMem(4 bytes @ 0xE0002000)
T1FE8 11765:593.189   CPU_ReadMem(4 bytes @ 0xE000EDFC)
T1FE8 11765:593.711   CPU_ReadMem(4 bytes @ 0xE0001000)
T1FE8 11765:594.257 - 25.313ms
T1FE8 11765:595.334 JLINK_JTAG_GetDeviceID(DeviceIndex = 0)
T1FE8 11765:595.352 - 0.027ms returns 1268778103
T1FE8 11765:595.371 JLINK_ReadMemU32(0x400E0740, 0x1 Items)
T1FE8 11765:595.416   CPU_ReadMem(4 bytes @ 0x400E0740)
T1FE8 11765:595.920   Data:  61 05 99 28
T1FE8 11765:595.939 - 0.571ms returns 1 (0x1)
T1FE8 11765:595.977 JLINK_ReadMemU32(0x400E0744, 0x1 Items)
T1FE8 11765:595.992   CPU_ReadMem(4 bytes @ 0x400E0744)
T1FE8 11765:596.506   Data:  00 00 00 00
T1FE8 11765:596.523 - 0.550ms returns 1 (0x1)
T1FE8 11765:596.591 JLINK_BeginDownload(Flags = 0x00000000)
T1FE8 11765:596.601 - 0.016ms
T1FE8 11765:596.625 JLINK_WriteMem(0x400E0A04, 0x4 Bytes, ...)
T1FE8 11765:596.633   Data:  05 00 00 5A
T1FE8 11765:596.651   CPU_WriteMem(4 bytes @ 0x400E0A04)
T1FE8 11765:597.060 - 0.445ms returns 0x4
T1FE8 11765:597.108 JLINK_EndDownload()
T1FE8 11765:597.120 - 0.015ms returns 0 (0x0)
T1FE8 11765:597.130 JLINK_ReadMemHW(0x400E0A08, 0x0004 Bytes, ...)
T1FE8 11765:597.142   CPU_ReadMem(4 bytes @ 0x400E0A08)
T1FE8 11765:597.673   Data:  00 00 00 00
T1FE8 11765:597.694 - 0.567ms returns 0
T1FE8 11765:598.696 JLINK_ReadMemHW(0x400E0A08, 0x0004 Bytes, ...)
T1FE8 11765:598.722   CPU_ReadMem(4 bytes @ 0x400E0A08)
T1FE8 11765:599.262   Data:  00 00 00 00
T1FE8 11765:599.279 - 0.586ms returns 0
T1FE8 11765:603.735 JLINK_ReadMemHW(0x400E0A08, 0x0004 Bytes, ...)
T1FE8 11765:603.759   CPU_ReadMem(4 bytes @ 0x400E0A08)
T1FE8 11765:604.237   Data:  00 00 00 00
T1FE8 11765:604.255 - 0.523ms returns 0
T2A58 11765:604.740 JLINK_IsHalted()
T2A58 11765:604.758 - 0.022ms returns TRUE
T2A58 11765:604.770 JLINK_GetMOEs(...)
T2A58 11765:604.780   CPU_ReadMem(4 bytes @ 0xE000ED30)
T2A58 11765:605.279 - 0.519ms returns 0x01
T2A58 11765:605.300 JLINK_ReadReg(R15 (PC))
T2A58 11765:605.312 - 0.016ms returns 0x0040085C
T1FE8 11765:620.417 JLINK_ReadMemHW(0x400E0A08, 0x0004 Bytes, ...)
T1FE8 11765:620.454   CPU_ReadMem(4 bytes @ 0x400E0A08)
T1FE8 11765:621.006   Data:  01 00 00 00
T1FE8 11765:621.025 - 0.612ms returns 0
T2A58 11765:806.975 JLINK_IsHalted()
T2A58 11765:807.029 - 0.061ms returns TRUE
T1FE8 11765:808.109 JLINK_ResetPullsRESET(ON)
T1FE8 11765:808.141 - 0.040ms
T1FE8 11765:808.160 JLINK_ResetNoHalt()
T1FE8 11765:809.526   TotalIRLen = 4, IRPrint = 0x01
T1FE8 11765:810.220   JTAG chain detection found 1 devices:
T1FE8 11765:810.248    #0 Id: 0x4BA00477, IRLen: 04, CoreSight JTAG-DP
T1FE8 11765:814.596   Old FW that does not support reading DPIDR via DAP jobs
T1FE8 11765:817.848   DPv0 detected
T1FE8 11765:817.881   AP map detection skipped. Manually configured AP map found.
T1FE8 11765:817.906   AP[0]: AHB-AP (IDR: Not set)
T1FE8 11765:822.689   AP[0]: Core found
T1FE8 11765:822.716   AP[0]: AHB-AP ROM base: 0xE00FF000
T1FE8 11765:824.832   CPUID register: 0x412FC230. Implementer code: 0x41 (ARM)
T1FE8 11765:824.857   Found Cortex-M3 r2p0, Little endian.
T1FE8 11765:825.029   -- Max. mem block: 0x00001F48
T1FE8 11765:825.051   CPU_ReadMem(4 bytes @ 0xE000EDF0)
T1FE8 11765:825.471   CPU_ReadMem(4 bytes @ 0xE0002000)
T1FE8 11765:826.064   FPUnit: 6 code (BP) slots and 2 literal slots
T1FE8 11765:826.082   CPU_ReadMem(4 bytes @ 0xE000EDFC)
T1FE8 11765:826.588   CPU_ReadMem(4 bytes @ 0xE0001000)
T1FE8 11765:827.025   CPU_ReadMem(4 bytes @ 0xE000ED88)
T1FE8 11765:827.539   CPU_WriteMem(4 bytes @ 0xE000ED88)
T1FE8 11765:827.994   CPU_ReadMem(4 bytes @ 0xE000ED88)
T1FE8 11765:828.512   CPU_WriteMem(4 bytes @ 0xE000ED88)
T1FE8 11765:828.914   CoreSight components:
T1FE8 11765:828.937   ROMTbl[0] @ E00FF000
T1FE8 11765:828.949   CPU_ReadMem(64 bytes @ 0xE00FF000)
T1FE8 11765:830.193   CPU_ReadMem(32 bytes @ 0xE000EFE0)
T1FE8 11765:831.012   ROMTbl[0][0]: E000E000, CID: B105E00D, PID: 002BB000 SCS
T1FE8 11765:831.029   CPU_WriteMem(4 bytes @ 0xE0001000)
T1FE8 11765:831.507   CPU_ReadMem(32 bytes @ 0xE0001FE0)
T1FE8 11765:832.164   ROMTbl[0][1]: E0001000, CID: B105E00D, PID: 002BB002 DWT
T1FE8 11765:832.180   CPU_ReadMem(32 bytes @ 0xE0002FE0)
T1FE8 11765:832.899   ROMTbl[0][2]: E0002000, CID: B105E00D, PID: 002BB003 FPB
T1FE8 11765:832.915   CPU_ReadMem(32 bytes @ 0xE0000FE0)
T1FE8 11765:833.595   ROMTbl[0][3]: E0000000, CID: B105E00D, PID: 002BB001 ITM
T1FE8 11765:833.611   CPU_ReadMem(32 bytes @ 0xE0040FE0)
T1FE8 11765:834.327   ROMTbl[0][4]: E0040000, CID: B105900D, PID: 002BB923 TPIU-Lite
T1FE8 11765:834.351   JLINK_Reset()
T1FE8 11765:834.452     CPU_ReadMem(16 bytes @ 0x20000000)
T1FE8 11765:834.982     CPU_WriteMem(16 bytes @ 0x20000000)
T1FE8 11765:835.467     CPU_ReadMem(4 bytes @ 0xE000EDFC)
T1FE8 11765:835.905     CPU_WriteMem(4 bytes @ 0xE000EDFC)
T1FE8 11765:836.286     CPU_ReadMem(4 bytes @ 0xE0001000)
T1FE8 11765:836.800     CPU_WriteMem(4 bytes @ 0xE0001004)
T1FE8 11765:851.972     CPU_WriteMem(4 bytes @ 0xE000ED0C)
T1FE8 11765:852.618     CPU_ReadMem(4 bytes @ 0xE000EDF0)
T1FE8 11765:853.450     CPU_ReadMem(4 bytes @ 0xE000EDF0)
T1FE8 11765:854.212     CPU_WriteMem(4 bytes @ 0xE000EDFC)
T1FE8 11765:854.690     CPU_WriteMem(16 bytes @ 0x20000000)
T1FE8 11765:858.659     CPU_WriteMem(4 bytes @ 0xE0002000)
T1FE8 11765:859.345     CPU_ReadMem(4 bytes @ 0xE000EDFC)
T1FE8 11765:860.108     CPU_ReadMem(4 bytes @ 0xE0001000)
T1FE8 11765:860.858   - 26.520ms
T1FE8 11765:860.881   JLINK_Go()
T1FE8 11765:860.895     CPU_ReadMem(4 bytes @ 0xE0001000)
T1FE8 11765:861.513     CPU_WriteMem(4 bytes @ 0xE0001004)
T1FE8 11765:862.797   - 1.929ms
T1FE8 11765:862.816 - 54.660ms
T1FE8 11765:863.095 JLINK_TIF_Select(JLINKARM_TIF_JTAG)
T1FE8 11765:863.110 - 0.019ms returns 0x00
T1FE8 11765:863.121 JLINK_ConfigJTAG(IRPre = 0, DRPre = 0)
T1FE8 11765:863.128 - 0.010ms
T1FE8 11765:863.138 JLINK_SetSpeed(4000)
T1FE8 11765:863.286 - 0.162ms
T1FE8 11765:863.312 JLINK_ResetPullsRESET(OFF)
T1FE8 11765:863.319 - 0.011ms
T1FE8 11765:863.328 JLINK_Connect()
T1FE8 11765:864.895   TotalIRLen = 4, IRPrint = 0x01
T1FE8 11765:865.584   JTAG chain detection found 1 devices:
T1FE8 11765:865.624    #0 Id: 0x4BA00477, IRLen: 04, CoreSight JTAG-DP
T1FE8 11765:869.651   Old FW that does not support reading DPIDR via DAP jobs
T1FE8 11765:873.117   DPv0 detected
T1FE8 11765:873.143   AP map detection skipped. Manually configured AP map found.
T1FE8 11765:873.163   AP[0]: AHB-AP (IDR: Not set)
T1FE8 11765:877.230   AP[0]: Core found
T1FE8 11765:877.257   AP[0]: AHB-AP ROM base: 0xE00FF000
T1FE8 11765:879.280   CPUID register: 0x412FC230. Implementer code: 0x41 (ARM)
T1FE8 11765:879.304   Found Cortex-M3 r2p0, Little endian.
T1FE8 11765:879.469   -- Max. mem block: 0x00001F48
T1FE8 11765:879.490   CPU_ReadMem(4 bytes @ 0xE000EDF0)
T1FE8 11765:879.891   CPU_ReadMem(4 bytes @ 0xE0002000)
T1FE8 11765:880.332   FPUnit: 6 code (BP) slots and 2 literal slots
T1FE8 11765:880.348   CPU_ReadMem(4 bytes @ 0xE000EDFC)
T1FE8 11765:880.819   CPU_ReadMem(4 bytes @ 0xE0001000)
T1FE8 11765:881.314   CPU_WriteMem(4 bytes @ 0xE0001000)
T1FE8 11765:881.657   CPU_ReadMem(4 bytes @ 0xE000ED88)
T1FE8 11765:882.138   CPU_WriteMem(4 bytes @ 0xE000ED88)
T1FE8 11765:882.549   CPU_ReadMem(4 bytes @ 0xE000ED88)
T1FE8 11765:883.050   CPU_WriteMem(4 bytes @ 0xE000ED88)
T1FE8 11765:883.477   CoreSight components:
T1FE8 11765:883.500   ROMTbl[0] @ E00FF000
T1FE8 11765:883.514   CPU_ReadMem(64 bytes @ 0xE00FF000)
T1FE8 11765:884.801   CPU_ReadMem(32 bytes @ 0xE000EFE0)
T1FE8 11765:885.670   ROMTbl[0][0]: E000E000, CID: B105E00D, PID: 002BB000 SCS
T1FE8 11765:885.697   CPU_ReadMem(32 bytes @ 0xE0001FE0)
T1FE8 11765:886.422   ROMTbl[0][1]: E0001000, CID: B105E00D, PID: 002BB002 DWT
T1FE8 11765:886.440   CPU_ReadMem(32 bytes @ 0xE0002FE0)
T1FE8 11765:887.192   ROMTbl[0][2]: E0002000, CID: B105E00D, PID: 002BB003 FPB
T1FE8 11765:887.210   CPU_ReadMem(32 bytes @ 0xE0000FE0)
T1FE8 11765:887.899   ROMTbl[0][3]: E0000000, CID: B105E00D, PID: 002BB001 ITM
T1FE8 11765:887.917   CPU_ReadMem(32 bytes @ 0xE0040FE0)
T1FE8 11765:888.571   ROMTbl[0][4]: E0040000, CID: B105900D, PID: 002BB923 TPIU-Lite
T1FE8 11765:888.618 - 25.294ms returns 0x00
T1FE8 11765:888.681 JLINK_Halt()
T1FE8 11765:892.140 - 3.468ms returns 0x00
T1FE8 11765:892.257 JLINK_BeginDownload(Flags = 0x00000000)
T1FE8 11765:892.268 - 0.014ms
T1FE8 11765:892.292 JLINK_WriteMem(0x400E0A04, 0x4 Bytes, ...)
T1FE8 11765:892.301   Data:  0B 01 00 5A
T1FE8 11765:892.422   CPU_WriteMem(4 bytes @ 0x400E0A04)
T1FE8 11765:892.936 - 0.653ms returns 0x4
T1FE8 11765:892.979 JLINK_EndDownload()
T1FE8 11765:892.990 - 0.015ms returns 0 (0x0)
T1FE8 11765:893.000 JLINK_ReadMemHW(0x400E0A08, 0x0004 Bytes, ...)
T1FE8 11765:893.011   CPU_ReadMem(4 bytes @ 0x400E0A08)
T1FE8 11765:893.551   Data:  01 00 00 00
T1FE8 11765:893.568 - 0.572ms returns 0
T1FE8 11765:893.606 JLINK_SetResetType(JLINKARM_CM3_RESET_TYPE_NORMAL)
T1FE8 11765:893.615 - 0.013ms returns JLINKARM_CM3_RESET_TYPE_NORMAL
T1FE8 11765:893.625 JLINK_Reset()
T1FE8 11765:893.639   CPU_ReadMem(16 bytes @ 0x20000000)
T1FE8 11765:894.356   CPU_WriteMem(16 bytes @ 0x20000000)
T1FE8 11765:895.506   CPU_ReadMem(4 bytes @ 0xE000EDFC)
T1FE8 11765:896.619   CPU_WriteMem(4 bytes @ 0xE000EDFC)
T1FE8 11765:897.214   CPU_ReadMem(4 bytes @ 0xE0001000)
T1FE8 11765:914.054   CPU_WriteMem(4 bytes @ 0xE000ED0C)
T1FE8 11765:914.618   CPU_ReadMem(4 bytes @ 0xE000EDF0)
T1FE8 11765:915.722   CPU_ReadMem(4 bytes @ 0xE000EDF0)
T1FE8 11765:916.784   CPU_WriteMem(4 bytes @ 0xE000EDFC)
T1FE8 11765:917.306   CPU_WriteMem(16 bytes @ 0x20000000)
T1FE8 11765:921.572   CPU_WriteMem(4 bytes @ 0xE0002000)
T1FE8 11765:922.524   CPU_ReadMem(4 bytes @ 0xE000EDFC)
T1FE8 11765:923.503   CPU_ReadMem(4 bytes @ 0xE0001000)
T1FE8 11765:924.478 - 30.878ms
T1FE8 11765:925.614 JLINK_JTAG_GetDeviceID(DeviceIndex = 0)
T1FE8 11765:925.632 - 0.021ms returns 1268778103
T1FE8 11765:925.643 JLINK_ReadMemU32(0x400E0740, 0x1 Items)
T1FE8 11765:925.662   CPU_ReadMem(4 bytes @ 0x400E0740)
T1FE8 11765:926.251   Data:  61 05 99 28
T1FE8 11765:926.268 - 0.629ms returns 1 (0x1)
T1FE8 11765:926.305 JLINK_ReadMemU32(0x400E0744, 0x1 Items)
T1FE8 11765:926.319   CPU_ReadMem(4 bytes @ 0x400E0744)
T1FE8 11765:926.898   Data:  00 00 00 00
T1FE8 11765:926.915 - 0.614ms returns 1 (0x1)
T4288 11765:935.556 JLINK_IsHalted()
T4288 11765:935.585 - 0.033ms returns TRUE
T4288 11765:935.597 JLINK_GetMOEs(...)
T4288 11765:935.611   CPU_ReadMem(4 bytes @ 0xE000ED30)
T4288 11765:936.150 - 0.564ms returns 0x01
T4288 11765:936.172 JLINK_ReadReg(R15 (PC))
T4288 11765:936.185 - 0.016ms returns 0xFFFFFFFE
T1FE8 11765:937.585 JLINK_BeginDownload(Flags = 0x00000000)
T1FE8 11765:937.599 - 0.018ms
T1FE8 11765:937.619 JLINK_WriteMem(0x00400000, 0x1998 Bytes, ...)
T1FE8 11765:937.629   Data:  20 31 00 20 5D 08 40 00 59 08 40 00 59 08 40 00 ...
T1FE8 11765:937.909   completely In flash
T1FE8 11765:937.935    -- Read from flash cache (6552 bytes @ 0x00400000)
T1FE8 11765:937.948 - 0.332ms returns 0x1998
T1FE8 11765:938.094 JLINK_WriteMem(0x00401998, 0x52C Bytes, ...)
T1FE8 11765:938.106   Data:  4F F4 40 72 1F 4B 1A 60 A3 F5 C0 63 1B 6A 13 F0 ...
T1FE8 11765:938.119   completely In flash
T1FE8 11765:938.132    -- Read from flash cache (1324 bytes @ 0x00401998)
T1FE8 11765:938.142 - 0.051ms returns 0x52C
T1FE8 11765:941.448 JLINK_EndDownload()
T1FE8 11765:941.680   Old firmware which does not support pausing periodic actions during flash download
T1FE8 11765:941.721   CPU_ReadMem(4 bytes @ 0xE000ED90)
T1FE8 11765:942.235   CPU_ReadMem(4 bytes @ 0xE000ED94)
T1FE8 11765:942.784    -- --------------------------------------
T1FE8 11765:942.804   Flash bank @ 0x00400000: Default: L2 verify disabled because algorithm performs L1 verify
T1FE8 11765:942.815    -- Start of determining dirty areas in flash cache
T1FE8 11765:942.853    -- End of determining dirty areas
T1FE8 11765:942.864    -- Start of preparing flash programming
T1FE8 11765:942.875    -- Calculating RAM usage
T1FE8 11765:942.889    -- RAM usage = 2692 Bytes
T1FE8 11765:942.900    -- Preserving CPU registers
T1FE8 11765:942.924    -- Preparing memory
T1FE8 11765:942.935    -- Preparing target
T1FE8 11765:945.959    -- Preserving target RAM temporarily used for programming
T1FE8 11765:962.583    -- Downloading RAMCode
T1FE8 11765:983.513    -- Preparing RAMCode
T1FE8 11765:993.061    -- Checking target RAM
T1FE8 11765:997.153    -- End of preparing flash programming
T1FE8 11765:997.357   Looking for J-Link GUI Server exe at: C:\Program Files (x86)\Atmel\Studio\7.0\atbackend\JLinkGUIServer.exe
T1FE8 11765:997.453   Looking for J-Link GUI Server exe at: \JLinkGUIServer.exe
T1FE8 11766:299.356   Failed to connect to J-Link GUI Server.
T1FE8 11766:307.072    -- CPU speed could not be measured.
T1FE8 11766:307.101    -- Start of comparing flash
T1FE8 11766:307.113    -- CRC check was estimated as fastest method
T1FE8 11766:307.129    -- Comparing range 0x400000 - 0x401EFF (31 Sectors, 7 KiB), using multi-block CRC calculation
T1FE8 11766:322.314    -- CRC does not match for sectors 0-30
T1FE8 11766:322.343    -- End of comparing flash
T1FE8 11766:322.354    -- Start of erasing sectors
T1FE8 11766:322.366    -- End of erasing sectors
T1FE8 11766:322.376    -- Start of flash programming
T1FE8 11766:322.388    -- Programming range 0x00400000 - 0x00401EFF ( 31 Sectors, 7 KB)
T1FE8 11766:416.299    -- End of flash programming
T1FE8 11766:416.329    -- 0x400000 - 0x401EFF ( 31 Sectors, 7 KoB)
T1FE8 11766:416.341    -- Start of restoring
T1FE8 11766:416.353    -- Restoring RAMCode
T1FE8 11766:429.739    -- Restoring target memory
T1FE8 11766:452.658    -- Restore target
T1FE8 11766:452.693    -- Restore memory
T1FE8 11766:452.704    -- Restoring CPU registers
T1FE8 11766:452.731    -- End of restoring
T1FE8 11766:452.795    -- Bank 0 @ 0x00400000: 1 range affected (7936 bytes)
T1FE8 11766:452.823    -- Total: 0.509s (Prepare: 0.364s, Compare: 0.015s, Erase: 0.000s, Program & Verify: 0.102s, Restore: 0.027s)
T1FE8 11766:452.844    -- Program & Verify speed: 75 KiB/s
T1FE8 11766:456.060 - 514.658ms returns 7936 (0x1F00)
T1FE8 11766:456.623 JLINK_SetResetType(JLINKARM_CM3_RESET_TYPE_NORMAL)
T1FE8 11766:456.637 - 0.018ms returns JLINKARM_CM3_RESET_TYPE_NORMAL
T1FE8 11766:456.647 JLINK_Reset()
T1FE8 11766:457.095   CPU_ReadMem(16 bytes @ 0x20000000)
T1FE8 11766:457.766   CPU_WriteMem(16 bytes @ 0x20000000)
T1FE8 11766:458.194   CPU_ReadMem(4 bytes @ 0xE000EDFC)
T1FE8 11766:458.699   CPU_WriteMem(4 bytes @ 0xE000EDFC)
T1FE8 11766:459.093   CPU_ReadMem(4 bytes @ 0xE0001000)
T1FE8 11766:476.529   CPU_WriteMem(4 bytes @ 0xE000ED0C)
T1FE8 11766:477.526   CPU_ReadMem(4 bytes @ 0xE000EDF0)
T1FE8 11766:478.579   CPU_ReadMem(4 bytes @ 0xE000EDF0)
T1FE8 11766:479.604   CPU_WriteMem(4 bytes @ 0xE000EDFC)
T1FE8 11766:480.208   CPU_WriteMem(16 bytes @ 0x20000000)
T1FE8 11766:484.333   CPU_WriteMem(4 bytes @ 0xE0002000)
T1FE8 11766:484.939   CPU_ReadMem(4 bytes @ 0xE000EDFC)
T1FE8 11766:485.479   CPU_ReadMem(4 bytes @ 0xE0001000)
T1FE8 11766:486.196 - 29.558ms
T4288 11766:545.291 JLINK_IsHalted()
T4288 11766:545.320 - 0.032ms returns TRUE
T2428 11766:591.407 JLINK_Halt()
T2428 11766:591.430 - 0.027ms returns 0x00
T2428 11766:591.456 JLINK_ReadReg(R15 (PC))
T2428 11766:591.469 - 0.017ms returns 0x0040085C
T2428 11766:591.482 JLINK_ReadReg(R13 (SP))
T2428 11766:591.491 - 0.012ms returns 0x20003120
T2428 11766:596.449 JLINK_ReadMemHW(0x0040085C, 0x0004 Bytes, ...)
T2428 11766:596.474   CPU_ReadMem(4 bytes @ 0x0040085C)
T2428 11766:596.965   Data:  08 B5 1C 4B
T2428 11766:596.989 - 0.544ms returns 0
T2428 11766:597.328 JLINK_ReadReg(R0)
T2428 11766:597.346 - 0.023ms returns 0x400E1400
T2428 11766:597.360 JLINK_ReadReg(R1)
T2428 11766:597.368 - 0.011ms returns 0x00000000
T2428 11766:597.379 JLINK_ReadReg(R2)
T2428 11766:597.387 - 0.011ms returns 0xA5000004
T2428 11766:597.399 JLINK_ReadReg(R3)
T2428 11766:597.418 - 0.026ms returns 0x00000B5A
T2428 11766:597.442 JLINK_ReadReg(R4)
T2428 11766:597.461 - 0.023ms returns 0x200005D0
T2428 11766:597.477 JLINK_ReadReg(R5)
T2428 11766:597.488 - 0.016ms returns 0x00000B58
T2428 11766:597.506 JLINK_ReadReg(R6)
T2428 11766:597.518 - 0.018ms returns 0x20000FF8
T2428 11766:597.536 JLINK_ReadReg(R7)
T2428 11766:597.547 - 0.018ms returns 0x200006F8
T2428 11766:597.569 JLINK_ReadReg(R8)
T2428 11766:597.585 - 0.022ms returns 0x200005CA
T2428 11766:597.605 JLINK_ReadReg(R9)
T2428 11766:597.620 - 0.021ms returns 0x200005D4
T2428 11766:597.641 JLINK_ReadReg(R10)
T2428 11766:597.656 - 0.023ms returns 0x00400365
T2428 11766:597.679 JLINK_ReadReg(R11)
T2428 11766:597.697 - 0.026ms returns 0x00000000
T2428 11766:597.721 JLINK_ReadReg(R12)
T2428 11766:597.738 - 0.025ms returns 0x00000001
T2428 11766:597.764 JLINK_ReadReg(R13 (SP))
T2428 11766:597.787 - 0.032ms returns 0x20003120
T2428 11766:597.822 JLINK_ReadReg(R14)
T2428 11766:597.847 - 0.036ms returns 0xFFFFFFFF
T2428 11766:597.881 JLINK_ReadReg(R15 (PC))
T2428 11766:597.910 - 0.041ms returns 0x0040085C
T2428 11766:597.972 JLINK_ReadReg(XPSR)
T2428 11766:598.015 - 0.052ms returns 0x01000000
T2428 11766:598.043 JLINK_ReadReg(MSP)
T2428 11766:598.062 - 0.026ms returns 0x20003120
T2428 11766:598.082 JLINK_ReadReg(PSP)
T2428 11766:598.095 - 0.017ms returns 0xC8420018
T2428 11766:598.107 JLINK_ReadReg(PRIMASK)
T2428 11766:598.114 - 0.011ms returns 0x00000000
T2428 11766:598.125 JLINK_ReadReg(BASEPRI)
T2428 11766:598.133 - 0.011ms returns 0x00000000
T2428 11766:598.144 JLINK_ReadReg(FAULTMASK)
T2428 11766:598.152 - 0.011ms returns 0x00000000
T2428 11766:598.162 JLINK_ReadReg(CONTROL)
T2428 11766:598.170 - 0.011ms returns 0x00000000
T2428 11766:598.558 JLINK_ReadMemHW(0x0040085C, 0x0002 Bytes, ...)
T2428 11766:598.586   CPU_ReadMem(2 bytes @ 0x0040085C)
T2428 11766:599.083   Data:  08 B5
T2428 11766:599.100 - 0.546ms returns 0
T2428 11766:667.572 JLINK_ReadReg(R0)
T2428 11766:667.605 - 0.038ms returns 0x400E1400
T2428 11766:667.620 JLINK_ReadReg(R1)
T2428 11766:667.629 - 0.012ms returns 0x00000000
T2428 11766:667.640 JLINK_ReadReg(R2)
T2428 11766:667.649 - 0.012ms returns 0xA5000004
T2428 11766:667.660 JLINK_ReadReg(R3)
T2428 11766:667.668 - 0.011ms returns 0x00000B5A
T2428 11766:667.680 JLINK_ReadReg(R4)
T2428 11766:667.688 - 0.011ms returns 0x200005D0
T2428 11766:667.699 JLINK_ReadReg(R5)
T2428 11766:667.707 - 0.011ms returns 0x00000B58
T2428 11766:667.718 JLINK_ReadReg(R6)
T2428 11766:667.726 - 0.011ms returns 0x20000FF8
T2428 11766:667.737 JLINK_ReadReg(R7)
T2428 11766:667.745 - 0.011ms returns 0x200006F8
T2428 11766:667.756 JLINK_ReadReg(R8)
T2428 11766:667.764 - 0.011ms returns 0x200005CA
T2428 11766:667.775 JLINK_ReadReg(R9)
T2428 11766:667.783 - 0.011ms returns 0x200005D4
T2428 11766:667.794 JLINK_ReadReg(R10)
T2428 11766:667.802 - 0.011ms returns 0x00400365
T2428 11766:667.813 JLINK_ReadReg(R11)
T2428 11766:667.821 - 0.011ms returns 0x00000000
T2428 11766:667.832 JLINK_ReadReg(R12)
T2428 11766:667.840 - 0.011ms returns 0x00000001
T2428 11766:667.851 JLINK_ReadReg(R13 (SP))
T2428 11766:667.859 - 0.011ms returns 0x20003120
T2428 11766:667.870 JLINK_ReadReg(R14)
T2428 11766:667.878 - 0.011ms returns 0xFFFFFFFF
T2428 11766:667.889 JLINK_ReadReg(R15 (PC))
T2428 11766:667.897 - 0.011ms returns 0x0040085C
T2428 11766:667.916 JLINK_ReadReg(XPSR)
T2428 11766:667.924 - 0.011ms returns 0x01000000
T2428 11766:667.935 JLINK_ReadReg(MSP)
T2428 11766:667.943 - 0.011ms returns 0x20003120
T2428 11766:667.954 JLINK_ReadReg(PSP)
T2428 11766:667.962 - 0.011ms returns 0xC8420018
T2428 11766:667.973 JLINK_ReadReg(PRIMASK)
T2428 11766:667.981 - 0.017ms returns 0x00000000
T2428 11766:668.001 JLINK_ReadReg(BASEPRI)
T2428 11766:668.009 - 0.011ms returns 0x00000000
T2428 11766:668.021 JLINK_ReadReg(FAULTMASK)
T2428 11766:668.028 - 0.011ms returns 0x00000000
T2428 11766:668.039 JLINK_ReadReg(CONTROL)
T2428 11766:668.047 - 0.015ms returns 0x00000000
T2428 11766:732.468 JLINK_ReadMemHW(0x0040085C, 0x0004 Bytes, ...)
T2428 11766:732.508   CPU_ReadMem(4 bytes @ 0x0040085C)
T2428 11766:733.051   Data:  08 B5 1C 4B
T2428 11766:733.068 - 0.604ms returns 0
T4288 11766:747.139 JLINK_IsHalted()
T4288 11766:747.173 - 0.040ms returns TRUE
T2428 11766:761.258 JLINK_ReadMemHW(0x004013E2, 0x0002 Bytes, ...)
T2428 11766:761.307   CPU_ReadMem(2 bytes @ 0x004013E2)
T2428 11766:761.924   Data:  4F F4
T2428 11766:761.950 - 0.695ms returns 0
T2428 11766:762.586 JLINK_ReadMemHW(0x00401468, 0x0002 Bytes, ...)
T2428 11766:762.607   CPU_ReadMem(2 bytes @ 0x00401468)
T2428 11766:763.114   Data:  4F F0
T2428 11766:763.131 - 0.549ms returns 0
T1FE8 11766:781.652 JLINK_GetNumBPUnits(Type = 0xFFFFFF02)
T1FE8 11766:781.672 - 0.024ms returns 0x06
T1FE8 11766:781.682 JLINK_SetBPEx(Addr = 0x00401468, Type = 0xFFFFFFF2)
T1FE8 11766:781.694 - 0.015ms returns 0x00000001
T1FE8 11766:781.704 JLINK_GetBPInfo(BPHandle = 1)
T1FE8 11766:781.710 - 0.010ms returns 0x0
T2428 11766:793.222 JLINK_SetResetType(JLINKARM_CM3_RESET_TYPE_NORMAL)
T2428 11766:793.249 - 0.034ms returns JLINKARM_CM3_RESET_TYPE_NORMAL
T2428 11766:793.270 JLINK_Reset()
T2428 11766:793.297   CPU_ReadMem(16 bytes @ 0x20000000)
T2428 11766:793.875   CPU_WriteMem(16 bytes @ 0x20000000)
T2428 11766:794.418   CPU_ReadMem(4 bytes @ 0xE000EDFC)
T2428 11766:794.912   CPU_WriteMem(4 bytes @ 0xE000EDFC)
T2428 11766:795.375   CPU_ReadMem(4 bytes @ 0xE0001000)
T2428 11766:796.024   CPU_WriteMem(4 bytes @ 0xE0001004)
T2428 11766:813.460   CPU_WriteMem(4 bytes @ 0xE000ED0C)
T2428 11766:814.102   CPU_ReadMem(4 bytes @ 0xE000EDF0)
T2428 11766:814.731   CPU_ReadMem(4 bytes @ 0xE000EDF0)
T2428 11766:815.221   CPU_WriteMem(4 bytes @ 0xE000EDFC)
T2428 11766:816.314   CPU_WriteMem(16 bytes @ 0x20000000)
T2428 11766:820.770   CPU_WriteMem(4 bytes @ 0xE0002000)
T2428 11766:821.224   CPU_ReadMem(4 bytes @ 0xE000EDFC)
T2428 11766:822.240   CPU_ReadMem(4 bytes @ 0xE0001000)
T2428 11766:823.315 - 30.116ms
T4288 11766:823.430 JLINK_IsHalted()
T4288 11766:823.452 - 0.028ms returns TRUE
T4288 11766:823.563 JLINK_GetMOEs(...)
T4288 11766:823.587   CPU_ReadMem(4 bytes @ 0xE000ED30)
T4288 11766:824.297 - 0.748ms returns 0x01
T4288 11766:824.324 JLINK_ReadReg(R15 (PC))
T4288 11766:824.338 - 0.018ms returns 0x0040085C
T2428 11766:833.834 JLINK_ReadReg(R15 (PC))
T2428 11766:833.870 - 0.040ms returns 0x0040085C
T2428 11766:833.886 JLINK_ReadReg(R13 (SP))
T2428 11766:833.896 - 0.014ms returns 0x20003120
T2428 11766:834.375 JLINK_ReadMemHW(0x0040085C, 0x0004 Bytes, ...)
T2428 11766:834.413   CPU_ReadMem(4 bytes @ 0x0040085C)
T2428 11766:834.927   Data:  08 B5 1C 4B
T2428 11766:834.947 - 0.575ms returns 0
T2428 11766:886.702 JLINK_ReadMemHW(0x004013DC, 0x0001 Bytes, ...)
T2428 11766:886.737   CPU_ReadMem(1 bytes @ 0x004013DC)
T2428 11766:887.239   Data:  2D
T2428 11766:887.260 - 0.562ms returns 0
T2428 11766:917.907 JLINK_ReadReg(R15 (PC))
T2428 11766:917.969 - 0.077ms returns 0x0040085C
T2428 11766:918.157 JLINK_SetBPEx(Addr = 0x004013DC, Type = 0xFFFFFFF2)
T2428 11766:918.180 - 0.028ms returns 0x00000002
T2428 11766:918.193 JLINK_GetBPInfo(BPHandle = 2)
T2428 11766:918.202 - 0.012ms returns 0x0
T2428 11766:918.451 JLINK_Go()
T2428 11766:918.494   CPU_ReadMem(4 bytes @ 0xE0001000)
T2428 11766:919.022   CPU_WriteMem(4 bytes @ 0xE000ED30)
T2428 11766:919.488   CPU_WriteMem(4 bytes @ 0xE0002008)
T2428 11766:919.508   CPU_WriteMem(4 bytes @ 0xE000200C)
T2428 11766:919.519   CPU_WriteMem(4 bytes @ 0xE0002010)
T2428 11766:919.529   CPU_WriteMem(4 bytes @ 0xE0002014)
T2428 11766:919.540   CPU_WriteMem(4 bytes @ 0xE0002018)
T2428 11766:919.551   CPU_WriteMem(4 bytes @ 0xE000201C)
T2428 11766:921.698   CPU_WriteMem(4 bytes @ 0xE0001004)
T2428 11766:922.873 - 4.437ms
T4288 11766:922.955 JLINK_IsHalted()
T4288 11766:923.534 - 0.592ms returns FALSE
T4288 11766:945.492 JLINK_IsHalted()
T4288 11766:949.803 - 4.336ms returns TRUE
T4288 11766:949.847 JLINK_GetMOEs(...)
T4288 11766:949.861   CPU_ReadMem(4 bytes @ 0xE000ED30)
T4288 11766:950.909 - 1.087ms returns 0x01
T4288 11766:950.956 JLINK_ReadReg(R15 (PC))
T4288 11766:950.971 - 0.019ms returns 0x004013DC
T2428 11766:953.725 JLINK_ReadReg(R15 (PC))
T2428 11766:953.762 - 0.041ms returns 0x004013DC
T2428 11766:953.778 JLINK_ReadReg(R13 (SP))
T2428 11766:953.788 - 0.014ms returns 0x20003118
T2428 11766:954.255 JLINK_ReadMemHW(0x004013DC, 0x0004 Bytes, ...)
T2428 11766:954.295   CPU_ReadMem(4 bytes @ 0x004013DC)
T2428 11766:954.893   Data:  2D E9 F0 4F
T2428 11766:954.912 - 0.661ms returns 0
T2428 11766:981.981 JLINK_WriteU32_64(0xE000EDFC, 0x01000000)
T2428 11766:982.017   Debug reg: DEMCR
T2428 11766:982.741   CPU_WriteMem(4 bytes @ 0xE000EDFC)
T2428 11766:983.217 - 1.252ms returns 0 (0x00000000)
T2428 11766:983.246 JLINK_ReadMem(0xE0001000, 0x4 Bytes, ...)
T2428 11766:983.263   CPU_ReadMem(4 bytes @ 0xE0001000)
T2428 11766:983.763   Data:  01 00 00 40
T2428 11766:983.822   Debug reg: DWT_CTRL
T2428 11766:983.832 - 0.589ms returns 0
T2428 11766:983.894 JLINK_WriteU32_64(0xE0001000, 0x40000001)
T2428 11766:983.904   Debug reg: DWT_CTRL
T2428 11766:983.922 - 0.031ms returns 0 (0x00000000)
T2428 11766:983.943 JLINK_WriteU32_64(0xE0001028, 0x00000100)
T2428 11766:983.951   Debug reg: DWT_FUNC[0]
T2428 11766:983.964 - 0.025ms returns 0 (0x00000000)
T2428 11766:983.975 JLINK_ReadMem(0xE0001028, 0x4 Bytes, ...)
T2428 11766:983.992   CPU_WriteMem(4 bytes @ 0xE0001028)
T2428 11766:984.495   CPU_ReadMem(4 bytes @ 0xE0001028)
T2428 11766:985.410   Data:  00 00 00 00
T2428 11766:985.440   Debug reg: DWT_FUNC[0]
T2428 11766:985.451 - 1.480ms returns 0
T2428 11766:985.520 JLINK_WriteU32_64(0xE0001024, 0x0000001F)
T2428 11766:985.530   Debug reg: DWT_MASK[0]
T2428 11766:985.550 - 0.034ms returns 0 (0x00000000)
T2428 11766:985.561 JLINK_ReadMem(0xE0001024, 0x4 Bytes, ...)
T2428 11766:985.574   CPU_WriteMem(4 bytes @ 0xE0001024)
T2428 11766:986.045   CPU_ReadMem(4 bytes @ 0xE0001024)
T2428 11766:986.939   Data:  0F 00 00 00
T2428 11766:986.969   Debug reg: DWT_MASK[0]
T2428 11766:986.980 - 1.422ms returns 0
T2428 11766:987.052 JLINK_WriteU32_64(0xE0001038, 0x00000100)
T2428 11766:987.062   Debug reg: DWT_FUNC[1]
T2428 11766:987.084 - 0.036ms returns 0 (0x00000000)
T2428 11766:987.096 JLINK_ReadMem(0xE0001038, 0x4 Bytes, ...)
T2428 11766:987.109   CPU_WriteMem(4 bytes @ 0xE0001038)
T2428 11766:987.574   CPU_ReadMem(4 bytes @ 0xE0001038)
T2428 11766:988.508   Data:  00 03 00 00
T2428 11766:988.538   Debug reg: DWT_FUNC[1]
T2428 11766:988.549 - 1.457ms returns 0
T2428 11766:988.617 JLINK_WriteU32_64(0xE0001034, 0x0000001F)
T2428 11766:988.628   Debug reg: DWT_MASK[1]
T2428 11766:988.648 - 0.035ms returns 0 (0x00000000)
T2428 11766:988.660 JLINK_ReadMem(0xE0001034, 0x4 Bytes, ...)
T2428 11766:988.672   CPU_WriteMem(4 bytes @ 0xE0001034)
T2428 11766:989.141   CPU_ReadMem(4 bytes @ 0xE0001034)
T2428 11766:990.069   Data:  0F 00 00 00
T2428 11766:990.098   Debug reg: DWT_MASK[1]
T2428 11766:990.109 - 1.453ms returns 0
T2428 11766:990.182 JLINK_WriteU32_64(0xE0001048, 0x00000100)
T2428 11766:990.193   Debug reg: DWT_FUNC[2]
T2428 11766:990.214 - 0.036ms returns 0 (0x00000000)
T2428 11766:990.226 JLINK_ReadMem(0xE0001048, 0x4 Bytes, ...)
T2428 11766:990.237   CPU_WriteMem(4 bytes @ 0xE0001048)
T2428 11766:990.717   CPU_ReadMem(4 bytes @ 0xE0001048)
T2428 11766:991.631   Data:  00 00 00 00
T2428 11766:991.661   Debug reg: DWT_FUNC[2]
T2428 11766:991.672 - 1.450ms returns 0
T2428 11766:991.742 JLINK_WriteU32_64(0xE0001044, 0x0000001F)
T2428 11766:991.753   Debug reg: DWT_MASK[2]
T2428 11766:991.773 - 0.035ms returns 0 (0x00000000)
T2428 11766:991.785 JLINK_ReadMem(0xE0001044, 0x4 Bytes, ...)
T2428 11766:991.797   CPU_WriteMem(4 bytes @ 0xE0001044)
T2428 11766:992.290   CPU_ReadMem(4 bytes @ 0xE0001044)
T2428 11766:993.224   Data:  0F 00 00 00
T2428 11766:993.254   Debug reg: DWT_MASK[2]
T2428 11766:993.265 - 1.484ms returns 0
T2428 11766:993.339 JLINK_WriteU32_64(0xE0001058, 0x00000100)
T2428 11766:993.350   Debug reg: DWT_FUNC[3]
T2428 11766:993.371 - 0.036ms returns 0 (0x00000000)
T2428 11766:993.383 JLINK_ReadMem(0xE0001058, 0x4 Bytes, ...)
T2428 11766:993.395   CPU_WriteMem(4 bytes @ 0xE0001058)
T2428 11766:993.866   CPU_ReadMem(4 bytes @ 0xE0001058)
T2428 11766:994.791   Data:  00 00 00 00
T2428 11766:994.826   Debug reg: DWT_FUNC[3]
T2428 11766:994.836 - 1.457ms returns 0
T2428 11766:994.912 JLINK_WriteU32_64(0xE0001054, 0x0000001F)
T2428 11766:994.923   Debug reg: DWT_MASK[3]
T2428 11766:994.945 - 0.036ms returns 0 (0x00000000)
T2428 11766:994.957 JLINK_ReadMem(0xE0001054, 0x4 Bytes, ...)
T2428 11766:994.969   CPU_WriteMem(4 bytes @ 0xE0001054)
T2428 11766:995.454   CPU_ReadMem(4 bytes @ 0xE0001054)
T2428 11766:996.475   Data:  0F 00 00 00
T2428 11766:996.517   Debug reg: DWT_MASK[3]
T2428 11766:996.533 - 1.581ms returns 0
T2428 11766:996.654 JLINK_WriteU32_64(0xE0001020, 0x00000000)
T2428 11766:996.669   Debug reg: DWT_COMP[0]
T2428 11766:996.695 - 0.048ms returns 0 (0x00000000)
T2428 11766:996.750 JLINK_WriteU32_64(0xE0001024, 0x00000000)
T2428 11766:996.762   Debug reg: DWT_MASK[0]
T2428 11766:996.794 - 0.063ms returns 0 (0x00000000)
T2428 11766:996.937 JLINK_WriteU32_64(0xE0001028, 0x00000000)
T2428 11766:996.962   Debug reg: DWT_FUNC[0]
T2428 11766:996.996 - 0.068ms returns 0 (0x00000000)
T2428 11766:997.052 JLINK_WriteU32_64(0xE0001030, 0x00000000)
T2428 11766:997.065   Debug reg: DWT_COMP[1]
T2428 11766:997.080 - 0.032ms returns 0 (0x00000000)
T2428 11766:997.109 JLINK_WriteU32_64(0xE0001034, 0x00000000)
T2428 11766:997.118   Debug reg: DWT_MASK[1]
T2428 11766:997.132 - 0.027ms returns 0 (0x00000000)
T2428 11766:997.157 JLINK_WriteU32_64(0xE0001038, 0x00000000)
T2428 11766:997.165   Debug reg: DWT_FUNC[1]
T2428 11766:997.178 - 0.025ms returns 0 (0x00000000)
T2428 11766:997.204 JLINK_WriteU32_64(0xE0001040, 0x00000000)
T2428 11766:997.213   Debug reg: DWT_COMP[2]
T2428 11766:997.225 - 0.025ms returns 0 (0x00000000)
T2428 11766:997.253 JLINK_WriteU32_64(0xE0001044, 0x00000000)
T2428 11766:997.261   Debug reg: DWT_MASK[2]
T2428 11766:997.275 - 0.026ms returns 0 (0x00000000)
T2428 11766:997.300 JLINK_WriteU32_64(0xE0001048, 0x00000000)
T2428 11766:997.309   Debug reg: DWT_FUNC[2]
T2428 11766:997.321 - 0.025ms returns 0 (0x00000000)
T2428 11766:997.348 JLINK_WriteU32_64(0xE0001050, 0x00000000)
T2428 11766:997.357   Debug reg: DWT_COMP[3]
T2428 11766:997.370 - 0.025ms returns 0 (0x00000000)
T2428 11766:997.399 JLINK_WriteU32_64(0xE0001054, 0x00000000)
T2428 11766:997.407   Debug reg: DWT_MASK[3]
T2428 11766:997.419 - 0.023ms returns 0 (0x00000000)
T2428 11766:997.440 JLINK_WriteU32_64(0xE0001058, 0x00000000)
T2428 11766:997.448   Debug reg: DWT_FUNC[3]
T2428 11766:997.460 - 0.023ms returns 0 (0x00000000)
T2428 11766:997.473 JLINK_GetBPInfo(BPHandle = 2)
T2428 11766:997.480 - 0.010ms returns 0x0
T2428 11766:997.489 JLINK_ClrBPEx(BPHandle = 0x00000002)
T2428 11766:997.498 - 0.012ms returns 0x00
T2428 11766:997.533 JLINK_ReadReg(R15 (PC))
T2428 11766:997.543 - 0.013ms returns 0x004013DC
T2428 11766:997.724 JLINK_Go()
T2428 11766:997.746   CPU_WriteMem(4 bytes @ 0xE0001000)
T2428 11766:998.174   CPU_ReadMem(4 bytes @ 0xE0001000)
T2428 11766:998.659   CPU_WriteMem(4 bytes @ 0xE000ED30)
T2428 11766:999.138   CPU_WriteMem(4 bytes @ 0xE0001020)
T2428 11766:999.158   CPU_WriteMem(4 bytes @ 0xE0001030)
T2428 11766:999.169   CPU_WriteMem(4 bytes @ 0xE0001040)
T2428 11766:999.179   CPU_WriteMem(4 bytes @ 0xE0001050)
T2428 11766:999.190   CPU_WriteMem(4 bytes @ 0xE0001024)
T2428 11766:999.201   CPU_WriteMem(4 bytes @ 0xE0001034)
T2428 11766:999.211   CPU_WriteMem(4 bytes @ 0xE0001044)
T2428 11766:999.222   CPU_WriteMem(4 bytes @ 0xE0001054)
T2428 11766:999.232   CPU_WriteMem(4 bytes @ 0xE0001028)
T2428 11766:999.251   CPU_WriteMem(4 bytes @ 0xE0001038)
T2428 11766:999.261   CPU_WriteMem(4 bytes @ 0xE0001048)
T2428 11766:999.272   CPU_WriteMem(4 bytes @ 0xE0001058)
T2428 11766:999.283   CPU_WriteMem(4 bytes @ 0xE000200C)
T2428 11767:005.455 - 7.756ms
T4288 11767:005.613 JLINK_IsHalted()
T4288 11767:006.142 - 0.553ms returns FALSE
T4288 11767:048.387 JLINK_IsHalted()
T4288 11767:049.380 - 1.018ms returns FALSE
T4288 11767:210.582 JLINK_IsHalted()
T4288 11767:211.584 - 1.027ms returns FALSE
T4288 11767:411.553 JLINK_IsHalted()
T4288 11767:412.589 - 1.061ms returns FALSE
T4288 11767:618.840 JLINK_IsHalted()
T4288 11767:619.925 - 1.111ms returns FALSE
T4288 11767:821.378 JLINK_IsHalted()
T4288 11767:822.428 - 1.078ms returns FALSE
T4288 11768:023.415 JLINK_IsHalted()
T4288 11768:024.460 - 1.070ms returns FALSE
T4288 11768:225.708 JLINK_IsHalted()
T4288 11768:226.776 - 1.094ms returns FALSE
T4288 11768:426.926 JLINK_IsHalted()
T4288 11768:428.011 - 1.109ms returns FALSE
T4288 11768:628.669 JLINK_IsHalted()
T4288 11768:629.751 - 1.110ms returns FALSE
T4288 11768:830.384 JLINK_IsHalted()
T4288 11768:831.462 - 1.103ms returns FALSE
T4288 11769:031.658 JLINK_IsHalted()
T4288 11769:035.935 - 4.301ms returns TRUE
T4288 11769:035.972 JLINK_GetMOEs(...)
T4288 11769:035.985   CPU_ReadMem(4 bytes @ 0xE000ED30)
T4288 11769:036.674 - 0.726ms returns 0x01
T4288 11769:036.713 JLINK_ReadReg(R15 (PC))
T4288 11769:036.728 - 0.018ms returns 0x00401468
T2428 11769:044.964 JLINK_ReadReg(R15 (PC))
T2428 11769:045.003 - 0.044ms returns 0x00401468
T2428 11769:045.019 JLINK_ReadReg(R13 (SP))
T2428 11769:045.029 - 0.013ms returns 0x200030D0
T2428 11769:045.615 JLINK_ReadMemHW(0x00401468, 0x0004 Bytes, ...)
T2428 11769:045.650   CPU_ReadMem(4 bytes @ 0x00401468)
T2428 11769:046.265   Data:  4F F0 80 41
T2428 11769:046.286 - 0.675ms returns 0
T1FE8 11769:094.040 JLINK_ReadMem(0x40000000, 0x90 Bytes, ...)
T1FE8 11769:094.075   CPU_ReadMem(144 bytes @ 0x40000000)
T1FE8 11769:095.662   Data:  00 00 00 00 00 00 00 00 00 00 00 00 00 00 00 00 ...
T1FE8 11769:095.695 - 1.659ms returns 0
T1FE8 11769:097.636 JLINK_ReadMem(0x40000000, 0x90 Bytes, ...)
T1FE8 11769:097.670   CPU_ReadMem(144 bytes @ 0x40000000)
T1FE8 11769:099.252   Data:  00 00 00 00 00 00 00 00 00 00 00 00 00 00 00 00 ...
T1FE8 11769:099.270 - 1.638ms returns 0
T1FE8 11769:168.226 JLINK_ReadMem(0x40000090, 0x24 Bytes, ...)
T1FE8 11769:168.258   CPU_ReadMem(36 bytes @ 0x40000090)
T1FE8 11769:169.380   Data:  00 00 00 00 00 00 00 00 00 00 00 00 00 00 00 00 ...
T1FE8 11769:169.409 - 1.186ms returns 0
T1FE8 11769:174.698 JLINK_ReadMem(0x400000B4, 0x2D Bytes, ...)
T1FE8 11769:174.728   CPU_ReadMem(45 bytes @ 0x400000B4)
T1FE8 11769:175.874   Data:  00 00 00 00 00 00 00 00 00 00 00 00 00 00 00 00 ...
T1FE8 11769:175.902 - 1.208ms returns 0
T4288 11769:237.568 JLINK_IsHalted()
T4288 11769:237.605 - 0.041ms returns TRUE
T4288 11769:438.155 JLINK_IsHalted()
T4288 11769:438.188 - 0.036ms returns TRUE
T2428 11769:448.295 JLINK_ReadMemHW(0x004003E4, 0x0001 Bytes, ...)
T2428 11769:448.327   CPU_ReadMem(1 bytes @ 0x004003E4)
T2428 11769:448.876   Data:  01
T2428 11769:448.893 - 0.601ms returns 0
T4288 11769:638.247 JLINK_IsHalted()
T4288 11769:638.752 - 0.520ms returns TRUE
T4288 11769:839.435 JLINK_IsHalted()
T4288 11769:839.467 - 0.036ms returns TRUE
T4288 11770:041.962 JLINK_IsHalted()
T4288 11770:041.998 - 0.040ms returns TRUE
T4288 11770:243.326 JLINK_IsHalted()
T4288 11770:243.922 - 0.621ms returns TRUE
T4288 11770:443.710 JLINK_IsHalted()
T4288 11770:443.746 - 0.041ms returns TRUE
T4288 11770:644.490 JLINK_IsHalted()
T4288 11770:644.533 - 0.049ms returns TRUE
T4288 11770:845.380 JLINK_IsHalted()
T4288 11770:846.450 - 1.099ms returns TRUE
T4288 11771:046.908 JLINK_IsHalted()
T4288 11771:046.951 - 0.050ms returns TRUE
T4288 11771:247.197 JLINK_IsHalted()
T4288 11771:247.228 - 0.035ms returns TRUE
T4288 11771:449.062 JLINK_IsHalted()
T4288 11771:449.583 - 0.539ms returns TRUE
T4288 11771:650.893 JLINK_IsHalted()
T4288 11771:650.939 - 0.050ms returns TRUE
T2428 11771:812.510 JLINK_ReadMem(0x200005DC, 0x4 Bytes, ...)
T2428 11771:812.576   CPU_ReadMem(64 bytes @ 0x200005C0)
T2428 11771:813.859    -- Updating C cache (64 bytes @ 0x200005C0)
T2428 11771:813.896    -- Read from C cache (4 bytes @ 0x200005DC)
T2428 11771:813.909   Data:  0F 00 00 00
T2428 11771:813.920 - 1.414ms returns 0
T4288 11771:851.378 JLINK_IsHalted()
T4288 11771:851.417 - 0.044ms returns TRUE
T4288 11772:051.579 JLINK_IsHalted()
T4288 11772:052.506 - 0.952ms returns TRUE
T4288 11772:253.821 JLINK_IsHalted()
T4288 11772:253.859 - 0.043ms returns TRUE
T4288 11772:455.457 JLINK_IsHalted()
T4288 11772:455.493 - 0.040ms returns TRUE
T4288 11772:656.363 JLINK_IsHalted()
T4288 11772:657.427 - 1.089ms returns TRUE
T4288 11772:858.123 JLINK_IsHalted()
T4288 11772:858.159 - 0.040ms returns TRUE
T4288 11773:059.240 JLINK_IsHalted()
T4288 11773:059.280 - 0.044ms returns TRUE
T4288 11773:260.974 JLINK_IsHalted()
T4288 11773:261.913 - 0.971ms returns TRUE
T4288 11773:462.587 JLINK_IsHalted()
T4288 11773:462.630 - 0.048ms returns TRUE
T4288 11773:664.536 JLINK_IsHalted()
T4288 11773:664.565 - 0.033ms returns TRUE
T4288 11773:865.613 JLINK_IsHalted()
T4288 11773:866.122 - 0.530ms returns TRUE
T4288 11774:067.116 JLINK_IsHalted()
T4288 11774:067.155 - 0.043ms returns TRUE
T4288 11774:267.414 JLINK_IsHalted()
T4288 11774:267.448 - 0.038ms returns TRUE
T4288 11774:467.890 JLINK_IsHalted()
T4288 11774:468.954 - 1.092ms returns TRUE
T4288 11774:671.748 JLINK_IsHalted()
T4288 11774:671.784 - 0.040ms returns TRUE
T4288 11774:873.737 JLINK_IsHalted()
T4288 11774:873.775 - 0.042ms returns TRUE
T4288 11775:074.271 JLINK_IsHalted()
T4288 11775:074.828 - 0.574ms returns TRUE
T4288 11775:276.504 JLINK_IsHalted()
T4288 11775:276.541 - 0.041ms returns TRUE
T4288 11775:477.585 JLINK_IsHalted()
T4288 11775:477.626 - 0.047ms returns TRUE
T4288 11775:678.419 JLINK_IsHalted()
T4288 11775:678.945 - 0.549ms returns TRUE
T4288 11775:880.397 JLINK_IsHalted()
T4288 11775:880.437 - 0.045ms returns TRUE
T4288 11776:081.174 JLINK_IsHalted()
T4288 11776:081.209 - 0.039ms returns TRUE
T4288 11776:283.417 JLINK_IsHalted()
T4288 11776:284.423 - 1.032ms returns TRUE
T4288 11776:484.973 JLINK_IsHalted()
T4288 11776:485.009 - 0.040ms returns TRUE
T4288 11776:686.234 JLINK_IsHalted()
T4288 11776:686.270 - 0.040ms returns TRUE
T4288 11776:887.469 JLINK_IsHalted()
T4288 11776:888.514 - 1.070ms returns TRUE
T4288 11777:088.651 JLINK_IsHalted()
T4288 11777:088.688 - 0.040ms returns TRUE
T4288 11777:289.848 JLINK_IsHalted()
T4288 11777:289.885 - 0.040ms returns TRUE
T4288 11777:490.130 JLINK_IsHalted()
T4288 11777:490.715 - 0.613ms returns TRUE
T4288 11777:692.242 JLINK_IsHalted()
T4288 11777:692.277 - 0.040ms returns TRUE
T4288 11777:892.459 JLINK_IsHalted()
T4288 11777:892.496 - 0.041ms returns TRUE
T4288 11778:094.737 JLINK_IsHalted()
T4288 11778:095.256 - 0.547ms returns TRUE
T4288 11778:295.992 JLINK_IsHalted()
T4288 11778:296.023 - 0.035ms returns TRUE
T4288 11778:496.747 JLINK_IsHalted()
T4288 11778:496.785 - 0.042ms returns TRUE
T4288 11778:697.601 JLINK_IsHalted()
T4288 11778:698.170 - 0.582ms returns TRUE
T4288 11778:898.266 JLINK_IsHalted()
T4288 11778:898.302 - 0.040ms returns TRUE
T4288 11779:098.606 JLINK_IsHalted()
T4288 11779:098.641 - 0.039ms returns TRUE
T4288 11779:298.674 JLINK_IsHalted()
T4288 11779:299.156 - 0.511ms returns TRUE
T4288 11779:502.623 JLINK_IsHalted()
T4288 11779:502.674 - 0.064ms returns TRUE
T4288 11779:703.285 JLINK_IsHalted()
T4288 11779:703.326 - 0.046ms returns TRUE
T4288 11779:904.113 JLINK_IsHalted()
T4288 11779:905.075 - 0.987ms returns TRUE
T4288 11780:106.948 JLINK_IsHalted()
T4288 11780:106.983 - 0.040ms returns TRUE
T4288 11780:308.042 JLINK_IsHalted()
T4288 11780:308.064 - 0.026ms returns TRUE
T4288 11780:508.902 JLINK_IsHalted()
T4288 11780:509.842 - 0.966ms returns TRUE
T4288 11780:709.927 JLINK_IsHalted()
T4288 11780:709.967 - 0.044ms returns TRUE
T4288 11780:910.641 JLINK_IsHalted()
T4288 11780:910.685 - 0.048ms returns TRUE
T4288 11781:113.195 JLINK_IsHalted()
T4288 11781:114.210 - 1.041ms returns TRUE
T4288 11781:316.060 JLINK_IsHalted()
T4288 11781:316.094 - 0.039ms returns TRUE
T4288 11781:516.739 JLINK_IsHalted()
T4288 11781:516.775 - 0.040ms returns TRUE
T4288 11781:718.403 JLINK_IsHalted()
T4288 11781:719.464 - 1.085ms returns TRUE
T4288 11781:919.524 JLINK_IsHalted()
T4288 11781:919.560 - 0.040ms returns TRUE
T4288 11782:120.656 JLINK_IsHalted()
T4288 11782:120.692 - 0.041ms returns TRUE
T4288 11782:320.783 JLINK_IsHalted()
T4288 11782:321.776 - 1.019ms returns TRUE
T4288 11782:524.061 JLINK_IsHalted()
T4288 11782:524.098 - 0.041ms returns TRUE
T4288 11782:724.924 JLINK_IsHalted()
T4288 11782:724.960 - 0.040ms returns TRUE
T4288 11782:927.718 JLINK_IsHalted()
T4288 11782:928.794 - 1.101ms returns TRUE
T4288 11783:132.886 JLINK_IsHalted()
T4288 11783:132.922 - 0.040ms returns TRUE
T4288 11783:336.752 JLINK_IsHalted()
T4288 11783:336.787 - 0.039ms returns TRUE
T4288 11783:538.616 JLINK_IsHalted()
T4288 11783:539.631 - 1.041ms returns TRUE
T4288 11783:741.574 JLINK_IsHalted()
T4288 11783:741.610 - 0.040ms returns TRUE
T4288 11783:942.800 JLINK_IsHalted()
T4288 11783:942.840 - 0.043ms returns TRUE
T4288 11784:144.105 JLINK_IsHalted()
T4288 11784:144.623 - 0.535ms returns TRUE
T4288 11784:345.385 JLINK_IsHalted()
T4288 11784:345.422 - 0.040ms returns TRUE
T4288 11784:546.650 JLINK_IsHalted()
T4288 11784:546.687 - 0.041ms returns TRUE
T4288 11784:747.319 JLINK_IsHalted()
T4288 11784:748.344 - 1.051ms returns TRUE
T4288 11784:948.892 JLINK_IsHalted()
T4288 11784:948.945 - 0.059ms returns TRUE
T4288 11785:150.296 JLINK_IsHalted()
T4288 11785:150.334 - 0.041ms returns TRUE
T4288 11785:351.460 JLINK_IsHalted()
T4288 11785:352.521 - 1.085ms returns TRUE
T4288 11785:554.197 JLINK_IsHalted()
T4288 11785:554.236 - 0.044ms returns TRUE
T4288 11785:754.425 JLINK_IsHalted()
T4288 11785:754.454 - 0.032ms returns TRUE
T4288 11785:955.115 JLINK_IsHalted()
T4288 11785:955.673 - 0.577ms returns TRUE
T4288 11786:157.575 JLINK_IsHalted()
T4288 11786:157.612 - 0.042ms returns TRUE
T4288 11786:360.670 JLINK_IsHalted()
T4288 11786:360.713 - 0.049ms returns TRUE
T4288 11786:560.875 JLINK_IsHalted()
T4288 11786:561.371 - 0.505ms returns TRUE
T4288 11786:764.395 JLINK_IsHalted()
T4288 11786:764.428 - 0.036ms returns TRUE
T4288 11786:965.108 JLINK_IsHalted()
T4288 11786:965.142 - 0.039ms returns TRUE
T4288 11787:165.337 JLINK_IsHalted()
T4288 11787:165.834 - 0.515ms returns TRUE
T4288 11787:369.558 JLINK_IsHalted()
T4288 11787:369.593 - 0.039ms returns TRUE
T4288 11787:571.621 JLINK_IsHalted()
T4288 11787:571.663 - 0.049ms returns TRUE
T1FE8 11787:739.551 JLINK_GetBPInfo(BPHandle = 1)
T1FE8 11787:739.574 - 0.026ms returns 0x0
T1FE8 11787:739.586 JLINK_ClrBPEx(BPHandle = 0x00000001)
T1FE8 11787:740.086 - 0.517ms returns 0x00
T4288 11787:772.682 JLINK_IsHalted()
T4288 11787:772.717 - 0.039ms returns TRUE
T1FE8 11787:773.608 JLINK_ResetPullsRESET(ON)
T1FE8 11787:773.638 - 0.037ms
T1FE8 11787:773.655 JLINK_ResetNoHalt()
T1FE8 11787:775.571   TotalIRLen = 4, IRPrint = 0x01
T1FE8 11787:776.358   JTAG chain detection found 1 devices:
T1FE8 11787:776.399    #0 Id: 0x4BA00477, IRLen: 04, CoreSight JTAG-DP
T1FE8 11787:780.682   Old FW that does not support reading DPIDR via DAP jobs
T1FE8 11787:784.030   DPv0 detected
T1FE8 11787:784.059   AP map detection skipped. Manually configured AP map found.
T1FE8 11787:784.080   AP[0]: AHB-AP (IDR: Not set)
T1FE8 11787:789.119   AP[0]: Core found
T1FE8 11787:789.146   AP[0]: AHB-AP ROM base: 0xE00FF000
T1FE8 11787:791.445   CPUID register: 0x412FC230. Implementer code: 0x41 (ARM)
T1FE8 11787:791.471   Found Cortex-M3 r2p0, Little endian.
T1FE8 11787:791.642   -- Max. mem block: 0x00001F48
T1FE8 11787:791.663   CPU_ReadMem(4 bytes @ 0xE000EDF0)
T1FE8 11787:792.075   CPU_ReadMem(4 bytes @ 0xE0002000)
T1FE8 11787:792.598   FPUnit: 6 code (BP) slots and 2 literal slots
T1FE8 11787:792.622   CPU_ReadMem(4 bytes @ 0xE0001000)
T1FE8 11787:793.051   CPU_ReadMem(4 bytes @ 0xE000ED88)
T1FE8 11787:793.477   CPU_WriteMem(4 bytes @ 0xE000ED88)
T1FE8 11787:793.845   CPU_ReadMem(4 bytes @ 0xE000ED88)
T1FE8 11787:794.346   CPU_WriteMem(4 bytes @ 0xE000ED88)
T1FE8 11787:794.736   CoreSight components:
T1FE8 11787:794.759   ROMTbl[0] @ E00FF000
T1FE8 11787:794.773   CPU_ReadMem(64 bytes @ 0xE00FF000)
T1FE8 11787:795.619   CPU_ReadMem(32 bytes @ 0xE000EFE0)
T1FE8 11787:796.235   ROMTbl[0][0]: E000E000, CID: B105E00D, PID: 002BB000 SCS
T1FE8 11787:796.251   CPU_WriteMem(4 bytes @ 0xE0001000)
T1FE8 11787:796.595   CPU_ReadMem(32 bytes @ 0xE0001FE0)
T1FE8 11787:797.404   ROMTbl[0][1]: E0001000, CID: B105E00D, PID: 002BB002 DWT
T1FE8 11787:797.420   CPU_ReadMem(32 bytes @ 0xE0002FE0)
T1FE8 11787:798.035   ROMTbl[0][2]: E0002000, CID: B105E00D, PID: 002BB003 FPB
T1FE8 11787:798.052   CPU_ReadMem(32 bytes @ 0xE0000FE0)
T1FE8 11787:798.684   ROMTbl[0][3]: E0000000, CID: B105E00D, PID: 002BB001 ITM
T1FE8 11787:798.700   CPU_ReadMem(32 bytes @ 0xE0040FE0)
T1FE8 11787:799.359   ROMTbl[0][4]: E0040000, CID: B105900D, PID: 002BB923 TPIU-Lite
T1FE8 11787:799.383   JLINK_Reset()
T1FE8 11787:799.491     CPU_ReadMem(16 bytes @ 0x20000000)
T1FE8 11787:800.032     CPU_WriteMem(16 bytes @ 0x20000000)
T1FE8 11787:800.520     CPU_ReadMem(4 bytes @ 0xE000EDFC)
T1FE8 11787:800.922     CPU_WriteMem(4 bytes @ 0xE000EDFC)
T1FE8 11787:801.271     CPU_ReadMem(4 bytes @ 0xE0001000)
T1FE8 11788:014.204     AT91SAM3 / AT91SAM4 reset: Core did not halt after reset. Halting core...
T1FE8 11788:017.383     CPU_WriteMem(4 bytes @ 0xE000ED0C)
T1FE8 11788:017.729     CPU_ReadMem(4 bytes @ 0xE000EDF0)
T1FE8 11788:018.254     CPU_ReadMem(4 bytes @ 0xE000EDF0)
T1FE8 11788:018.755     CPU_WriteMem(4 bytes @ 0xE000EDFC)
T1FE8 11788:019.139     CPU_WriteMem(16 bytes @ 0x20000000)
T1FE8 11788:022.933     CPU_WriteMem(4 bytes @ 0xE0002000)
T1FE8 11788:023.502     CPU_ReadMem(4 bytes @ 0xE000EDFC)
T1FE8 11788:024.519     CPU_ReadMem(4 bytes @ 0xE0001000)
T1FE8 11788:025.531   - 226.174ms
T1FE8 11788:025.567   JLINK_Go()
T1FE8 11788:025.586     CPU_ReadMem(4 bytes @ 0xE0001000)
T1FE8 11788:026.625     CPU_WriteMem(4 bytes @ 0xE0002008)
T1FE8 11788:026.663     CPU_WriteMem(4 bytes @ 0xE000200C)
T1FE8 11788:026.674     CPU_WriteMem(4 bytes @ 0xE0002010)
T1FE8 11788:026.685     CPU_WriteMem(4 bytes @ 0xE0002014)
T1FE8 11788:026.696     CPU_WriteMem(4 bytes @ 0xE0002018)
T1FE8 11788:026.707     CPU_WriteMem(4 bytes @ 0xE000201C)
T1FE8 11788:029.448     CPU_WriteMem(4 bytes @ 0xE0001004)
T1FE8 11788:030.521   - 4.974ms
T1FE8 11788:030.548 - 256.896ms
T1FE8 11788:036.578 JLINK_Close()
T1FE8 11788:036.951   CPU is running
T1FE8 11788:036.976   CPU_WriteMem(4 bytes @ 0xE0002008)
T1FE8 11788:037.365   CPU is running
T1FE8 11788:037.383   CPU_WriteMem(4 bytes @ 0xE000200C)
T1FE8 11788:037.851   CPU is running
T1FE8 11788:037.869   CPU_WriteMem(4 bytes @ 0xE0002010)
T1FE8 11788:038.291   CPU is running
T1FE8 11788:038.309   CPU_WriteMem(4 bytes @ 0xE0002014)
T1FE8 11788:038.749   CPU is running
T1FE8 11788:038.770   CPU_WriteMem(4 bytes @ 0xE0002018)
T1FE8 11788:039.223   CPU is running
T1FE8 11788:039.242   CPU_WriteMem(4 bytes @ 0xE000201C)
T1FE8 11788:054.212 - 17.662ms
T1FE8 11788:054.247   
T1FE8 11788:054.257   Closed
