T0990 28559:768.445   SEGGER J-Link V7.52a Log File
T0990 28559:768.575   DLL Compiled: Jul 28 2021 11:08:12
T0990 28559:768.598   Logging started @ 2025-09-17 21:21
T0990 28559:768.622 - 3055.095ms
T0990 28559:784.975 JLINK_ExecCommand("Device = AT91SAM3S1B", ...). 
T0990 28559:785.119   Device "ATSAM3S1B" selected.
T0990 28559:785.514 - 0.504ms returns 0x00
T0990 28559:804.021 JLINK_TIF_Select(JLINKARM_TIF_JTAG)
T0990 28559:805.213 - 1.217ms returns 0x00
T0990 28559:805.255 JLINK_ConfigJTAG(IRPre = 0, DRPre = 0)
T0990 28559:805.303 - 0.060ms
T0990 28559:805.328 JLINK_SetSpeed(4000)
T0990 28559:805.473 - 0.167ms
T0990 28559:805.511 JLINK_ResetPullsRESET(OFF)
T0990 28559:805.531 - 0.029ms
T0990 28559:805.552 JLINK_Connect()
T0990 28559:807.074   TotalIRLen = 4, IRPrint = 0x01
T0990 28559:807.640   JTAG chain detection found 1 devices:
T0990 28559:807.671    #0 Id: 0x4BA00477, IRLen: 04, CoreSight JTAG-DP
T0990 28559:812.025   Old FW that does not support reading DPIDR via DAP jobs
T0990 28559:815.443   DPv0 detected
T0990 28559:815.472   Scanning AP map to find all available APs
T0990 28559:818.286   AP[1]: Stopped AP scan as end of AP map has been reached
T0990 28559:818.318   AP[0]: AHB-AP (IDR: 0x24770011)
T0990 28559:818.339   Iterating through AP map to find AHB-AP to use
T0990 28559:823.303   AP[0]: Core found
T0990 28559:823.331   AP[0]: AHB-AP ROM base: 0xE00FF000
T0990 28559:825.592   CPUID register: 0x412FC230. Implementer code: 0x41 (ARM)
T0990 28559:825.617   Found Cortex-M3 r2p0, Little endian.
T0990 28559:825.951   -- Max. mem block: 0x000023B8
T0990 28559:826.045   CPU_ReadMem(4 bytes @ 0xE000EDF0)
T0990 28559:829.760   CPU_WriteMem(4 bytes @ 0xE000EDF0)
T0990 28559:830.250   CPU_ReadMem(4 bytes @ 0xE0002000)
T0990 28559:830.816   FPUnit: 6 code (BP) slots and 2 literal slots
T0990 28559:830.834   CPU_ReadMem(4 bytes @ 0xE000EDFC)
T0990 28559:831.335   CPU_WriteMem(4 bytes @ 0xE000EDFC)
T0990 28559:831.982   CPU_ReadMem(4 bytes @ 0xE0001000)
T0990 28559:832.653   CPU_WriteMem(4 bytes @ 0xE0001000)
T0990 28559:833.160   CPU_ReadMem(4 bytes @ 0xE000ED88)
T0990 28559:833.696   CPU_WriteMem(4 bytes @ 0xE000ED88)
T0990 28559:834.204   CPU_ReadMem(4 bytes @ 0xE000ED88)
T0990 28559:834.846   CPU_WriteMem(4 bytes @ 0xE000ED88)
T0990 28559:835.872   CoreSight components:
T0990 28559:835.909   ROMTbl[0] @ E00FF000
T0990 28559:835.927   CPU_ReadMem(64 bytes @ 0xE00FF000)
T0990 28559:837.134   CPU_ReadMem(32 bytes @ 0xE000EFE0)
T0990 28559:838.303   ROMTbl[0][0]: E000E000, CID: B105E00D, PID: 002BB000 SCS
T0990 28559:838.333   CPU_ReadMem(32 bytes @ 0xE0001FE0)
T0990 28559:839.588   ROMTbl[0][1]: E0001000, CID: B105E00D, PID: 002BB002 DWT
T0990 28559:839.618   CPU_ReadMem(32 bytes @ 0xE0002FE0)
T0990 28559:840.905   ROMTbl[0][2]: E0002000, CID: B105E00D, PID: 002BB003 FPB
T0990 28559:840.935   CPU_ReadMem(32 bytes @ 0xE0000FE0)
T0990 28559:842.232   ROMTbl[0][3]: E0000000, CID: B105E00D, PID: 002BB001 ITM
T0990 28559:842.262   CPU_ReadMem(32 bytes @ 0xE0040FE0)
T0990 28559:843.521   ROMTbl[0][4]: E0040000, CID: B105900D, PID: 002BB923 TPIU-Lite
T0990 28559:843.554 - 38.005ms returns 0x00
T0990 28559:843.596 JLINK_Halt()
T0990 28559:847.471 - 3.902ms returns 0x00
T0990 28559:847.736 JLINK_BeginDownload(Flags = 0x00000000)
T0990 28559:847.760 - 0.029ms
T0990 28559:847.802 JLINK_WriteMem(0x400E0A04, 0x4 Bytes, ...)
T0990 28559:847.816   Data:  0B 01 00 5A
T0990 28559:848.615   CPU_WriteMem(4 bytes @ 0x400E0A04)
T0990 28559:849.151 - 1.362ms returns 0x4
T0990 28559:849.235 JLINK_EndDownload()
T0990 28559:849.247 - 0.016ms returns 0 (0x0)
T0990 28559:849.257 JLINK_ReadMemHW(0x400E0A08, 0x0004 Bytes, ...)
T0990 28559:849.269   CPU_ReadMem(4 bytes @ 0x400E0A08)
T0990 28559:849.726   Data:  00 00 00 00
T0990 28559:849.776 - 0.524ms returns 0
T0990 28559:851.261 JLINK_ReadMemHW(0x400E0A08, 0x0004 Bytes, ...)
T0990 28559:851.288   CPU_ReadMem(4 bytes @ 0x400E0A08)
T0990 28559:851.843   Data:  01 00 00 00
T0990 28559:851.861 - 0.603ms returns 0
T0990 28559:851.913 JLINK_SetResetType(JLINKARM_CM3_RESET_TYPE_NORMAL)
T0990 28559:851.974 - 0.065ms returns JLINKARM_CM3_RESET_TYPE_NORMAL
T0990 28559:851.985 JLINK_Reset()
T0990 28559:852.435   CPU_ReadMem(16 bytes @ 0x20000000)
T0990 28559:853.260   CPU_WriteMem(16 bytes @ 0x20000000)
T0990 28559:854.004   CPU_ReadMem(4 bytes @ 0xE000EDFC)
T0990 28559:854.729   CPU_WriteMem(4 bytes @ 0xE000EDFC)
T0990 28559:855.366   CPU_ReadMem(4 bytes @ 0xE0001000)
T0990 28559:872.180   CPU_WriteMem(4 bytes @ 0xE000ED0C)
T0990 28559:873.242   CPU_ReadMem(4 bytes @ 0xE000EDF0)
T0990 28559:874.293   CPU_ReadMem(4 bytes @ 0xE000EDF0)
T0990 28559:875.306   CPU_WriteMem(4 bytes @ 0xE000EDFC)
T0990 28559:876.300   CPU_WriteMem(16 bytes @ 0x20000000)
T0990 28559:880.976   CPU_WriteMem(4 bytes @ 0xE0002000)
T0990 28559:882.023   CPU_ReadMem(4 bytes @ 0xE000EDFC)
T0990 28559:883.007   CPU_ReadMem(4 bytes @ 0xE0001000)
T0990 28559:884.061 - 32.101ms
T0990 28559:885.495 JLINK_JTAG_GetDeviceID(DeviceIndex = 0)
T0990 28559:885.514 - 0.023ms returns 1268778103
T0990 28559:885.526 JLINK_ReadMemU32(0x400E0740, 0x1 Items)
T0990 28559:885.546   CPU_ReadMem(4 bytes @ 0x400E0740)
T0990 28559:886.096   Data:  61 05 99 28
T0990 28559:886.113 - 0.590ms returns 1 (0x1)
T0990 28559:886.149 JLINK_ReadMemU32(0x400E0744, 0x1 Items)
T0990 28559:886.162   CPU_ReadMem(4 bytes @ 0x400E0744)
T0990 28559:886.708   Data:  00 00 00 00
T0990 28559:886.725 - 0.580ms returns 1 (0x1)
T0990 28559:886.792 JLINK_BeginDownload(Flags = 0x00000000)
T0990 28559:886.802 - 0.013ms
T0990 28559:886.822 JLINK_WriteMem(0x400E0A04, 0x4 Bytes, ...)
T0990 28559:886.831   Data:  05 00 00 5A
T0990 28559:886.848   CPU_WriteMem(4 bytes @ 0x400E0A04)
T0990 28559:887.289 - 0.476ms returns 0x4
T0990 28559:887.333 JLINK_EndDownload()
T0990 28559:887.344 - 0.015ms returns 0 (0x0)
T0990 28559:887.354 JLINK_ReadMemHW(0x400E0A08, 0x0004 Bytes, ...)
T0990 28559:887.364   CPU_ReadMem(4 bytes @ 0x400E0A08)
T0990 28559:887.830   Data:  00 00 00 00
T0990 28559:887.847 - 0.497ms returns 0
T0990 28559:888.632 JLINK_ReadMemHW(0x400E0A08, 0x0004 Bytes, ...)
T0990 28559:888.652   CPU_ReadMem(4 bytes @ 0x400E0A08)
T0990 28559:889.201   Data:  00 00 00 00
T0990 28559:889.218 - 0.589ms returns 0
T0990 28559:894.041 JLINK_ReadMemHW(0x400E0A08, 0x0004 Bytes, ...)
T0990 28559:894.079   CPU_ReadMem(4 bytes @ 0x400E0A08)
T0990 28559:894.721   Data:  00 00 00 00
T0990 28559:894.752 - 0.716ms returns 0
T0E7C 28559:894.825 JLINK_IsHalted()
T0E7C 28559:894.845 - 0.024ms returns TRUE
T0E7C 28559:894.858 JLINK_GetMOEs(...)
T0E7C 28559:894.869   CPU_ReadMem(4 bytes @ 0xE000ED30)
T0E7C 28559:895.512 - 0.676ms returns 0x01
T0E7C 28559:895.548 JLINK_ReadReg(R15 (PC))
T0E7C 28559:895.562 - 0.018ms returns 0xFFFFFFFE
T0990 28559:910.985 JLINK_ReadMemHW(0x400E0A08, 0x0004 Bytes, ...)
T0990 28559:911.029   CPU_ReadMem(4 bytes @ 0x400E0A08)
T0990 28559:912.046   Data:  01 00 00 00
T0990 28559:912.080 - 1.098ms returns 0
T0E7C 28560:097.264 JLINK_IsHalted()
T0E7C 28560:097.302 - 0.042ms returns TRUE
T0990 28560:098.083 JLINK_ResetPullsRESET(ON)
T0990 28560:098.110 - 0.033ms
T0990 28560:098.126 JLINK_ResetNoHalt()
T0990 28560:100.052   TotalIRLen = 4, IRPrint = 0x01
T0990 28560:100.864   JTAG chain detection found 1 devices:
T0990 28560:100.902    #0 Id: 0x4BA00477, IRLen: 04, CoreSight JTAG-DP
T0990 28560:105.671   Old FW that does not support reading DPIDR via DAP jobs
T0990 28560:109.379   DPv0 detected
T0990 28560:109.408   AP map detection skipped. Manually configured AP map found.
T0990 28560:109.429   AP[0]: AHB-AP (IDR: Not set)
T0990 28560:114.204   AP[0]: Core found
T0990 28560:114.228   AP[0]: AHB-AP ROM base: 0xE00FF000
T0990 28560:116.569   CPUID register: 0x412FC230. Implementer code: 0x41 (ARM)
T0990 28560:116.595   Found Cortex-M3 r2p0, Little endian.
T0990 28560:116.798   -- Max. mem block: 0x00001F48
T0990 28560:116.819   CPU_ReadMem(4 bytes @ 0xE000EDF0)
T0990 28560:117.296   CPU_ReadMem(4 bytes @ 0xE0002000)
T0990 28560:117.825   FPUnit: 6 code (BP) slots and 2 literal slots
T0990 28560:117.899   CPU_ReadMem(4 bytes @ 0xE000EDFC)
T0990 28560:118.314   CPU_ReadMem(4 bytes @ 0xE0001000)
T0990 28560:118.830   CPU_ReadMem(4 bytes @ 0xE000ED88)
T0990 28560:119.357   CPU_WriteMem(4 bytes @ 0xE000ED88)
T0990 28560:119.734   CPU_ReadMem(4 bytes @ 0xE000ED88)
T0990 28560:120.261   CPU_WriteMem(4 bytes @ 0xE000ED88)
T0990 28560:120.661   CoreSight components:
T0990 28560:120.684   ROMTbl[0] @ E00FF000
T0990 28560:120.697   CPU_ReadMem(64 bytes @ 0xE00FF000)
T0990 28560:122.034   CPU_ReadMem(32 bytes @ 0xE000EFE0)
T0990 28560:122.750   ROMTbl[0][0]: E000E000, CID: B105E00D, PID: 002BB000 SCS
T0990 28560:122.766   CPU_WriteMem(4 bytes @ 0xE0001000)
T0990 28560:123.162   CPU_ReadMem(32 bytes @ 0xE0001FE0)
T0990 28560:124.000   ROMTbl[0][1]: E0001000, CID: B105E00D, PID: 002BB002 DWT
T0990 28560:124.016   CPU_ReadMem(32 bytes @ 0xE0002FE0)
T0990 28560:124.670   ROMTbl[0][2]: E0002000, CID: B105E00D, PID: 002BB003 FPB
T0990 28560:124.686   CPU_ReadMem(32 bytes @ 0xE0000FE0)
T0990 28560:125.319   ROMTbl[0][3]: E0000000, CID: B105E00D, PID: 002BB001 ITM
T0990 28560:125.335   CPU_ReadMem(32 bytes @ 0xE0040FE0)
T0990 28560:126.033   ROMTbl[0][4]: E0040000, CID: B105900D, PID: 002BB923 TPIU-Lite
T0990 28560:126.056   JLINK_Reset()
T0990 28560:126.153     CPU_ReadMem(16 bytes @ 0x20000000)
T0990 28560:126.732     CPU_WriteMem(16 bytes @ 0x20000000)
T0990 28560:127.322     CPU_ReadMem(4 bytes @ 0xE000EDFC)
T0990 28560:127.802     CPU_WriteMem(4 bytes @ 0xE000EDFC)
T0990 28560:128.309     CPU_ReadMem(4 bytes @ 0xE0001000)
T0990 28560:128.831     CPU_WriteMem(4 bytes @ 0xE0001004)
T0990 28560:145.078     CPU_WriteMem(4 bytes @ 0xE000ED0C)
T0990 28560:146.150     CPU_ReadMem(4 bytes @ 0xE000EDF0)
T0990 28560:147.219     CPU_ReadMem(4 bytes @ 0xE000EDF0)
T0990 28560:148.300     CPU_WriteMem(4 bytes @ 0xE000EDFC)
T0990 28560:148.804     CPU_WriteMem(16 bytes @ 0x20000000)
T0990 28560:153.061     CPU_WriteMem(4 bytes @ 0xE0002000)
T0990 28560:153.735     CPU_ReadMem(4 bytes @ 0xE000EDFC)
T0990 28560:154.534     CPU_ReadMem(4 bytes @ 0xE0001000)
T0990 28560:155.273   - 29.230ms
T0990 28560:155.296   JLINK_Go()
T0990 28560:155.310     CPU_ReadMem(4 bytes @ 0xE0001000)
T0990 28560:155.873     CPU_WriteMem(4 bytes @ 0xE0001004)
T0990 28560:156.883   - 1.601ms
T0990 28560:156.903 - 58.780ms
T0990 28560:157.201 JLINK_TIF_Select(JLINKARM_TIF_JTAG)
T0990 28560:157.220 - 0.023ms returns 0x00
T0990 28560:157.232 JLINK_ConfigJTAG(IRPre = 0, DRPre = 0)
T0990 28560:157.239 - 0.010ms
T0990 28560:157.248 JLINK_SetSpeed(4000)
T0990 28560:157.392 - 0.158ms
T0990 28560:157.417 JLINK_ResetPullsRESET(OFF)
T0990 28560:157.425 - 0.011ms
T0990 28560:157.435 JLINK_Connect()
T0990 28560:158.868   TotalIRLen = 4, IRPrint = 0x01
T0990 28560:159.500   JTAG chain detection found 1 devices:
T0990 28560:159.527    #0 Id: 0x4BA00477, IRLen: 04, CoreSight JTAG-DP
T0990 28560:163.915   Old FW that does not support reading DPIDR via DAP jobs
T0990 28560:167.565   DPv0 detected
T0990 28560:167.593   AP map detection skipped. Manually configured AP map found.
T0990 28560:167.613   AP[0]: AHB-AP (IDR: Not set)
T0990 28560:172.662   AP[0]: Core found
T0990 28560:172.686   AP[0]: AHB-AP ROM base: 0xE00FF000
T0990 28560:175.037   CPUID register: 0x412FC230. Implementer code: 0x41 (ARM)
T0990 28560:175.060   Found Cortex-M3 r2p0, Little endian.
T0990 28560:175.289   -- Max. mem block: 0x00001F48
T0990 28560:175.308   CPU_ReadMem(4 bytes @ 0xE000EDF0)
T0990 28560:175.760   CPU_ReadMem(4 bytes @ 0xE0002000)
T0990 28560:176.439   FPUnit: 6 code (BP) slots and 2 literal slots
T0990 28560:176.455   CPU_ReadMem(4 bytes @ 0xE000EDFC)
T0990 28560:176.927   CPU_ReadMem(4 bytes @ 0xE0001000)
T0990 28560:177.407   CPU_WriteMem(4 bytes @ 0xE0001000)
T0990 28560:177.794   CPU_ReadMem(4 bytes @ 0xE000ED88)
T0990 28560:178.398   CPU_WriteMem(4 bytes @ 0xE000ED88)
T0990 28560:178.778   CPU_ReadMem(4 bytes @ 0xE000ED88)
T0990 28560:179.417   CPU_WriteMem(4 bytes @ 0xE000ED88)
T0990 28560:179.816   CoreSight components:
T0990 28560:179.847   ROMTbl[0] @ E00FF000
T0990 28560:179.860   CPU_ReadMem(64 bytes @ 0xE00FF000)
T0990 28560:181.224   CPU_ReadMem(32 bytes @ 0xE000EFE0)
T0990 28560:182.093   ROMTbl[0][0]: E000E000, CID: B105E00D, PID: 002BB000 SCS
T0990 28560:182.109   CPU_ReadMem(32 bytes @ 0xE0001FE0)
T0990 28560:182.848   ROMTbl[0][1]: E0001000, CID: B105E00D, PID: 002BB002 DWT
T0990 28560:182.864   CPU_ReadMem(32 bytes @ 0xE0002FE0)
T0990 28560:183.567   ROMTbl[0][2]: E0002000, CID: B105E00D, PID: 002BB003 FPB
T0990 28560:183.583   CPU_ReadMem(32 bytes @ 0xE0000FE0)
T0990 28560:184.354   ROMTbl[0][3]: E0000000, CID: B105E00D, PID: 002BB001 ITM
T0990 28560:184.370   CPU_ReadMem(32 bytes @ 0xE0040FE0)
T0990 28560:185.106   ROMTbl[0][4]: E0040000, CID: B105900D, PID: 002BB923 TPIU-Lite
T0990 28560:185.126 - 27.695ms returns 0x00
T0990 28560:185.241 JLINK_Halt()
T0990 28560:188.589 - 3.356ms returns 0x00
T0990 28560:188.715 JLINK_BeginDownload(Flags = 0x00000000)
T0990 28560:188.725 - 0.014ms
T0990 28560:188.748 JLINK_WriteMem(0x400E0A04, 0x4 Bytes, ...)
T0990 28560:188.757   Data:  0B 01 00 5A
T0990 28560:188.832   CPU_WriteMem(4 bytes @ 0x400E0A04)
T0990 28560:189.302 - 0.561ms returns 0x4
T0990 28560:189.341 JLINK_EndDownload()
T0990 28560:189.351 - 0.014ms returns 0 (0x0)
T0990 28560:189.361 JLINK_ReadMemHW(0x400E0A08, 0x0004 Bytes, ...)
T0990 28560:189.371   CPU_ReadMem(4 bytes @ 0x400E0A08)
T0990 28560:189.827   Data:  01 00 00 00
T0990 28560:189.844 - 0.487ms returns 0
T0990 28560:189.883 JLINK_SetResetType(JLINKARM_CM3_RESET_TYPE_NORMAL)
T0990 28560:189.892 - 0.012ms returns JLINKARM_CM3_RESET_TYPE_NORMAL
T0990 28560:189.902 JLINK_Reset()
T0990 28560:189.915   CPU_ReadMem(16 bytes @ 0x20000000)
T0990 28560:190.465   CPU_WriteMem(16 bytes @ 0x20000000)
T0990 28560:191.017   CPU_ReadMem(4 bytes @ 0xE000EDFC)
T0990 28560:191.530   CPU_WriteMem(4 bytes @ 0xE000EDFC)
T0990 28560:192.003   CPU_ReadMem(4 bytes @ 0xE0001000)
T0990 28560:208.536   CPU_WriteMem(4 bytes @ 0xE000ED0C)
T0990 28560:209.133   CPU_ReadMem(4 bytes @ 0xE000EDF0)
T0990 28560:210.197   CPU_ReadMem(4 bytes @ 0xE000EDF0)
T0990 28560:211.229   CPU_WriteMem(4 bytes @ 0xE000EDFC)
T0990 28560:212.155   CPU_WriteMem(16 bytes @ 0x20000000)
T0990 28560:216.853   CPU_WriteMem(4 bytes @ 0xE0002000)
T0990 28560:217.392   CPU_ReadMem(4 bytes @ 0xE000EDFC)
T0990 28560:218.323   CPU_ReadMem(4 bytes @ 0xE0001000)
T0990 28560:219.306 - 29.427ms
T0990 28560:220.594 JLINK_JTAG_GetDeviceID(DeviceIndex = 0)
T0990 28560:220.611 - 0.020ms returns 1268778103
T0990 28560:220.622 JLINK_ReadMemU32(0x400E0740, 0x1 Items)
T0990 28560:220.641   CPU_ReadMem(4 bytes @ 0x400E0740)
T0990 28560:221.126   Data:  61 05 99 28
T0990 28560:221.143 - 0.525ms returns 1 (0x1)
T0990 28560:221.180 JLINK_ReadMemU32(0x400E0744, 0x1 Items)
T0990 28560:221.193   CPU_ReadMem(4 bytes @ 0x400E0744)
T0990 28560:221.704   Data:  00 00 00 00
T0990 28560:221.721 - 0.545ms returns 1 (0x1)
T0D6C 28560:230.008 JLINK_IsHalted()
T0D6C 28560:230.032 - 0.028ms returns TRUE
T0D6C 28560:230.044 JLINK_GetMOEs(...)
T0D6C 28560:230.058   CPU_ReadMem(4 bytes @ 0xE000ED30)
T0D6C 28560:230.690 - 0.656ms returns 0x01
T0D6C 28560:230.711 JLINK_ReadReg(R15 (PC))
T0D6C 28560:230.723 - 0.016ms returns 0xFFFFFFFE
T0990 28560:232.404 JLINK_BeginDownload(Flags = 0x00000000)
T0990 28560:232.419 - 0.019ms
T0990 28560:232.440 JLINK_WriteMem(0x00400000, 0x1974 Bytes, ...)
T0990 28560:232.449   Data:  20 31 00 20 5D 08 40 00 59 08 40 00 59 08 40 00 ...
T0990 28560:232.805   completely In flash
T0990 28560:232.851    -- Read from flash cache (6516 bytes @ 0x00400000)
T0990 28560:232.875 - 0.442ms returns 0x1974
T0990 28560:233.119 JLINK_WriteMem(0x00401974, 0x52C Bytes, ...)
T0990 28560:233.132   Data:  4F F4 40 72 1F 4B 1A 60 A3 F5 C0 63 1B 6A 13 F0 ...
T0990 28560:233.147   completely In flash
T0990 28560:233.160    -- Read from flash cache (1324 bytes @ 0x00401974)
T0990 28560:233.171 - 0.055ms returns 0x52C
T0D6C 28560:433.302 JLINK_IsHalted()
T0D6C 28560:433.415 - 0.124ms returns TRUE
T0990 28560:434.364 JLINK_EndDownload()
T0990 28560:434.738   Old firmware which does not support pausing periodic actions during flash download
T0990 28560:434.763   CPU_ReadMem(4 bytes @ 0xE000ED90)
T0990 28560:435.376   CPU_ReadMem(4 bytes @ 0xE000ED94)
T0990 28560:436.296    -- --------------------------------------
T0990 28560:436.327   Flash bank @ 0x00400000: Default: L2 verify disabled because algorithm performs L1 verify
T0990 28560:436.338    -- Start of determining dirty areas in flash cache
T0990 28560:436.374    -- End of determining dirty areas
T0990 28560:436.385    -- Start of preparing flash programming
T0990 28560:436.396    -- Calculating RAM usage
T0990 28560:436.410    -- RAM usage = 2692 Bytes
T0990 28560:436.421    -- Preserving CPU registers
T0990 28560:436.448    -- Preparing memory
T0990 28560:436.459    -- Preparing target
T0990 28560:439.520    -- Preserving target RAM temporarily used for programming
T0990 28560:456.165    -- Downloading RAMCode
T0990 28560:477.389    -- Preparing RAMCode
T0990 28560:486.709    -- Checking target RAM
T0990 28560:490.548    -- End of preparing flash programming
T0990 28560:490.769   Looking for J-Link GUI Server exe at: C:\Program Files (x86)\Atmel\Studio\7.0\atbackend\JLinkGUIServer.exe
T0990 28560:490.884   Looking for J-Link GUI Server exe at: \JLinkGUIServer.exe
T0990 28560:792.213   Failed to connect to J-Link GUI Server.
T0990 28560:799.612    -- CPU speed could not be measured.
T0990 28560:799.658    -- Start of comparing flash
T0990 28560:799.678    -- CRC check was estimated as fastest method
T0990 28560:799.699    -- Comparing range 0x400000 - 0x401EFF (31 Sectors, 7 KiB), using multi-block CRC calculation
T0990 28560:816.058    -- CRC does not match for sectors 0-30
T0990 28560:816.136    -- End of comparing flash
T0990 28560:816.158    -- Start of erasing sectors
T0990 28560:816.176    -- End of erasing sectors
T0990 28560:816.195    -- Start of flash programming
T0990 28560:816.217    -- Programming range 0x00400000 - 0x00401EFF ( 31 Sectors, 7 KB)
T0990 28560:911.928    -- End of flash programming
T0990 28560:911.958    -- 0x400000 - 0x401EFF ( 31 Sectors, 7 KoB)
T0990 28560:911.970    -- Start of restoring
T0990 28560:911.981    -- Restoring RAMCode
T0990 28560:925.120    -- Restoring target memory
T0990 28560:948.327    -- Restore target
T0990 28560:948.369    -- Restore memory
T0990 28560:948.379    -- Restoring CPU registers
T0990 28560:948.407    -- End of restoring
T0990 28560:948.473    -- Bank 0 @ 0x00400000: 1 range affected (7936 bytes)
T0990 28560:948.501    -- Total: 0.512s (Prepare: 0.363s, Compare: 0.016s, Erase: 0.000s, Program & Verify: 0.103s, Restore: 0.028s)
T0990 28560:948.522    -- Program & Verify speed: 75 KiB/s
T0990 28560:952.510 - 518.170ms returns 7936 (0x1F00)
T0990 28560:953.038 JLINK_ResetPullsRESET(ON)
T0990 28560:953.055 - 0.020ms
T0990 28560:953.065 JLINK_ResetNoHalt()
T0990 28560:954.449   TotalIRLen = 4, IRPrint = 0x01
T0990 28560:955.074   JTAG chain detection found 1 devices:
T0990 28560:955.101    #0 Id: 0x4BA00477, IRLen: 04, CoreSight JTAG-DP
T0990 28560:958.621   Old FW that does not support reading DPIDR via DAP jobs
T0990 28560:961.722   DPv0 detected
T0990 28560:961.749   AP map detection skipped. Manually configured AP map found.
T0990 28560:961.771   AP[0]: AHB-AP (IDR: Not set)
T0990 28560:965.865   AP[0]: Core found
T0990 28560:965.893   AP[0]: AHB-AP ROM base: 0xE00FF000
T0990 28560:968.024   CPUID register: 0x412FC230. Implementer code: 0x41 (ARM)
T0990 28560:968.074   Found Cortex-M3 r2p0, Little endian.
T0990 28560:968.314   -- Max. mem block: 0x00001F48
T0990 28560:968.380   CPU_ReadMem(4 bytes @ 0xE000EDF0)
T0990 28560:968.947   CPU_ReadMem(4 bytes @ 0xE0002000)
T0990 28560:969.467   FPUnit: 6 code (BP) slots and 2 literal slots
T0990 28560:969.485   CPU_ReadMem(4 bytes @ 0xE000EDFC)
T0990 28560:969.902   CPU_ReadMem(4 bytes @ 0xE0001000)
T0990 28560:970.415   CPU_ReadMem(4 bytes @ 0xE000ED88)
T0990 28560:970.930   CPU_WriteMem(4 bytes @ 0xE000ED88)
T0990 28560:971.825   CPU_ReadMem(4 bytes @ 0xE000ED88)
T0990 28560:972.337   CPU_WriteMem(4 bytes @ 0xE000ED88)
T0990 28560:972.701   CoreSight components:
T0990 28560:972.725   ROMTbl[0] @ E00FF000
T0990 28560:972.738   CPU_ReadMem(64 bytes @ 0xE00FF000)
T0990 28560:973.845   CPU_ReadMem(32 bytes @ 0xE000EFE0)
T0990 28560:974.740   ROMTbl[0][0]: E000E000, CID: B105E00D, PID: 002BB000 SCS
T0990 28560:974.758   CPU_WriteMem(4 bytes @ 0xE0001000)
T0990 28560:975.163   CPU_ReadMem(32 bytes @ 0xE0001FE0)
T0990 28560:976.058   ROMTbl[0][1]: E0001000, CID: B105E00D, PID: 002BB002 DWT
T0990 28560:976.077   CPU_ReadMem(32 bytes @ 0xE0002FE0)
T0990 28560:976.735   ROMTbl[0][2]: E0002000, CID: B105E00D, PID: 002BB003 FPB
T0990 28560:976.753   CPU_ReadMem(32 bytes @ 0xE0000FE0)
T0990 28560:977.420   ROMTbl[0][3]: E0000000, CID: B105E00D, PID: 002BB001 ITM
T0990 28560:977.438   CPU_ReadMem(32 bytes @ 0xE0040FE0)
T0990 28560:978.083   ROMTbl[0][4]: E0040000, CID: B105900D, PID: 002BB923 TPIU-Lite
T0990 28560:978.107   JLINK_Reset()
T0990 28560:978.556     CPU_ReadMem(16 bytes @ 0x20000000)
T0990 28560:979.143     CPU_WriteMem(16 bytes @ 0x20000000)
T0990 28560:979.717     CPU_ReadMem(4 bytes @ 0xE000EDFC)
T0990 28560:980.355     CPU_WriteMem(4 bytes @ 0xE000EDFC)
T0990 28560:980.793     CPU_ReadMem(4 bytes @ 0xE0001000)
T0990 28560:997.988     CPU_WriteMem(4 bytes @ 0xE000ED0C)
T0990 28560:999.033     CPU_ReadMem(4 bytes @ 0xE000EDF0)
T0990 28560:999.641     CPU_ReadMem(4 bytes @ 0xE000EDF0)
T0990 28561:000.255     CPU_WriteMem(4 bytes @ 0xE000EDFC)
T0990 28561:000.772     CPU_WriteMem(16 bytes @ 0x20000000)
T0990 28561:004.865     CPU_WriteMem(4 bytes @ 0xE0002000)
T0990 28561:005.530     CPU_ReadMem(4 bytes @ 0xE000EDFC)
T0990 28561:006.281     CPU_ReadMem(4 bytes @ 0xE0001000)
T0990 28561:006.921   - 28.823ms
T0990 28561:006.939   JLINK_Go()
T0990 28561:006.951     CPU_ReadMem(4 bytes @ 0xE0001000)
T0990 28561:007.673     CPU_WriteMem(4 bytes @ 0xE0001004)
T0990 28561:008.598   - 1.668ms
T0990 28561:008.613 - 55.551ms
T0990 28561:022.966 JLINK_Close()
T0990 28561:041.603 - 18.654ms
T0990 28561:041.625   
T0990 28561:041.632   Closed
